update-pip-graph	Run Dependabot	∩╗┐2026-05-31T14:51:48.0301964Z ##[group]Run github/dependabot-action@main
update-pip-graph	Run Dependabot	2026-05-31T14:51:48.0302726Z env:
update-pip-graph	Run Dependabot	2026-05-31T14:51:48.0303225Z   DEPENDABOT_DISABLE_CLEANUP: 1
update-pip-graph	Run Dependabot	2026-05-31T14:51:48.0303883Z   DEPENDABOT_ENABLE_CONNECTIVITY_CHECK: 0
update-pip-graph	Run Dependabot	2026-05-31T14:51:48.0309229Z   GITHUB_TOKEN: ***
update-pip-graph	Run Dependabot	2026-05-31T14:51:48.0310183Z   GITHUB_DEPENDABOT_JOB_TOKEN: ***
update-pip-graph	Run Dependabot	2026-05-31T14:51:48.0311183Z   GITHUB_DEPENDABOT_CRED_TOKEN: ***
update-pip-graph	Run Dependabot	2026-05-31T14:51:48.0311811Z   GITHUB_REGISTRIES_PROXY: 
update-pip-graph	Run Dependabot	2026-05-31T14:51:48.0312354Z ##[endgroup]
update-pip-graph	Run Dependabot	2026-05-31T14:51:48.1904202Z ≡ƒñû ~ starting update ~
update-pip-graph	Run Dependabot	2026-05-31T14:51:48.1928466Z Fetching job details
update-pip-graph	Run Dependabot	2026-05-31T14:51:48.9655400Z ≡ƒñû ~ Failed to parse GITHUB_REGISTRIES_PROXY environment variable ~
update-pip-graph	Run Dependabot	2026-05-31T14:51:48.9659805Z ##[group]Pulling updater images
update-pip-graph	Run Dependabot	2026-05-31T14:51:48.9711594Z Pulling image ghcr.io/dependabot/dependabot-updater-pip:be763ff33d24ae49d44c6a4fa725ae4dec24cfb5 (attempt 1)...
update-pip-graph	Run Dependabot	2026-05-31T14:51:49.1767149Z Successfully sent metric (dependabot.action.ghcr_image_pull) to remote API endpoint
update-pip-graph	Run Dependabot	2026-05-31T14:52:04.1288520Z Pulled image ghcr.io/dependabot/dependabot-updater-pip:be763ff33d24ae49d44c6a4fa725ae4dec24cfb5
update-pip-graph	Run Dependabot	2026-05-31T14:52:04.1300458Z Pulling image ghcr.io/dependabot/proxy:v2.0.20260522040924@sha256:f72e108e50c3f208936f4d287a69c31299874a558c19de779526b5bc90513e8b (attempt 1)...
update-pip-graph	Run Dependabot	2026-05-31T14:52:04.3243474Z Successfully sent metric (dependabot.action.ghcr_image_pull) to remote API endpoint
update-pip-graph	Run Dependabot	2026-05-31T14:52:05.3082123Z Pulled image ghcr.io/dependabot/proxy:v2.0.20260522040924@sha256:f72e108e50c3f208936f4d287a69c31299874a558c19de779526b5bc90513e8b
update-pip-graph	Run Dependabot	2026-05-31T14:52:05.3084737Z ##[endgroup]
update-pip-graph	Run Dependabot	2026-05-31T14:52:05.3095418Z Starting update process
update-pip-graph	Run Dependabot	2026-05-31T14:52:05.5064089Z Created proxy container: fb836d5dad59868ba829920b01f97279ccb75ef67c48228d8c5a9531b44318bd
update-pip-graph	Run Dependabot	2026-05-31T14:52:05.7799207Z Created container: 55eedba4fc1ff2b735f3d26e967c49c31d5ce83ca0afb1d9fbd60e86632a7ff6
update-pip-graph	Run Dependabot	2026-05-31T14:52:05.8825398Z Started container 55eedba4fc1ff2b735f3d26e967c49c31d5ce83ca0afb1d9fbd60e86632a7ff6
update-pip-graph	Run Dependabot	2026-05-31T14:52:06.1210266Z updater | Updating certificates in /etc/ssl/certs...
update-pip-graph	Run Dependabot	2026-05-31T14:52:06.2230564Z   proxy | 2026/05/31 14:52:06 proxy starting, commit: 824e4800ce477028cb36d81e3ff5c3e96ffb8c06
update-pip-graph	Run Dependabot	2026-05-31T14:52:06.2235320Z   proxy | 2026/05/31 14:52:06 Listening (:1080)
update-pip-graph	Run Dependabot	2026-05-31T14:52:07.6429328Z updater | rehash: warning: skipping ca-certificates.crt,it does not contain exactly one certificate or CRL
update-pip-graph	Run Dependabot	2026-05-31T14:52:07.6899477Z updater | 1 added, 0 removed; done.
update-pip-graph	Run Dependabot	2026-05-31T14:52:07.6903897Z updater | Running hooks in /etc/ca-certificates/update.d...
update-pip-graph	Run Dependabot	2026-05-31T14:52:07.6964102Z updater | done.
update-pip-graph	Run Dependabot	2026-05-31T14:52:08.1797044Z updater | fetch_files command is no longer used directly
update-pip-graph	Run Dependabot	2026-05-31T14:52:11.4123834Z updater | 2026/05/31 14:52:11 INFO <job_1391636582> Starting job processing
update-pip-graph	Run Dependabot	2026-05-31T14:52:11.4141398Z updater | 2026/05/31 14:52:11 INFO <job_1391636582> Job definition: {"job":{"command":"graph","allowed-updates":[{"dependency-type":"direct","update-type":"all"}],"commit-message-options":{"prefix":null,"prefix-development":null,"include-scope":null},"credentials-metadata":[{"type":"git_source","host":"github.com"}],"debug":null,"dependencies":null,"dependency-groups":[],"dependency-group-to-refresh":null,"existing-pull-requests":[],"existing-group-pull-requests":[],"experiments":{"record-ecosystem-versions":true,"record-update-job-unknown-error":true,"proxy-cached":true,"enable-corepack-for-npm-and-yarn":true,"enable-private-registry-for-corepack":true,"allow-refresh-for-existing-pr-dependencies":true,"allow-refresh-group-with-all-dependencies":true,"azure-registry-backup":true,"enable-enhanced-error-details-for-updater":true,"gradle-lockfile-updater":true,"enable-exclude-paths-subdirectory-manifest-files":true},"ignore-conditions":[],"lockfile-only":false,"max-updater-run-time":2700,"package-manager":"pip","requirements-update-strategy":null,"reject-external-code":false,"security-advisories":[],"security-updates-only":false,"source":{"provider":"github","repo":"lmdixon23/my_dev_projects","branch":null,"api-endpoint":"https://api.github.com/","hostname":"github.com","directories":["/ai_engineering/agent_toolkit","/ai_engineering/llm_eval_harness","/ai_engineering/nlp_text_summarization_api","/ai_engineering/rag_assistant","/ai_engineering/rlvr/grpo_minimal","/ai_engineering/rlvr/regularized_operator_zoo","/api_projects/nlp_text_summarization_api","/machine_learning/image_captioning_cnn_rnn_tpu","/machine_learning/image_classification","/machine_learning/image_classification/deployment","/machine_learning/predictive_maintenance","/machine_learning/sentiment_analysis_transfer_learning","/machine_learning/sentiment_analysis_transfer_learning/deployment","/ml_expert_portfolio/image_captioning_cnn_rnn_tpu","/ml_expert_portfolio/image_captioning_cnn_rnn_tpu/venv/Lib/site-packages/numpy/_typing","/ml_expert_portfolio/image_captioning_cnn_rnn_tpu/venv/Lib/site-packages/numpy/array_api","/ml_expert_portfolio/image_captioning_cnn_rnn_tpu/venv/Lib/site-packages/numpy/compat","/ml_expert_portfolio/image_captioning_cnn_rnn_tpu/venv/Lib/site-packages/numpy/core/tests/examples/cython","/ml_expert_portfolio/image_captioning_cnn_rnn_tpu/venv/Lib/site-packages/numpy/core/tests/examples/limited_api","/ml_expert_portfolio/image_captioning_cnn_rnn_tpu/venv/Lib/site-packages/numpy/distutils","/ml_expert_portfolio/image_captioning_cnn_rnn_tpu/venv/Lib/site-packages/numpy/f2py","/ml_expert_portfolio/image_captioning_cnn_rnn_tpu/venv/Lib/site-packages/numpy/lib","/ml_expert_portfolio/image_captioning_cnn_rnn_tpu/venv/Lib/site-packages/numpy/ma","/ml_expert_portfolio/image_captioning_cnn_rnn_tpu/venv/Lib/site-packages/numpy/matrixlib","/ml_expert_portfolio/image_captioning_cnn_rnn_tpu/venv/Lib/site-packages/numpy/polynomial","/ml_expert_portfolio/image_captioning_cnn_rnn_tpu/venv/Lib/site-packages/numpy/testing","/ml_expert_portfolio/image_captioning_cnn_rnn_tpu/venv/Lib/site-packages/numpy/typing","/ml_expert_portfolio/image_captioning_cnn_rnn_tpu/venv/Lib/site-packages/pandas","/ml_expert_portfolio/image_captioning_cnn_rnn_tpu/venv/Lib/site-packages/tensorflow/tools/pip_package","/ml_expert_portfolio/image_classification/deployment","/ml_expert_portfolio/predictive_maintenance","/ml_expert_portfolio/sentiment_analysis_transfer_learning/deployment","/network_security/sse_coexistence_testing/sse_simulation"]},"updating-a-pull-request":false,"update-subdependencies":false,"vendor-dependencies":false,"enable-beta-ecosystems":false,"repo-private":false,"multi-ecosystem-update":false,"exclude-paths":[]}}
update-pip-graph	Run Dependabot	2026-05-31T14:52:11.5684866Z   proxy | 2026/05/31 14:52:11 [002] GET https://github.com:443/lmdixon23/my_dev_projects.git/info/refs?service=git-upload-pack
update-pip-graph	Run Dependabot	2026-05-31T14:52:11.5685814Z   proxy | 2026/05/31 14:52:11 [002] * authenticating git server request (host: github.com)
update-pip-graph	Run Dependabot	2026-05-31T14:52:11.7944676Z   proxy | 2026/05/31 14:52:11 [002] 200 https://github.com:443/lmdixon23/my_dev_projects.git/info/refs?service=git-upload-pack
update-pip-graph	Run Dependabot	2026-05-31T14:52:12.2441383Z updater | 2026/05/31 14:52:12 INFO <job_1391636582> Started process PID: 1174 with command: {} git clone --no-tags --depth 1 --recurse-submodules --shallow-submodules https://github.com/lmdixon23/my_dev_projects /home/dependabot/dependabot-updater/repo {}
update-pip-graph	Run Dependabot	2026-05-31T14:52:13.4270399Z   proxy | 2026/05/31 14:52:13 [004] GET https://github.com:443/lmdixon23/my_dev_projects/info/refs?service=git-upload-pack
update-pip-graph	Run Dependabot	2026-05-31T14:52:13.4271658Z 2026/05/31 14:52:13 [004] * authenticating git server request (host: github.com)
update-pip-graph	Run Dependabot	2026-05-31T14:52:13.5174677Z   proxy | 2026/05/31 14:52:13 [004] 200 https://github.com:443/lmdixon23/my_dev_projects/info/refs?service=git-upload-pack
update-pip-graph	Run Dependabot	2026-05-31T14:52:13.5502662Z   proxy | 2026/05/31 14:52:13 [006] POST https://github.com:443/lmdixon23/my_dev_projects/git-upload-pack
update-pip-graph	Run Dependabot	2026-05-31T14:52:13.5504302Z 2026/05/31 14:52:13 [006] * authenticating git server request (host: github.com)
update-pip-graph	Run Dependabot	2026-05-31T14:52:13.6443843Z   proxy | 2026/05/31 14:52:13 [006] 200 https://github.com:443/lmdixon23/my_dev_projects/git-upload-pack
update-pip-graph	Run Dependabot	2026-05-31T14:52:13.6980024Z   proxy | 2026/05/31 14:52:13 [008] POST https://github.com:443/lmdixon23/my_dev_projects/git-upload-pack
update-pip-graph	Run Dependabot	2026-05-31T14:52:13.6981830Z 2026/05/31 14:52:13 [008] * authenticating git server request (host: github.com)
update-pip-graph	Run Dependabot	2026-05-31T14:52:13.8206385Z   proxy | 2026/05/31 14:52:13 [008] 200 https://github.com:443/lmdixon23/my_dev_projects/git-upload-pack
update-pip-graph	Run Dependabot	2026-05-31T14:52:17.0024940Z updater | 2026/05/31 14:52:17 INFO <job_1391636582> Process PID: 1174 completed with status: pid 1174 exit 0
update-pip-graph	Run Dependabot	2026-05-31T14:52:17.0026894Z updater | 2026/05/31 14:52:17 INFO <job_1391636582> Total execution time: 4.76 seconds
update-pip-graph	Run Dependabot	2026-05-31T14:52:17.0040918Z updater | 2026/05/31 14:52:17 INFO <job_1391636582> Started process PID: 1216 with command: {} git -C /home/dependabot/dependabot-updater/repo ls-files --stage {}
update-pip-graph	Run Dependabot	2026-05-31T14:52:17.0419662Z updater | 2026/05/31 14:52:17 INFO <job_1391636582> Process PID: 1216 completed with status: pid 1216 exit 0
update-pip-graph	Run Dependabot	2026-05-31T14:52:17.0422449Z updater | 2026/05/31 14:52:17 INFO <job_1391636582> Total execution time: 0.04 seconds
update-pip-graph	Run Dependabot	2026-05-31T14:52:17.0939896Z updater | 2026/05/31 14:52:17 INFO <job_1391636582> Started process PID: 1311 with command: {} git rev-parse HEAD {}
update-pip-graph	Run Dependabot	2026-05-31T14:52:17.1069410Z updater | 2026/05/31 14:52:17 INFO <job_1391636582> Process PID: 1311 completed with status: pid 1311 exit 0
update-pip-graph	Run Dependabot	2026-05-31T14:52:17.1070474Z updater | 2026/05/31 14:52:17 INFO <job_1391636582> Total execution time: 0.01 seconds
update-pip-graph	Run Dependabot	2026-05-31T14:52:17.1618094Z updater | 2026/05/31 14:52:17 INFO <job_1391636582> DEBUG filter_excluded: entries=9, exclude_paths=[]
update-pip-graph	Run Dependabot	2026-05-31T14:52:17.1627997Z updater | 2026/05/31 14:52:17 INFO <job_1391636582> DEBUG filter_excluded: entries=5, exclude_paths=[]
update-pip-graph	Run Dependabot	2026-05-31T14:52:17.1631152Z updater | 2026/05/31 14:52:17 INFO <job_1391636582> DEBUG filter_excluded: entries=2, exclude_paths=[]
update-pip-graph	Run Dependabot	2026-05-31T14:52:17.1638546Z updater | 2026/05/31 14:52:17 INFO <job_1391636582> DEBUG filter_excluded: entries=3, exclude_paths=[]
update-pip-graph	Run Dependabot	2026-05-31T14:52:17.1682112Z updater | 2026/05/31 14:52:17 INFO <job_1391636582> Dependabot is using Python version '3.14.5'.
update-pip-graph	Run Dependabot	2026-05-31T14:52:17.2804820Z   proxy | 2026/05/31 14:52:17 [010] POST /update_jobs/1391636582/record_ecosystem_versions
update-pip-graph	Run Dependabot	2026-05-31T14:52:17.4995126Z   proxy | 2026/05/31 14:52:17 [010] 204 /update_jobs/1391636582/record_ecosystem_versions
update-pip-graph	Run Dependabot	2026-05-31T14:52:17.5601351Z updater | 2026/05/31 14:52:17 INFO <job_1391636582> DEBUG filter_excluded: entries=8, exclude_paths=[]
update-pip-graph	Run Dependabot	2026-05-31T14:52:17.5631118Z updater | 2026/05/31 14:52:17 INFO <job_1391636582> DEBUG filter_excluded: entries=7, exclude_paths=[]
update-pip-graph	Run Dependabot	2026-05-31T14:52:17.5639660Z updater | 2026/05/31 14:52:17 INFO <job_1391636582> DEBUG filter_excluded: entries=2, exclude_paths=[]
update-pip-graph	Run Dependabot	2026-05-31T14:52:17.5650952Z updater | 2026/05/31 14:52:17 INFO <job_1391636582> DEBUG filter_excluded: entries=4, exclude_paths=[]
update-pip-graph	Run Dependabot	2026-05-31T14:52:17.5697334Z updater | 2026/05/31 14:52:17 INFO <job_1391636582> Dependabot is using Python version '3.14.5'.
update-pip-graph	Run Dependabot	2026-05-31T14:52:17.6582853Z   proxy | 2026/05/31 14:52:17 [012] POST /update_jobs/1391636582/record_ecosystem_versions
update-pip-graph	Run Dependabot	2026-05-31T14:52:17.6584589Z 2026/05/31 14:52:17 [012] 204 /update_jobs/1391636582/record_ecosystem_versions (cached)
update-pip-graph	Run Dependabot	2026-05-31T14:52:17.7243173Z updater | 2026/05/31 14:52:17 INFO <job_1391636582> DEBUG filter_excluded: entries=6, exclude_paths=[]
update-pip-graph	Run Dependabot	2026-05-31T14:52:17.7257816Z updater | 2026/05/31 14:52:17 INFO <job_1391636582> DEBUG filter_excluded: entries=2, exclude_paths=[]
update-pip-graph	Run Dependabot	2026-05-31T14:52:17.7268024Z updater | 2026/05/31 14:52:17 INFO <job_1391636582> Dependabot is using Python version '3.14.5'.
update-pip-graph	Run Dependabot	2026-05-31T14:52:17.8152950Z   proxy | 2026/05/31 14:52:17 [014] POST /update_jobs/1391636582/record_ecosystem_versions
update-pip-graph	Run Dependabot	2026-05-31T14:52:17.8154776Z 2026/05/31 14:52:17 [014] 204 /update_jobs/1391636582/record_ecosystem_versions (cached)
update-pip-graph	Run Dependabot	2026-05-31T14:52:17.8757834Z updater | 2026/05/31 14:52:17 INFO <job_1391636582> DEBUG filter_excluded: entries=10, exclude_paths=[]
update-pip-graph	Run Dependabot	2026-05-31T14:52:17.8777681Z updater | 2026/05/31 14:52:17 INFO <job_1391636582> DEBUG filter_excluded: entries=8, exclude_paths=[]
update-pip-graph	Run Dependabot	2026-05-31T14:52:17.8807820Z updater | 2026/05/31 14:52:17 INFO <job_1391636582> DEBUG filter_excluded: entries=4, exclude_paths=[]
update-pip-graph	Run Dependabot	2026-05-31T14:52:17.8809009Z updater | 2026/05/31 14:52:17 INFO <job_1391636582> DEBUG filter_excluded: entries=2, exclude_paths=[]
update-pip-graph	Run Dependabot	2026-05-31T14:52:17.8810081Z updater | 2026/05/31 14:52:17 INFO <job_1391636582> DEBUG filter_excluded: entries=4, exclude_paths=[]
update-pip-graph	Run Dependabot	2026-05-31T14:52:17.8856012Z updater | 2026/05/31 14:52:17 INFO <job_1391636582> Dependabot is using Python version '3.14.5'.
update-pip-graph	Run Dependabot	2026-05-31T14:52:17.9742883Z   proxy | 2026/05/31 14:52:17 [016] POST /update_jobs/1391636582/record_ecosystem_versions
update-pip-graph	Run Dependabot	2026-05-31T14:52:17.9743963Z 2026/05/31 14:52:17 [016] 204 /update_jobs/1391636582/record_ecosystem_versions (cached)
update-pip-graph	Run Dependabot	2026-05-31T14:52:18.0355466Z updater | 2026/05/31 14:52:18 INFO <job_1391636582> DEBUG filter_excluded: entries=5, exclude_paths=[]
update-pip-graph	Run Dependabot	2026-05-31T14:52:18.0359405Z updater | 2026/05/31 14:52:18 INFO <job_1391636582> DEBUG filter_excluded: entries=5, exclude_paths=[]
update-pip-graph	Run Dependabot	2026-05-31T14:52:18.0363038Z updater | 2026/05/31 14:52:18 INFO <job_1391636582> DEBUG filter_excluded: entries=2, exclude_paths=[]
update-pip-graph	Run Dependabot	2026-05-31T14:52:18.0366156Z updater | 2026/05/31 14:52:18 INFO <job_1391636582> DEBUG filter_excluded: entries=4, exclude_paths=[]
update-pip-graph	Run Dependabot	2026-05-31T14:52:18.0380956Z updater | 2026/05/31 14:52:18 INFO <job_1391636582> Dependabot is using Python version '3.14.5'.
update-pip-graph	Run Dependabot	2026-05-31T14:52:18.1273825Z   proxy | 2026/05/31 14:52:18 [018] POST /update_jobs/1391636582/record_ecosystem_versions
update-pip-graph	Run Dependabot	2026-05-31T14:52:18.1276340Z 2026/05/31 14:52:18 [018] 204 /update_jobs/1391636582/record_ecosystem_versions (cached)
update-pip-graph	Run Dependabot	2026-05-31T14:52:18.1832422Z updater | 2026/05/31 14:52:18 INFO <job_1391636582> DEBUG filter_excluded: entries=6, exclude_paths=[]
update-pip-graph	Run Dependabot	2026-05-31T14:52:18.1833875Z updater | 2026/05/31 14:52:18 INFO <job_1391636582> DEBUG filter_excluded: entries=1, exclude_paths=[]
update-pip-graph	Run Dependabot	2026-05-31T14:52:18.1838317Z updater | 2026/05/31 14:52:18 INFO <job_1391636582> DEBUG filter_excluded: entries=4, exclude_paths=[]
update-pip-graph	Run Dependabot	2026-05-31T14:52:18.1841263Z updater | 2026/05/31 14:52:18 INFO <job_1391636582> DEBUG filter_excluded: entries=2, exclude_paths=[]
update-pip-graph	Run Dependabot	2026-05-31T14:52:18.1846272Z updater | 2026/05/31 14:52:18 INFO <job_1391636582> DEBUG filter_excluded: entries=5, exclude_paths=[]
update-pip-graph	Run Dependabot	2026-05-31T14:52:18.1864707Z updater | 2026/05/31 14:52:18 INFO <job_1391636582> Dependabot is using Python version '3.14.5'.
update-pip-graph	Run Dependabot	2026-05-31T14:52:18.2733114Z   proxy | 2026/05/31 14:52:18 [020] POST /update_jobs/1391636582/record_ecosystem_versions
update-pip-graph	Run Dependabot	2026-05-31T14:52:18.2734144Z 2026/05/31 14:52:18 [020] 204 /update_jobs/1391636582/record_ecosystem_versions (cached)
update-pip-graph	Run Dependabot	2026-05-31T14:52:18.3907912Z updater | 2026/05/31 14:52:18 INFO <job_1391636582> DEBUG filter_excluded: entries=9, exclude_paths=[]
update-pip-graph	Run Dependabot	2026-05-31T14:52:18.3913816Z updater | 2026/05/31 14:52:18 INFO <job_1391636582> DEBUG filter_excluded: entries=3, exclude_paths=[]
update-pip-graph	Run Dependabot	2026-05-31T14:52:18.3921235Z updater | 2026/05/31 14:52:18 INFO <job_1391636582> DEBUG filter_excluded: entries=4, exclude_paths=[]
update-pip-graph	Run Dependabot	2026-05-31T14:52:18.3950976Z updater | 2026/05/31 14:52:18 INFO <job_1391636582> Dependabot is using Python version '3.14.5'.
update-pip-graph	Run Dependabot	2026-05-31T14:52:18.4842629Z   proxy | 2026/05/31 14:52:18 [022] POST /update_jobs/1391636582/record_ecosystem_versions
update-pip-graph	Run Dependabot	2026-05-31T14:52:18.4844008Z 2026/05/31 14:52:18 [022] 204 /update_jobs/1391636582/record_ecosystem_versions (cached)
update-pip-graph	Run Dependabot	2026-05-31T14:52:18.5394500Z updater | 2026/05/31 14:52:18 INFO <job_1391636582> DEBUG filter_excluded: entries=7, exclude_paths=[]
update-pip-graph	Run Dependabot	2026-05-31T14:52:18.5396644Z updater | 2026/05/31 14:52:18 INFO <job_1391636582> DEBUG filter_excluded: entries=3, exclude_paths=[]
update-pip-graph	Run Dependabot	2026-05-31T14:52:18.5401821Z updater | 2026/05/31 14:52:18 INFO <job_1391636582> DEBUG filter_excluded: entries=2, exclude_paths=[]
update-pip-graph	Run Dependabot	2026-05-31T14:52:18.5404543Z updater | 2026/05/31 14:52:18 INFO <job_1391636582> DEBUG filter_excluded: entries=3, exclude_paths=[]
update-pip-graph	Run Dependabot	2026-05-31T14:52:18.5409003Z updater | 2026/05/31 14:52:18 INFO <job_1391636582> DEBUG filter_excluded: entries=5, exclude_paths=[]
update-pip-graph	Run Dependabot	2026-05-31T14:52:18.5413188Z updater | 2026/05/31 14:52:18 INFO <job_1391636582> DEBUG filter_excluded: entries=4, exclude_paths=[]
update-pip-graph	Run Dependabot	2026-05-31T14:52:18.5433612Z updater | 2026/05/31 14:52:18 INFO <job_1391636582> Dependabot is using Python version '3.14.5'.
update-pip-graph	Run Dependabot	2026-05-31T14:52:18.6302742Z   proxy | 2026/05/31 14:52:18 [024] POST /update_jobs/1391636582/record_ecosystem_versions
update-pip-graph	Run Dependabot	2026-05-31T14:52:18.6303888Z 2026/05/31 14:52:18 [024] 204 /update_jobs/1391636582/record_ecosystem_versions (cached)
update-pip-graph	Run Dependabot	2026-05-31T14:52:18.6845499Z updater | 2026/05/31 14:52:18 INFO <job_1391636582> DEBUG filter_excluded: entries=3, exclude_paths=[]
update-pip-graph	Run Dependabot	2026-05-31T14:52:18.6860582Z updater | 2026/05/31 14:52:18 INFO <job_1391636582> Dependabot is using Python version '3.14.5'.
update-pip-graph	Run Dependabot	2026-05-31T14:52:18.7752938Z   proxy | 2026/05/31 14:52:18 [026] POST /update_jobs/1391636582/record_ecosystem_versions
update-pip-graph	Run Dependabot	2026-05-31T14:52:18.7754461Z 2026/05/31 14:52:18 [026] 204 /update_jobs/1391636582/record_ecosystem_versions (cached)
update-pip-graph	Run Dependabot	2026-05-31T14:52:18.8310492Z updater | 2026/05/31 14:52:18 INFO <job_1391636582> DEBUG filter_excluded: entries=5, exclude_paths=[]
update-pip-graph	Run Dependabot	2026-05-31T14:52:18.8321114Z updater | 2026/05/31 14:52:18 INFO <job_1391636582> DEBUG filter_excluded: entries=3, exclude_paths=[]
update-pip-graph	Run Dependabot	2026-05-31T14:52:18.8324897Z updater | 2026/05/31 14:52:18 INFO <job_1391636582> DEBUG filter_excluded: entries=5, exclude_paths=[]
update-pip-graph	Run Dependabot	2026-05-31T14:52:18.8330925Z updater | 2026/05/31 14:52:18 INFO <job_1391636582> DEBUG filter_excluded: entries=3, exclude_paths=[]
update-pip-graph	Run Dependabot	2026-05-31T14:52:18.8387677Z updater | 2026/05/31 14:52:18 INFO <job_1391636582> Dependabot is using Python version '3.14.5'.
update-pip-graph	Run Dependabot	2026-05-31T14:52:18.9274245Z   proxy | 2026/05/31 14:52:18 [028] POST /update_jobs/1391636582/record_ecosystem_versions
update-pip-graph	Run Dependabot	2026-05-31T14:52:18.9275183Z 2026/05/31 14:52:18 [028] 204 /update_jobs/1391636582/record_ecosystem_versions (cached)
update-pip-graph	Run Dependabot	2026-05-31T14:52:19.0049571Z updater | 2026/05/31 14:52:19 INFO <job_1391636582> DEBUG filter_excluded: entries=7, exclude_paths=[]
update-pip-graph	Run Dependabot	2026-05-31T14:52:19.0052816Z updater | 2026/05/31 14:52:19 INFO <job_1391636582> DEBUG filter_excluded: entries=3, exclude_paths=[]
update-pip-graph	Run Dependabot	2026-05-31T14:52:19.0057330Z updater | 2026/05/31 14:52:19 INFO <job_1391636582> DEBUG filter_excluded: entries=2, exclude_paths=[]
update-pip-graph	Run Dependabot	2026-05-31T14:52:19.0060742Z updater | 2026/05/31 14:52:19 INFO <job_1391636582> DEBUG filter_excluded: entries=2, exclude_paths=[]
update-pip-graph	Run Dependabot	2026-05-31T14:52:19.0064366Z updater | 2026/05/31 14:52:19 INFO <job_1391636582> DEBUG filter_excluded: entries=5, exclude_paths=[]
update-pip-graph	Run Dependabot	2026-05-31T14:52:19.0068166Z updater | 2026/05/31 14:52:19 INFO <job_1391636582> DEBUG filter_excluded: entries=4, exclude_paths=[]
update-pip-graph	Run Dependabot	2026-05-31T14:52:19.0086817Z updater | 2026/05/31 14:52:19 INFO <job_1391636582> Dependabot is using Python version '3.14.5'.
update-pip-graph	Run Dependabot	2026-05-31T14:52:19.0974807Z   proxy | 2026/05/31 14:52:19 [030] POST /update_jobs/1391636582/record_ecosystem_versions
update-pip-graph	Run Dependabot	2026-05-31T14:52:19.0975458Z 2026/05/31 14:52:19 [030] 204 /update_jobs/1391636582/record_ecosystem_versions (cached)
update-pip-graph	Run Dependabot	2026-05-31T14:52:19.1524562Z updater | 2026/05/31 14:52:19 INFO <job_1391636582> DEBUG filter_excluded: entries=3, exclude_paths=[]
update-pip-graph	Run Dependabot	2026-05-31T14:52:19.1539510Z updater | 2026/05/31 14:52:19 INFO <job_1391636582> Dependabot is using Python version '3.14.5'.
update-pip-graph	Run Dependabot	2026-05-31T14:52:19.2422771Z   proxy | 2026/05/31 14:52:19 [032] POST /update_jobs/1391636582/record_ecosystem_versions
update-pip-graph	Run Dependabot	2026-05-31T14:52:19.2424038Z 2026/05/31 14:52:19 [032] 204 /update_jobs/1391636582/record_ecosystem_versions (cached)
update-pip-graph	Run Dependabot	2026-05-31T14:52:20.2567560Z updater | 2026/05/31 14:52:20 INFO <job_1391636582> DEBUG filter_excluded: entries=5, exclude_paths=[]
update-pip-graph	Run Dependabot	2026-05-31T14:52:20.2568398Z updater | 2026/05/31 14:52:20 INFO <job_1391636582> DEBUG filter_excluded: entries=2, exclude_paths=[]
update-pip-graph	Run Dependabot	2026-05-31T14:52:20.2583973Z updater | 2026/05/31 14:52:20 INFO <job_1391636582> Dependabot is using Python version '3.14.5'.
update-pip-graph	Run Dependabot	2026-05-31T14:52:20.3483595Z   proxy | 2026/05/31 14:52:20 [034] POST /update_jobs/1391636582/record_ecosystem_versions
update-pip-graph	Run Dependabot	2026-05-31T14:52:20.3485069Z 2026/05/31 14:52:20 [034] 204 /update_jobs/1391636582/record_ecosystem_versions (cached)
update-pip-graph	Run Dependabot	2026-05-31T14:52:20.3514542Z updater | 2026/05/31 14:52:20 INFO <job_1391636582> Base commit SHA: ac8e9e2ed8c88bc95396790f480da71981d0f5b5
update-pip-graph	Run Dependabot	2026-05-31T14:52:20.3515594Z 2026/05/31 14:52:20 INFO <job_1391636582> Finished job processing
update-pip-graph	Run Dependabot	2026-05-31T14:52:20.3524095Z updater | 2026/05/31 14:52:20 INFO <job_1391636582> Starting job processing
update-pip-graph	Run Dependabot	2026-05-31T14:52:20.4028969Z updater | 2026/05/31 14:52:20 INFO <job_1391636582> Started process PID: 4261 with command: {} git symbolic-ref --short refs/remotes/origin/HEAD {}
update-pip-graph	Run Dependabot	2026-05-31T14:52:20.4065356Z updater | 2026/05/31 14:52:20 INFO <job_1391636582> Process PID: 4261 completed with status: pid 4261 exit 0
update-pip-graph	Run Dependabot	2026-05-31T14:52:20.4066552Z updater | 2026/05/31 14:52:20 INFO <job_1391636582> Total execution time: 0.0 seconds
update-pip-graph	Run Dependabot	2026-05-31T14:52:20.4097899Z updater | 2026/05/31 14:52:20 INFO <job_1391636582> Started process PID: 4268 with command: pyenv exec python3 /opt/python/run.py
update-pip-graph	Run Dependabot	2026-05-31T14:52:24.4367653Z updater | 2026/05/31 14:52:24 INFO <job_1391636582> Process PID: 4268 completed with status: pid 4268 exit 0
update-pip-graph	Run Dependabot	2026-05-31T14:52:24.4368382Z updater | 2026/05/31 14:52:24 INFO <job_1391636582> Total execution time: 4.03 seconds
update-pip-graph	Run Dependabot	2026-05-31T14:52:24.4408658Z updater | 2026/05/31 14:52:24 INFO <job_1391636582> Started process PID: 4338 with command: {} pyenv versions {}
update-pip-graph	Run Dependabot	2026-05-31T14:52:24.4863763Z updater | 2026/05/31 14:52:24 INFO <job_1391636582> Process PID: 4338 completed with status: pid 4338 exit 0
update-pip-graph	Run Dependabot	2026-05-31T14:52:24.4864605Z updater | 2026/05/31 14:52:24 INFO <job_1391636582> Total execution time: 0.05 seconds
update-pip-graph	Run Dependabot	2026-05-31T14:52:24.4882281Z updater | 2026/05/31 14:52:24 INFO <job_1391636582> Started process PID: 4382 with command: {} pyenv local 3.14 {}
update-pip-graph	Run Dependabot	2026-05-31T14:52:24.5448591Z updater | 2026/05/31 14:52:24 INFO <job_1391636582> Process PID: 4382 completed with status: pid 4382 exit 0
update-pip-graph	Run Dependabot	2026-05-31T14:52:24.5450040Z updater | 2026/05/31 14:52:24 INFO <job_1391636582> Total execution time: 0.06 seconds
update-pip-graph	Run Dependabot	2026-05-31T14:52:24.5458626Z updater | 2026/05/31 14:52:24 INFO <job_1391636582> Started process PID: 4426 with command: {} pyenv exec pip --version {}
update-pip-graph	Run Dependabot	2026-05-31T14:52:24.8880367Z updater | 2026/05/31 14:52:24 INFO <job_1391636582> Process PID: 4426 completed with status: pid 4426 exit 0
update-pip-graph	Run Dependabot	2026-05-31T14:52:24.8881301Z updater | 2026/05/31 14:52:24 INFO <job_1391636582> Total execution time: 0.34 seconds
update-pip-graph	Run Dependabot	2026-05-31T14:52:24.8882349Z updater | 2026/05/31 14:52:24 INFO <job_1391636582> Package manager pip, Info : pip 26.1.1 from /usr/local/.pyenv/versions/3.14.5/lib/python3.14/site-packages/pip (python 3.14)
update-pip-graph	Run Dependabot	2026-05-31T14:52:24.8883336Z 
update-pip-graph	Run Dependabot	2026-05-31T14:52:24.8894776Z updater | 2026/05/31 14:52:24 INFO <job_1391636582> Started process PID: 4556 with command: {} pyenv exec python --version {}
update-pip-graph	Run Dependabot	2026-05-31T14:52:24.9901431Z updater | 2026/05/31 14:52:24 INFO <job_1391636582> Process PID: 4556 completed with status: pid 4556 exit 0
update-pip-graph	Run Dependabot	2026-05-31T14:52:24.9902573Z updater | 2026/05/31 14:52:24 INFO <job_1391636582> Total execution time: 0.1 seconds
update-pip-graph	Run Dependabot	2026-05-31T14:52:25.0098566Z updater | 2026/05/31 14:52:25 INFO <job_1391636582> Dependency submission payload:
update-pip-graph	Run Dependabot	2026-05-31T14:52:25.0099295Z {
update-pip-graph	Run Dependabot	2026-05-31T14:52:25.0099609Z   "version": 1,
update-pip-graph	Run Dependabot	2026-05-31T14:52:25.0100000Z   "sha": "ac8e9e2ed8c88bc95396790f480da71981d0f5b5",
update-pip-graph	Run Dependabot	2026-05-31T14:52:25.0100347Z   "ref": "refs/heads/main",
update-pip-graph	Run Dependabot	2026-05-31T14:52:25.0100584Z   "job": {
update-pip-graph	Run Dependabot	2026-05-31T14:52:25.0100886Z     "correlator": "dependabot-pip-ai_engineering-agent_toolkit",
update-pip-graph	Run Dependabot	2026-05-31T14:52:25.0101242Z     "id": "1391636582"
update-pip-graph	Run Dependabot	2026-05-31T14:52:25.0101452Z   },
update-pip-graph	Run Dependabot	2026-05-31T14:52:25.0101630Z   "detector": {
update-pip-graph	Run Dependabot	2026-05-31T14:52:25.0101849Z     "name": "dependabot",
update-pip-graph	Run Dependabot	2026-05-31T14:52:25.0102172Z     "version": "0.379.0-be763ff33d24ae49d44c6a4fa725ae4dec24cfb5",
update-pip-graph	Run Dependabot	2026-05-31T14:52:25.0102612Z     "url": "https://github.com/dependabot/dependabot-core"
update-pip-graph	Run Dependabot	2026-05-31T14:52:25.0102957Z   },
update-pip-graph	Run Dependabot	2026-05-31T14:52:25.0103144Z   "manifests": {
update-pip-graph	Run Dependabot	2026-05-31T14:52:25.0103425Z     "/ai_engineering/agent_toolkit/requirements.txt": {
update-pip-graph	Run Dependabot	2026-05-31T14:52:25.0103806Z       "name": "/ai_engineering/agent_toolkit/requirements.txt",
update-pip-graph	Run Dependabot	2026-05-31T14:52:25.0104477Z       "file": {
update-pip-graph	Run Dependabot	2026-05-31T14:52:25.0104786Z         "source_location": "ai_engineering/agent_toolkit/requirements.txt"
update-pip-graph	Run Dependabot	2026-05-31T14:52:25.0105158Z       },
update-pip-graph	Run Dependabot	2026-05-31T14:52:25.0105349Z       "metadata": {
update-pip-graph	Run Dependabot	2026-05-31T14:52:25.0105568Z         "ecosystem": "pypi",
update-pip-graph	Run Dependabot	2026-05-31T14:52:25.0106042Z         "blob_oid": "d033fadae7ae085ce5deb69174428b89b39ea647"
update-pip-graph	Run Dependabot	2026-05-31T14:52:25.0106535Z       },
update-pip-graph	Run Dependabot	2026-05-31T14:52:25.0107069Z       "resolved": {
update-pip-graph	Run Dependabot	2026-05-31T14:52:25.0107388Z         "pkg:pypi/httpx": {
update-pip-graph	Run Dependabot	2026-05-31T14:52:25.0107656Z           "package_url": "pkg:pypi/httpx",
update-pip-graph	Run Dependabot	2026-05-31T14:52:25.0107946Z           "relationship": "direct",
update-pip-graph	Run Dependabot	2026-05-31T14:52:25.0108217Z           "scope": "runtime",
update-pip-graph	Run Dependabot	2026-05-31T14:52:25.0108485Z           "dependencies": []
update-pip-graph	Run Dependabot	2026-05-31T14:52:25.0108770Z         },
update-pip-graph	Run Dependabot	2026-05-31T14:52:25.0109083Z         "pkg:pypi/python-dotenv": {
update-pip-graph	Run Dependabot	2026-05-31T14:52:25.0109750Z           "package_url": "pkg:pypi/python-dotenv",
update-pip-graph	Run Dependabot	2026-05-31T14:52:25.0110164Z           "relationship": "direct",
update-pip-graph	Run Dependabot	2026-05-31T14:52:25.0110585Z           "scope": "runtime",
update-pip-graph	Run Dependabot	2026-05-31T14:52:25.0110934Z           "dependencies": []
update-pip-graph	Run Dependabot	2026-05-31T14:52:25.0111280Z         },
update-pip-graph	Run Dependabot	2026-05-31T14:52:25.0111647Z         "pkg:pypi/pydantic": {
update-pip-graph	Run Dependabot	2026-05-31T14:52:25.0112006Z           "package_url": "pkg:pypi/pydantic",
update-pip-graph	Run Dependabot	2026-05-31T14:52:25.0112416Z           "relationship": "direct",
update-pip-graph	Run Dependabot	2026-05-31T14:52:25.0112776Z           "scope": "runtime",
update-pip-graph	Run Dependabot	2026-05-31T14:52:25.0113158Z           "dependencies": []
update-pip-graph	Run Dependabot	2026-05-31T14:52:25.0113532Z         }
update-pip-graph	Run Dependabot	2026-05-31T14:52:25.0113801Z       }
update-pip-graph	Run Dependabot	2026-05-31T14:52:25.0114146Z     }
update-pip-graph	Run Dependabot	2026-05-31T14:52:25.0114421Z   },
update-pip-graph	Run Dependabot	2026-05-31T14:52:25.0114724Z   "metadata": {
update-pip-graph	Run Dependabot	2026-05-31T14:52:25.0115070Z     "status": "ok",
update-pip-graph	Run Dependabot	2026-05-31T14:52:25.0119189Z     "scanned_manifest_path": "pypi::/ai_engineering/agent_toolkit"
update-pip-graph	Run Dependabot	2026-05-31T14:52:25.0119758Z   }
update-pip-graph	Run Dependabot	2026-05-31T14:52:25.0120292Z }
update-pip-graph	Run Dependabot	2026-05-31T14:52:25.0983023Z   proxy | 2026/05/31 14:52:25 [036] POST /update_jobs/1391636582/create_dependency_submission
update-pip-graph	Run Dependabot	2026-05-31T14:52:25.3231017Z   proxy | 2026/05/31 14:52:25 [036] 204 /update_jobs/1391636582/create_dependency_submission
update-pip-graph	Run Dependabot	2026-05-31T14:52:25.3289476Z updater | 2026/05/31 14:52:25 INFO <job_1391636582> Started process PID: 4665 with command: pyenv exec python3 /opt/python/run.py
update-pip-graph	Run Dependabot	2026-05-31T14:52:26.2941497Z updater | 2026/05/31 14:52:26 INFO <job_1391636582> Process PID: 4665 completed with status: pid 4665 exit 0
update-pip-graph	Run Dependabot	2026-05-31T14:52:26.2942437Z updater | 2026/05/31 14:52:26 INFO <job_1391636582> Total execution time: 0.97 seconds
update-pip-graph	Run Dependabot	2026-05-31T14:52:26.2962352Z updater | 2026/05/31 14:52:26 INFO <job_1391636582> Started process PID: 4797 with command: {} pyenv versions {}
update-pip-graph	Run Dependabot	2026-05-31T14:52:26.3651479Z updater | 2026/05/31 14:52:26 INFO <job_1391636582> Process PID: 4797 completed with status: pid 4797 exit 0
update-pip-graph	Run Dependabot	2026-05-31T14:52:26.3652623Z 2026/05/31 14:52:26 INFO <job_1391636582> Total execution time: 0.07 seconds
update-pip-graph	Run Dependabot	2026-05-31T14:52:26.3668646Z updater | 2026/05/31 14:52:26 INFO <job_1391636582> Started process PID: 4872 with command: {} pyenv local 3.14 {}
update-pip-graph	Run Dependabot	2026-05-31T14:52:26.4029045Z updater | 2026/05/31 14:52:26 INFO <job_1391636582> Process PID: 4872 completed with status: pid 4872 exit 0
update-pip-graph	Run Dependabot	2026-05-31T14:52:26.4035465Z updater | 2026/05/31 14:52:26 INFO <job_1391636582> Total execution time: 0.04 seconds
update-pip-graph	Run Dependabot	2026-05-31T14:52:26.4037781Z updater | 2026/05/31 14:52:26 INFO <job_1391636582> Started process PID: 4916 with command: {} pyenv exec pip --version {}
update-pip-graph	Run Dependabot	2026-05-31T14:52:26.7315177Z updater | 2026/05/31 14:52:26 INFO <job_1391636582> Process PID: 4916 completed with status: pid 4916 exit 0
update-pip-graph	Run Dependabot	2026-05-31T14:52:26.7316422Z updater | 2026/05/31 14:52:26 INFO <job_1391636582> Total execution time: 0.33 seconds
update-pip-graph	Run Dependabot	2026-05-31T14:52:26.7318230Z updater | 2026/05/31 14:52:26 INFO <job_1391636582> Package manager pip, Info : pip 26.1.1 from /usr/local/.pyenv/versions/3.14.5/lib/python3.14/site-packages/pip (python 3.14)
update-pip-graph	Run Dependabot	2026-05-31T14:52:26.7318924Z 
update-pip-graph	Run Dependabot	2026-05-31T14:52:26.7324661Z updater | 2026/05/31 14:52:26 INFO <job_1391636582> Started process PID: 5046 with command: {} pyenv exec python --version {}
update-pip-graph	Run Dependabot	2026-05-31T14:52:26.8331480Z updater | 2026/05/31 14:52:26 INFO <job_1391636582> Process PID: 5046 completed with status: pid 5046 exit 0
update-pip-graph	Run Dependabot	2026-05-31T14:52:26.8332894Z updater | 2026/05/31 14:52:26 INFO <job_1391636582> Total execution time: 0.1 seconds
update-pip-graph	Run Dependabot	2026-05-31T14:52:26.8342368Z updater | 2026/05/31 14:52:26 INFO <job_1391636582> Dependency submission payload:
update-pip-graph	Run Dependabot	2026-05-31T14:52:26.8343230Z {
update-pip-graph	Run Dependabot	2026-05-31T14:52:26.8343644Z   "version": 1,
update-pip-graph	Run Dependabot	2026-05-31T14:52:26.8344370Z   "sha": "ac8e9e2ed8c88bc95396790f480da71981d0f5b5",
update-pip-graph	Run Dependabot	2026-05-31T14:52:26.8345113Z   "ref": "refs/heads/main",
update-pip-graph	Run Dependabot	2026-05-31T14:52:26.8345718Z   "job": {
update-pip-graph	Run Dependabot	2026-05-31T14:52:26.8346327Z     "correlator": "dependabot-pip-ai_engineering-llm_eval_harness",
update-pip-graph	Run Dependabot	2026-05-31T14:52:26.8347519Z     "id": "1391636582"
update-pip-graph	Run Dependabot	2026-05-31T14:52:26.8348083Z   },
update-pip-graph	Run Dependabot	2026-05-31T14:52:26.8348536Z   "detector": {
update-pip-graph	Run Dependabot	2026-05-31T14:52:26.8349114Z     "name": "dependabot",
update-pip-graph	Run Dependabot	2026-05-31T14:52:26.8349868Z     "version": "0.379.0-be763ff33d24ae49d44c6a4fa725ae4dec24cfb5",
update-pip-graph	Run Dependabot	2026-05-31T14:52:26.8350839Z     "url": "https://github.com/dependabot/dependabot-core"
update-pip-graph	Run Dependabot	2026-05-31T14:52:26.8351511Z   },
update-pip-graph	Run Dependabot	2026-05-31T14:52:26.8351972Z   "manifests": {
update-pip-graph	Run Dependabot	2026-05-31T14:52:26.8352857Z     "/ai_engineering/llm_eval_harness/requirements.txt": {
update-pip-graph	Run Dependabot	2026-05-31T14:52:26.8353619Z       "name": "/ai_engineering/llm_eval_harness/requirements.txt",
update-pip-graph	Run Dependabot	2026-05-31T14:52:26.8354603Z       "file": {
update-pip-graph	Run Dependabot	2026-05-31T14:52:26.8355557Z         "source_location": "ai_engineering/llm_eval_harness/requirements.txt"
update-pip-graph	Run Dependabot	2026-05-31T14:52:26.8356371Z       },
update-pip-graph	Run Dependabot	2026-05-31T14:52:26.8357305Z       "metadata": {
update-pip-graph	Run Dependabot	2026-05-31T14:52:26.8358182Z         "ecosystem": "pypi",
update-pip-graph	Run Dependabot	2026-05-31T14:52:26.8359086Z         "blob_oid": "fb6f3f078572a6d95f7d1b6baa71cf1943d4e7d4"
update-pip-graph	Run Dependabot	2026-05-31T14:52:26.8359773Z       },
update-pip-graph	Run Dependabot	2026-05-31T14:52:26.8360207Z       "resolved": {
update-pip-graph	Run Dependabot	2026-05-31T14:52:26.8361242Z         "pkg:pypi/httpx": {
update-pip-graph	Run Dependabot	2026-05-31T14:52:26.8361646Z           "package_url": "pkg:pypi/httpx",
update-pip-graph	Run Dependabot	2026-05-31T14:52:26.8362155Z           "relationship": "direct",
update-pip-graph	Run Dependabot	2026-05-31T14:52:26.8362557Z           "scope": "runtime",
update-pip-graph	Run Dependabot	2026-05-31T14:52:26.8362931Z           "dependencies": []
update-pip-graph	Run Dependabot	2026-05-31T14:52:26.8363274Z         },
update-pip-graph	Run Dependabot	2026-05-31T14:52:26.8363573Z         "pkg:pypi/python-dotenv": {
update-pip-graph	Run Dependabot	2026-05-31T14:52:26.8364075Z           "package_url": "pkg:pypi/python-dotenv",
update-pip-graph	Run Dependabot	2026-05-31T14:52:26.8364483Z           "relationship": "direct",
update-pip-graph	Run Dependabot	2026-05-31T14:52:26.8364871Z           "scope": "runtime",
update-pip-graph	Run Dependabot	2026-05-31T14:52:26.8365251Z           "dependencies": []
update-pip-graph	Run Dependabot	2026-05-31T14:52:26.8365585Z         },
update-pip-graph	Run Dependabot	2026-05-31T14:52:26.8365929Z         "pkg:pypi/pyyaml": {
update-pip-graph	Run Dependabot	2026-05-31T14:52:26.8366308Z           "package_url": "pkg:pypi/pyyaml",
update-pip-graph	Run Dependabot	2026-05-31T14:52:26.8367619Z           "relationship": "direct",
update-pip-graph	Run Dependabot	2026-05-31T14:52:26.8368016Z           "scope": "runtime",
update-pip-graph	Run Dependabot	2026-05-31T14:52:26.8368376Z           "dependencies": []
update-pip-graph	Run Dependabot	2026-05-31T14:52:26.8368827Z         },
update-pip-graph	Run Dependabot	2026-05-31T14:52:26.8369120Z         "pkg:pypi/numpy": {
update-pip-graph	Run Dependabot	2026-05-31T14:52:26.8369530Z           "package_url": "pkg:pypi/numpy",
update-pip-graph	Run Dependabot	2026-05-31T14:52:26.8369949Z           "relationship": "direct",
update-pip-graph	Run Dependabot	2026-05-31T14:52:26.8370355Z           "scope": "runtime",
update-pip-graph	Run Dependabot	2026-05-31T14:52:26.8370702Z           "dependencies": []
update-pip-graph	Run Dependabot	2026-05-31T14:52:26.8371016Z         }
update-pip-graph	Run Dependabot	2026-05-31T14:52:26.8371360Z       }
update-pip-graph	Run Dependabot	2026-05-31T14:52:26.8371661Z     }
update-pip-graph	Run Dependabot	2026-05-31T14:52:26.8371952Z   },
update-pip-graph	Run Dependabot	2026-05-31T14:52:26.8372273Z   "metadata": {
update-pip-graph	Run Dependabot	2026-05-31T14:52:26.8372552Z     "status": "ok",
update-pip-graph	Run Dependabot	2026-05-31T14:52:26.8373072Z     "scanned_manifest_path": "pypi::/ai_engineering/llm_eval_harness"
update-pip-graph	Run Dependabot	2026-05-31T14:52:26.8373563Z   }
update-pip-graph	Run Dependabot	2026-05-31T14:52:26.8373923Z }
update-pip-graph	Run Dependabot	2026-05-31T14:52:26.8845447Z   proxy | 2026/05/31 14:52:26 [038] POST /update_jobs/1391636582/create_dependency_submission
update-pip-graph	Run Dependabot	2026-05-31T14:52:27.0988739Z   proxy | 2026/05/31 14:52:27 [038] 204 /update_jobs/1391636582/create_dependency_submission
update-pip-graph	Run Dependabot	2026-05-31T14:52:27.1034411Z updater | 2026/05/31 14:52:27 INFO <job_1391636582> Started process PID: 5155 with command: pyenv exec python3 /opt/python/run.py
update-pip-graph	Run Dependabot	2026-05-31T14:52:28.0653590Z updater | 2026/05/31 14:52:28 INFO <job_1391636582> Process PID: 5155 completed with status: pid 5155 exit 0
update-pip-graph	Run Dependabot	2026-05-31T14:52:28.0654769Z updater | 2026/05/31 14:52:28 INFO <job_1391636582> Total execution time: 0.96 seconds
update-pip-graph	Run Dependabot	2026-05-31T14:52:28.0670947Z updater | 2026/05/31 14:52:28 INFO <job_1391636582> Started process PID: 5287 with command: {} pyenv versions {}
update-pip-graph	Run Dependabot	2026-05-31T14:52:28.1355030Z updater | 2026/05/31 14:52:28 INFO <job_1391636582> Process PID: 5287 completed with status: pid 5287 exit 0
update-pip-graph	Run Dependabot	2026-05-31T14:52:28.1356064Z updater | 2026/05/31 14:52:28 INFO <job_1391636582> Total execution time: 0.07 seconds
update-pip-graph	Run Dependabot	2026-05-31T14:52:28.1373663Z updater | 2026/05/31 14:52:28 INFO <job_1391636582> Started process PID: 5362 with command: {} pyenv local 3.14 {}
update-pip-graph	Run Dependabot	2026-05-31T14:52:28.1745256Z updater | 2026/05/31 14:52:28 INFO <job_1391636582> Process PID: 5362 completed with status: pid 5362 exit 0
update-pip-graph	Run Dependabot	2026-05-31T14:52:28.1747114Z updater | 2026/05/31 14:52:28 INFO <job_1391636582> Total execution time: 0.04 seconds
update-pip-graph	Run Dependabot	2026-05-31T14:52:28.1751470Z updater | 2026/05/31 14:52:28 INFO <job_1391636582> Started process PID: 5406 with command: {} pyenv exec pip --version {}
update-pip-graph	Run Dependabot	2026-05-31T14:52:28.5121586Z updater | 2026/05/31 14:52:28 INFO <job_1391636582> Process PID: 5406 completed with status: pid 5406 exit 0
update-pip-graph	Run Dependabot	2026-05-31T14:52:28.5122979Z updater | 2026/05/31 14:52:28 INFO <job_1391636582> Total execution time: 0.34 seconds
update-pip-graph	Run Dependabot	2026-05-31T14:52:28.5124193Z 2026/05/31 14:52:28 INFO <job_1391636582> Package manager pip, Info : pip 26.1.1 from /usr/local/.pyenv/versions/3.14.5/lib/python3.14/site-packages/pip (python 3.14)
update-pip-graph	Run Dependabot	2026-05-31T14:52:28.5124897Z 
update-pip-graph	Run Dependabot	2026-05-31T14:52:28.5131946Z updater | 2026/05/31 14:52:28 INFO <job_1391636582> Started process PID: 5536 with command: {} pyenv exec python --version {}
update-pip-graph	Run Dependabot	2026-05-31T14:52:28.6161593Z updater | 2026/05/31 14:52:28 INFO <job_1391636582> Process PID: 5536 completed with status: pid 5536 exit 0
update-pip-graph	Run Dependabot	2026-05-31T14:52:28.6163067Z updater | 2026/05/31 14:52:28 INFO <job_1391636582> Total execution time: 0.1 seconds
update-pip-graph	Run Dependabot	2026-05-31T14:52:28.6404158Z updater | 2026/05/31 14:52:28 INFO <job_1391636582> Dependency submission payload:
update-pip-graph	Run Dependabot	2026-05-31T14:52:28.6405409Z {
update-pip-graph	Run Dependabot	2026-05-31T14:52:28.6406287Z   "version": 1,
update-pip-graph	Run Dependabot	2026-05-31T14:52:28.6407152Z   "sha": "ac8e9e2ed8c88bc95396790f480da71981d0f5b5",
update-pip-graph	Run Dependabot	2026-05-31T14:52:28.6407732Z   "ref": "refs/heads/main",
update-pip-graph	Run Dependabot	2026-05-31T14:52:28.6408080Z   "job": {
update-pip-graph	Run Dependabot	2026-05-31T14:52:28.6408670Z     "correlator": "dependabot-pip-565c700ec2efe2a80e680d65d10fbdafa0ef449ced69ced6ce1d250927dd7648",
update-pip-graph	Run Dependabot	2026-05-31T14:52:28.6409352Z     "id": "1391636582"
update-pip-graph	Run Dependabot	2026-05-31T14:52:28.6409831Z   },
update-pip-graph	Run Dependabot	2026-05-31T14:52:28.6410355Z   "detector": {
update-pip-graph	Run Dependabot	2026-05-31T14:52:28.6410891Z     "name": "dependabot",
update-pip-graph	Run Dependabot	2026-05-31T14:52:28.6411485Z     "version": "0.379.0-be763ff33d24ae49d44c6a4fa725ae4dec24cfb5",
update-pip-graph	Run Dependabot	2026-05-31T14:52:28.6412064Z     "url": "https://github.com/dependabot/dependabot-core"
update-pip-graph	Run Dependabot	2026-05-31T14:52:28.6412519Z   },
update-pip-graph	Run Dependabot	2026-05-31T14:52:28.6412901Z   "manifests": {
update-pip-graph	Run Dependabot	2026-05-31T14:52:28.6413324Z     "/ai_engineering/nlp_text_summarization_api/requirements.txt": {
update-pip-graph	Run Dependabot	2026-05-31T14:52:28.6413929Z       "name": "/ai_engineering/nlp_text_summarization_api/requirements.txt",
update-pip-graph	Run Dependabot	2026-05-31T14:52:28.6414453Z       "file": {
update-pip-graph	Run Dependabot	2026-05-31T14:52:28.6414916Z         "source_location": "ai_engineering/nlp_text_summarization_api/requirements.txt"
update-pip-graph	Run Dependabot	2026-05-31T14:52:28.6415426Z       },
update-pip-graph	Run Dependabot	2026-05-31T14:52:28.6415728Z       "metadata": {
update-pip-graph	Run Dependabot	2026-05-31T14:52:28.6416098Z         "ecosystem": "pypi",
update-pip-graph	Run Dependabot	2026-05-31T14:52:28.6416524Z         "blob_oid": "2bd7e00a39996aacd14f3684e7ea180ed227093c"
update-pip-graph	Run Dependabot	2026-05-31T14:52:28.6417411Z       },
update-pip-graph	Run Dependabot	2026-05-31T14:52:28.6417763Z       "resolved": {
update-pip-graph	Run Dependabot	2026-05-31T14:52:28.6418066Z         "pkg:pypi/httpx": {
update-pip-graph	Run Dependabot	2026-05-31T14:52:28.6418477Z           "package_url": "pkg:pypi/httpx",
update-pip-graph	Run Dependabot	2026-05-31T14:52:28.6418929Z           "relationship": "direct",
update-pip-graph	Run Dependabot	2026-05-31T14:52:28.6419319Z           "scope": "runtime",
update-pip-graph	Run Dependabot	2026-05-31T14:52:28.6419665Z           "dependencies": []
update-pip-graph	Run Dependabot	2026-05-31T14:52:28.6420020Z         },
update-pip-graph	Run Dependabot	2026-05-31T14:52:28.6479823Z         "pkg:pypi/python-dotenv": {
update-pip-graph	Run Dependabot	2026-05-31T14:52:28.6480355Z           "package_url": "pkg:pypi/python-dotenv",
update-pip-graph	Run Dependabot	2026-05-31T14:52:28.6480924Z           "relationship": "direct",
update-pip-graph	Run Dependabot	2026-05-31T14:52:28.6481365Z           "scope": "runtime",
update-pip-graph	Run Dependabot	2026-05-31T14:52:28.6481821Z           "dependencies": []
update-pip-graph	Run Dependabot	2026-05-31T14:52:28.6482299Z         },
update-pip-graph	Run Dependabot	2026-05-31T14:52:28.6482731Z         "pkg:pypi/colorama": {
update-pip-graph	Run Dependabot	2026-05-31T14:52:28.6483233Z           "package_url": "pkg:pypi/colorama",
update-pip-graph	Run Dependabot	2026-05-31T14:52:28.6483692Z           "relationship": "direct",
update-pip-graph	Run Dependabot	2026-05-31T14:52:28.6484104Z           "scope": "runtime",
update-pip-graph	Run Dependabot	2026-05-31T14:52:28.6484484Z           "dependencies": []
update-pip-graph	Run Dependabot	2026-05-31T14:52:28.6484857Z         }
update-pip-graph	Run Dependabot	2026-05-31T14:52:28.6485163Z       }
update-pip-graph	Run Dependabot	2026-05-31T14:52:28.6485456Z     }
update-pip-graph	Run Dependabot	2026-05-31T14:52:28.6485730Z   },
update-pip-graph	Run Dependabot	2026-05-31T14:52:28.6486008Z   "metadata": {
update-pip-graph	Run Dependabot	2026-05-31T14:52:28.6486322Z     "status": "ok",
update-pip-graph	Run Dependabot	2026-05-31T14:52:28.6487378Z     "scanned_manifest_path": "pypi::/ai_engineering/nlp_text_summarization_api"
update-pip-graph	Run Dependabot	2026-05-31T14:52:28.6488066Z   }
update-pip-graph	Run Dependabot	2026-05-31T14:52:28.6488367Z }
update-pip-graph	Run Dependabot	2026-05-31T14:52:28.6904906Z   proxy | 2026/05/31 14:52:28 [040] POST /update_jobs/1391636582/create_dependency_submission
update-pip-graph	Run Dependabot	2026-05-31T14:52:28.8885105Z   proxy | 2026/05/31 14:52:28 [040] 204 /update_jobs/1391636582/create_dependency_submission
update-pip-graph	Run Dependabot	2026-05-31T14:52:28.8959840Z updater | 2026/05/31 14:52:28 INFO <job_1391636582> Started process PID: 5645 with command: pyenv exec python3 /opt/python/run.py
update-pip-graph	Run Dependabot	2026-05-31T14:52:29.8669249Z updater | 2026/05/31 14:52:29 INFO <job_1391636582> Process PID: 5645 completed with status: pid 5645 exit 0
update-pip-graph	Run Dependabot	2026-05-31T14:52:29.8669936Z updater | 2026/05/31 14:52:29 INFO <job_1391636582> Total execution time: 0.97 seconds
update-pip-graph	Run Dependabot	2026-05-31T14:52:29.8699020Z updater | 2026/05/31 14:52:29 INFO <job_1391636582> Started process PID: 5777 with command: {} pyenv versions {}
update-pip-graph	Run Dependabot	2026-05-31T14:52:29.9383827Z updater | 2026/05/31 14:52:29 INFO <job_1391636582> Process PID: 5777 completed with status: pid 5777 exit 0
update-pip-graph	Run Dependabot	2026-05-31T14:52:29.9385519Z 2026/05/31 14:52:29 INFO <job_1391636582> Total execution time: 0.07 seconds
update-pip-graph	Run Dependabot	2026-05-31T14:52:29.9402876Z updater | 2026/05/31 14:52:29 INFO <job_1391636582> Started process PID: 5852 with command: {} pyenv local 3.14 {}
update-pip-graph	Run Dependabot	2026-05-31T14:52:29.9762414Z updater | 2026/05/31 14:52:29 INFO <job_1391636582> Process PID: 5852 completed with status: pid 5852 exit 0
update-pip-graph	Run Dependabot	2026-05-31T14:52:29.9763888Z updater | 2026/05/31 14:52:29 INFO <job_1391636582> Total execution time: 0.04 seconds
update-pip-graph	Run Dependabot	2026-05-31T14:52:29.9787869Z updater | 2026/05/31 14:52:29 INFO <job_1391636582> Started process PID: 5896 with command: {} pyenv exec pip --version {}
update-pip-graph	Run Dependabot	2026-05-31T14:52:30.3036452Z updater | 2026/05/31 14:52:30 INFO <job_1391636582> Process PID: 5896 completed with status: pid 5896 exit 0
update-pip-graph	Run Dependabot	2026-05-31T14:52:30.3037794Z updater | 2026/05/31 14:52:30 INFO <job_1391636582> Total execution time: 0.33 seconds
update-pip-graph	Run Dependabot	2026-05-31T14:52:30.3041884Z updater | 2026/05/31 14:52:30 INFO <job_1391636582> Package manager pip, Info : pip 26.1.1 from /usr/local/.pyenv/versions/3.14.5/lib/python3.14/site-packages/pip (python 3.14)
update-pip-graph	Run Dependabot	2026-05-31T14:52:30.3043232Z 
update-pip-graph	Run Dependabot	2026-05-31T14:52:30.3048028Z updater | 2026/05/31 14:52:30 INFO <job_1391636582> Started process PID: 6026 with command: {} pyenv exec python --version {}
update-pip-graph	Run Dependabot	2026-05-31T14:52:30.4056556Z updater | 2026/05/31 14:52:30 INFO <job_1391636582> Process PID: 6026 completed with status: pid 6026 exit 0
update-pip-graph	Run Dependabot	2026-05-31T14:52:30.4057805Z 2026/05/31 14:52:30 INFO <job_1391636582> Total execution time: 0.1 seconds
update-pip-graph	Run Dependabot	2026-05-31T14:52:30.4066603Z updater | 2026/05/31 14:52:30 INFO <job_1391636582> Dependency submission payload:
update-pip-graph	Run Dependabot	2026-05-31T14:52:30.4067681Z {
update-pip-graph	Run Dependabot	2026-05-31T14:52:30.4068222Z   "version": 1,
update-pip-graph	Run Dependabot	2026-05-31T14:52:30.4068664Z   "sha": "ac8e9e2ed8c88bc95396790f480da71981d0f5b5",
update-pip-graph	Run Dependabot	2026-05-31T14:52:30.4069200Z   "ref": "refs/heads/main",
update-pip-graph	Run Dependabot	2026-05-31T14:52:30.4069585Z   "job": {
update-pip-graph	Run Dependabot	2026-05-31T14:52:30.4070061Z     "correlator": "dependabot-pip-ai_engineering-rag_assistant",
update-pip-graph	Run Dependabot	2026-05-31T14:52:30.4070692Z     "id": "1391636582"
update-pip-graph	Run Dependabot	2026-05-31T14:52:30.4071404Z   },
update-pip-graph	Run Dependabot	2026-05-31T14:52:30.4071710Z   "detector": {
update-pip-graph	Run Dependabot	2026-05-31T14:52:30.4072060Z     "name": "dependabot",
update-pip-graph	Run Dependabot	2026-05-31T14:52:30.4072596Z     "version": "0.379.0-be763ff33d24ae49d44c6a4fa725ae4dec24cfb5",
update-pip-graph	Run Dependabot	2026-05-31T14:52:30.4073311Z     "url": "https://github.com/dependabot/dependabot-core"
update-pip-graph	Run Dependabot	2026-05-31T14:52:30.4073828Z   },
update-pip-graph	Run Dependabot	2026-05-31T14:52:30.4074032Z   "manifests": {
update-pip-graph	Run Dependabot	2026-05-31T14:52:30.4074454Z     "/ai_engineering/rag_assistant/requirements.txt": {
update-pip-graph	Run Dependabot	2026-05-31T14:52:30.4074980Z       "name": "/ai_engineering/rag_assistant/requirements.txt",
update-pip-graph	Run Dependabot	2026-05-31T14:52:30.4075316Z       "file": {
update-pip-graph	Run Dependabot	2026-05-31T14:52:30.4075631Z         "source_location": "ai_engineering/rag_assistant/requirements.txt"
update-pip-graph	Run Dependabot	2026-05-31T14:52:30.4075995Z       },
update-pip-graph	Run Dependabot	2026-05-31T14:52:30.4076185Z       "metadata": {
update-pip-graph	Run Dependabot	2026-05-31T14:52:30.4076413Z         "ecosystem": "pypi",
update-pip-graph	Run Dependabot	2026-05-31T14:52:30.4077199Z         "blob_oid": "1a4fbcd755c806075e764c33a0fce5de8108d145"
update-pip-graph	Run Dependabot	2026-05-31T14:52:30.4077617Z       },
update-pip-graph	Run Dependabot	2026-05-31T14:52:30.4077827Z       "resolved": {
update-pip-graph	Run Dependabot	2026-05-31T14:52:30.4078056Z         "pkg:pypi/numpy": {
update-pip-graph	Run Dependabot	2026-05-31T14:52:30.4078319Z           "package_url": "pkg:pypi/numpy",
update-pip-graph	Run Dependabot	2026-05-31T14:52:30.4078613Z           "relationship": "direct",
update-pip-graph	Run Dependabot	2026-05-31T14:52:30.4078890Z           "scope": "runtime",
update-pip-graph	Run Dependabot	2026-05-31T14:52:30.4079137Z           "dependencies": []
update-pip-graph	Run Dependabot	2026-05-31T14:52:30.4079365Z         },
update-pip-graph	Run Dependabot	2026-05-31T14:52:30.4079564Z         "pkg:pypi/httpx": {
update-pip-graph	Run Dependabot	2026-05-31T14:52:30.4079826Z           "package_url": "pkg:pypi/httpx",
update-pip-graph	Run Dependabot	2026-05-31T14:52:30.4080107Z           "relationship": "direct",
update-pip-graph	Run Dependabot	2026-05-31T14:52:30.4080366Z           "scope": "runtime",
update-pip-graph	Run Dependabot	2026-05-31T14:52:30.4080617Z           "dependencies": []
update-pip-graph	Run Dependabot	2026-05-31T14:52:30.4080842Z         },
update-pip-graph	Run Dependabot	2026-05-31T14:52:30.4081047Z         "pkg:pypi/python-dotenv": {
update-pip-graph	Run Dependabot	2026-05-31T14:52:30.4081343Z           "package_url": "pkg:pypi/python-dotenv",
update-pip-graph	Run Dependabot	2026-05-31T14:52:30.4081656Z           "relationship": "direct",
update-pip-graph	Run Dependabot	2026-05-31T14:52:30.4082111Z           "scope": "runtime",
update-pip-graph	Run Dependabot	2026-05-31T14:52:30.4082356Z           "dependencies": []
update-pip-graph	Run Dependabot	2026-05-31T14:52:30.4082586Z         },
update-pip-graph	Run Dependabot	2026-05-31T14:52:30.4082787Z         "pkg:pypi/faiss-cpu": {
update-pip-graph	Run Dependabot	2026-05-31T14:52:30.4083062Z           "package_url": "pkg:pypi/faiss-cpu",
update-pip-graph	Run Dependabot	2026-05-31T14:52:30.4083351Z           "relationship": "direct",
update-pip-graph	Run Dependabot	2026-05-31T14:52:30.4083602Z           "scope": "runtime",
update-pip-graph	Run Dependabot	2026-05-31T14:52:30.4083838Z           "dependencies": []
update-pip-graph	Run Dependabot	2026-05-31T14:52:30.4084059Z         },
update-pip-graph	Run Dependabot	2026-05-31T14:52:30.4084272Z         "pkg:pypi/sentence-transformers": {
update-pip-graph	Run Dependabot	2026-05-31T14:52:30.4084614Z           "package_url": "pkg:pypi/sentence-transformers",
update-pip-graph	Run Dependabot	2026-05-31T14:52:30.4084942Z           "relationship": "direct",
update-pip-graph	Run Dependabot	2026-05-31T14:52:30.4085191Z           "scope": "runtime",
update-pip-graph	Run Dependabot	2026-05-31T14:52:30.4085439Z           "dependencies": []
update-pip-graph	Run Dependabot	2026-05-31T14:52:30.4085674Z         },
update-pip-graph	Run Dependabot	2026-05-31T14:52:30.4085883Z         "pkg:pypi/pypdf": {
update-pip-graph	Run Dependabot	2026-05-31T14:52:30.4086138Z           "package_url": "pkg:pypi/pypdf",
update-pip-graph	Run Dependabot	2026-05-31T14:52:30.4086430Z           "relationship": "direct",
update-pip-graph	Run Dependabot	2026-05-31T14:52:30.4086921Z           "scope": "runtime",
update-pip-graph	Run Dependabot	2026-05-31T14:52:30.4087215Z           "dependencies": []
update-pip-graph	Run Dependabot	2026-05-31T14:52:30.4087450Z         },
update-pip-graph	Run Dependabot	2026-05-31T14:52:30.4087659Z         "pkg:pypi/beautifulsoup4": {
update-pip-graph	Run Dependabot	2026-05-31T14:52:30.4087974Z           "package_url": "pkg:pypi/beautifulsoup4",
update-pip-graph	Run Dependabot	2026-05-31T14:52:30.4088296Z           "relationship": "direct",
update-pip-graph	Run Dependabot	2026-05-31T14:52:30.4088553Z           "scope": "runtime",
update-pip-graph	Run Dependabot	2026-05-31T14:52:30.4088793Z           "dependencies": []
update-pip-graph	Run Dependabot	2026-05-31T14:52:30.4089026Z         },
update-pip-graph	Run Dependabot	2026-05-31T14:52:30.4089224Z         "pkg:pypi/flask": {
update-pip-graph	Run Dependabot	2026-05-31T14:52:30.4089470Z           "package_url": "pkg:pypi/flask",
update-pip-graph	Run Dependabot	2026-05-31T14:52:30.4089747Z           "relationship": "direct",
update-pip-graph	Run Dependabot	2026-05-31T14:52:30.4090017Z           "scope": "runtime",
update-pip-graph	Run Dependabot	2026-05-31T14:52:30.4090257Z           "dependencies": []
update-pip-graph	Run Dependabot	2026-05-31T14:52:30.4090483Z         }
update-pip-graph	Run Dependabot	2026-05-31T14:52:30.4090664Z       }
update-pip-graph	Run Dependabot	2026-05-31T14:52:30.4090859Z     }
update-pip-graph	Run Dependabot	2026-05-31T14:52:30.4091038Z   },
update-pip-graph	Run Dependabot	2026-05-31T14:52:30.4091223Z   "metadata": {
update-pip-graph	Run Dependabot	2026-05-31T14:52:30.4091572Z     "status": "ok",
update-pip-graph	Run Dependabot	2026-05-31T14:52:30.4091957Z     "scanned_manifest_path": "pypi::/ai_engineering/rag_assistant"
update-pip-graph	Run Dependabot	2026-05-31T14:52:30.4092306Z   }
update-pip-graph	Run Dependabot	2026-05-31T14:52:30.4092482Z }
update-pip-graph	Run Dependabot	2026-05-31T14:52:30.4565860Z   proxy | 2026/05/31 14:52:30 [042] POST /update_jobs/1391636582/create_dependency_submission
update-pip-graph	Run Dependabot	2026-05-31T14:52:30.6643204Z   proxy | 2026/05/31 14:52:30 [042] 204 /update_jobs/1391636582/create_dependency_submission
update-pip-graph	Run Dependabot	2026-05-31T14:52:30.6693621Z updater | 2026/05/31 14:52:30 INFO <job_1391636582> Started process PID: 6135 with command: pyenv exec python3 /opt/python/run.py
update-pip-graph	Run Dependabot	2026-05-31T14:52:31.6190962Z updater | 2026/05/31 14:52:31 INFO <job_1391636582> Process PID: 6135 completed with status: pid 6135 exit 0
update-pip-graph	Run Dependabot	2026-05-31T14:52:31.6191623Z 2026/05/31 14:52:31 INFO <job_1391636582> Total execution time: 0.95 seconds
update-pip-graph	Run Dependabot	2026-05-31T14:52:31.6207652Z updater | 2026/05/31 14:52:31 INFO <job_1391636582> Started process PID: 6267 with command: {} pyenv versions {}
update-pip-graph	Run Dependabot	2026-05-31T14:52:31.6916043Z updater | 2026/05/31 14:52:31 INFO <job_1391636582> Process PID: 6267 completed with status: pid 6267 exit 0
update-pip-graph	Run Dependabot	2026-05-31T14:52:31.6918560Z updater | 2026/05/31 14:52:31 INFO <job_1391636582> Total execution time: 0.07 seconds
update-pip-graph	Run Dependabot	2026-05-31T14:52:31.6937585Z updater | 2026/05/31 14:52:31 INFO <job_1391636582> Started process PID: 6342 with command: {} pyenv local 3.14 {}
update-pip-graph	Run Dependabot	2026-05-31T14:52:31.7303836Z updater | 2026/05/31 14:52:31 INFO <job_1391636582> Process PID: 6342 completed with status: pid 6342 exit 0
update-pip-graph	Run Dependabot	2026-05-31T14:52:31.7304829Z updater | 2026/05/31 14:52:31 INFO <job_1391636582> Total execution time: 0.04 seconds
update-pip-graph	Run Dependabot	2026-05-31T14:52:31.7313494Z updater | 2026/05/31 14:52:31 INFO <job_1391636582> Started process PID: 6386 with command: {} pyenv exec pip --version {}
update-pip-graph	Run Dependabot	2026-05-31T14:52:32.0599713Z updater | 2026/05/31 14:52:32 INFO <job_1391636582> Process PID: 6386 completed with status: pid 6386 exit 0
update-pip-graph	Run Dependabot	2026-05-31T14:52:32.0601362Z updater | 2026/05/31 14:52:32 INFO <job_1391636582> Total execution time: 0.33 seconds
update-pip-graph	Run Dependabot	2026-05-31T14:52:32.0602722Z 2026/05/31 14:52:32 INFO <job_1391636582> Package manager pip, Info : pip 26.1.1 from /usr/local/.pyenv/versions/3.14.5/lib/python3.14/site-packages/pip (python 3.14)
update-pip-graph	Run Dependabot	2026-05-31T14:52:32.0603327Z 
update-pip-graph	Run Dependabot	2026-05-31T14:52:32.0608667Z updater | 2026/05/31 14:52:32 INFO <job_1391636582> Started process PID: 6516 with command: {} pyenv exec python --version {}
update-pip-graph	Run Dependabot	2026-05-31T14:52:32.1641320Z updater | 2026/05/31 14:52:32 INFO <job_1391636582> Process PID: 6516 completed with status: pid 6516 exit 0
update-pip-graph	Run Dependabot	2026-05-31T14:52:32.1642315Z 2026/05/31 14:52:32 INFO <job_1391636582> Total execution time: 0.1 seconds
update-pip-graph	Run Dependabot	2026-05-31T14:52:32.1650221Z updater | 2026/05/31 14:52:32 INFO <job_1391636582> Dependency submission payload:
update-pip-graph	Run Dependabot	2026-05-31T14:52:32.1650938Z {
update-pip-graph	Run Dependabot	2026-05-31T14:52:32.1651249Z   "version": 1,
update-pip-graph	Run Dependabot	2026-05-31T14:52:32.1651564Z   "sha": "ac8e9e2ed8c88bc95396790f480da71981d0f5b5",
update-pip-graph	Run Dependabot	2026-05-31T14:52:32.1651898Z   "ref": "refs/heads/main",
update-pip-graph	Run Dependabot	2026-05-31T14:52:32.1652158Z   "job": {
update-pip-graph	Run Dependabot	2026-05-31T14:52:32.1652483Z     "correlator": "dependabot-pip-ai_engineering-rlvr-grpo_minimal",
update-pip-graph	Run Dependabot	2026-05-31T14:52:32.1652888Z     "id": "1391636582"
update-pip-graph	Run Dependabot	2026-05-31T14:52:32.1653103Z   },
update-pip-graph	Run Dependabot	2026-05-31T14:52:32.1653293Z   "detector": {
update-pip-graph	Run Dependabot	2026-05-31T14:52:32.1653509Z     "name": "dependabot",
update-pip-graph	Run Dependabot	2026-05-31T14:52:32.1653834Z     "version": "0.379.0-be763ff33d24ae49d44c6a4fa725ae4dec24cfb5",
update-pip-graph	Run Dependabot	2026-05-31T14:52:32.1654263Z     "url": "https://github.com/dependabot/dependabot-core"
update-pip-graph	Run Dependabot	2026-05-31T14:52:32.1654586Z   },
update-pip-graph	Run Dependabot	2026-05-31T14:52:32.1654768Z   "manifests": {
update-pip-graph	Run Dependabot	2026-05-31T14:52:32.1655039Z     "/ai_engineering/rlvr/grpo_minimal/requirements.txt": {
update-pip-graph	Run Dependabot	2026-05-31T14:52:32.1655448Z       "name": "/ai_engineering/rlvr/grpo_minimal/requirements.txt",
update-pip-graph	Run Dependabot	2026-05-31T14:52:32.1655783Z       "file": {
update-pip-graph	Run Dependabot	2026-05-31T14:52:32.1656096Z         "source_location": "ai_engineering/rlvr/grpo_minimal/requirements.txt"
update-pip-graph	Run Dependabot	2026-05-31T14:52:32.1656642Z       },
update-pip-graph	Run Dependabot	2026-05-31T14:52:32.1657222Z       "metadata": {
update-pip-graph	Run Dependabot	2026-05-31T14:52:32.1657620Z         "ecosystem": "pypi",
update-pip-graph	Run Dependabot	2026-05-31T14:52:32.1658599Z         "blob_oid": "5f11f5308fea3c54d876976bdf9a23fb04fde1b4"
update-pip-graph	Run Dependabot	2026-05-31T14:52:32.1658994Z       },
update-pip-graph	Run Dependabot	2026-05-31T14:52:32.1659180Z       "resolved": {
update-pip-graph	Run Dependabot	2026-05-31T14:52:32.1659427Z         "pkg:pypi/numpy": {
update-pip-graph	Run Dependabot	2026-05-31T14:52:32.1659686Z           "package_url": "pkg:pypi/numpy",
update-pip-graph	Run Dependabot	2026-05-31T14:52:32.1659977Z           "relationship": "direct",
update-pip-graph	Run Dependabot	2026-05-31T14:52:32.1660239Z           "scope": "runtime",
update-pip-graph	Run Dependabot	2026-05-31T14:52:32.1660484Z           "dependencies": []
update-pip-graph	Run Dependabot	2026-05-31T14:52:32.1660716Z         },
update-pip-graph	Run Dependabot	2026-05-31T14:52:32.1660922Z         "pkg:pypi/matplotlib": {
update-pip-graph	Run Dependabot	2026-05-31T14:52:32.1661205Z           "package_url": "pkg:pypi/matplotlib",
update-pip-graph	Run Dependabot	2026-05-31T14:52:32.1661502Z           "relationship": "direct",
update-pip-graph	Run Dependabot	2026-05-31T14:52:32.1661764Z           "scope": "runtime",
update-pip-graph	Run Dependabot	2026-05-31T14:52:32.1662005Z           "dependencies": []
update-pip-graph	Run Dependabot	2026-05-31T14:52:32.1662236Z         }
update-pip-graph	Run Dependabot	2026-05-31T14:52:32.1662426Z       }
update-pip-graph	Run Dependabot	2026-05-31T14:52:32.1662609Z     }
update-pip-graph	Run Dependabot	2026-05-31T14:52:32.1662780Z   },
update-pip-graph	Run Dependabot	2026-05-31T14:52:32.1662958Z   "metadata": {
update-pip-graph	Run Dependabot	2026-05-31T14:52:32.1663168Z     "status": "ok",
update-pip-graph	Run Dependabot	2026-05-31T14:52:32.1663551Z     "scanned_manifest_path": "pypi::/ai_engineering/rlvr/grpo_minimal"
update-pip-graph	Run Dependabot	2026-05-31T14:52:32.1663916Z   }
update-pip-graph	Run Dependabot	2026-05-31T14:52:32.1664087Z }
update-pip-graph	Run Dependabot	2026-05-31T14:52:32.2574666Z   proxy | 2026/05/31 14:52:32 [044] POST /update_jobs/1391636582/create_dependency_submission
update-pip-graph	Run Dependabot	2026-05-31T14:52:32.4778499Z   proxy | 2026/05/31 14:52:32 [044] 204 /update_jobs/1391636582/create_dependency_submission
update-pip-graph	Run Dependabot	2026-05-31T14:52:32.4837008Z updater | 2026/05/31 14:52:32 INFO <job_1391636582> Started process PID: 6625 with command: pyenv exec python3 /opt/python/run.py
update-pip-graph	Run Dependabot	2026-05-31T14:52:33.4275173Z updater | 2026/05/31 14:52:33 INFO <job_1391636582> Process PID: 6625 completed with status: pid 6625 exit 0
update-pip-graph	Run Dependabot	2026-05-31T14:52:33.4287056Z updater | 2026/05/31 14:52:33 INFO <job_1391636582> Total execution time: 0.94 seconds
update-pip-graph	Run Dependabot	2026-05-31T14:52:33.4298701Z updater | 2026/05/31 14:52:33 INFO <job_1391636582> Started process PID: 6757 with command: {} pyenv versions {}
update-pip-graph	Run Dependabot	2026-05-31T14:52:33.4971578Z updater | 2026/05/31 14:52:33 INFO <job_1391636582> Process PID: 6757 completed with status: pid 6757 exit 0
update-pip-graph	Run Dependabot	2026-05-31T14:52:33.4972715Z updater | 2026/05/31 14:52:33 INFO <job_1391636582> Total execution time: 0.07 seconds
update-pip-graph	Run Dependabot	2026-05-31T14:52:33.4988857Z updater | 2026/05/31 14:52:33 INFO <job_1391636582> Started process PID: 6832 with command: {} pyenv local 3.14 {}
update-pip-graph	Run Dependabot	2026-05-31T14:52:33.5344973Z updater | 2026/05/31 14:52:33 INFO <job_1391636582> Process PID: 6832 completed with status: pid 6832 exit 0
update-pip-graph	Run Dependabot	2026-05-31T14:52:33.5346407Z updater | 2026/05/31 14:52:33 INFO <job_1391636582> Total execution time: 0.04 seconds
update-pip-graph	Run Dependabot	2026-05-31T14:52:33.5353073Z updater | 2026/05/31 14:52:33 INFO <job_1391636582> Started process PID: 6876 with command: {} pyenv exec pip --version {}
update-pip-graph	Run Dependabot	2026-05-31T14:52:33.8620604Z updater | 2026/05/31 14:52:33 INFO <job_1391636582> Process PID: 6876 completed with status: pid 6876 exit 0
update-pip-graph	Run Dependabot	2026-05-31T14:52:33.8621720Z updater | 2026/05/31 14:52:33 INFO <job_1391636582> Total execution time: 0.33 seconds
update-pip-graph	Run Dependabot	2026-05-31T14:52:33.8623119Z updater | 2026/05/31 14:52:33 INFO <job_1391636582> Package manager pip, Info : pip 26.1.1 from /usr/local/.pyenv/versions/3.14.5/lib/python3.14/site-packages/pip (python 3.14)
update-pip-graph	Run Dependabot	2026-05-31T14:52:33.8623901Z 
update-pip-graph	Run Dependabot	2026-05-31T14:52:33.8630579Z updater | 2026/05/31 14:52:33 INFO <job_1391636582> Started process PID: 7006 with command: {} pyenv exec python --version {}
update-pip-graph	Run Dependabot	2026-05-31T14:52:33.9630417Z updater | 2026/05/31 14:52:33 INFO <job_1391636582> Process PID: 7006 completed with status: pid 7006 exit 0
update-pip-graph	Run Dependabot	2026-05-31T14:52:33.9631559Z updater | 2026/05/31 14:52:33 INFO <job_1391636582> Total execution time: 0.1 seconds
update-pip-graph	Run Dependabot	2026-05-31T14:52:33.9642091Z updater | 2026/05/31 14:52:33 INFO <job_1391636582> Dependency submission payload:
update-pip-graph	Run Dependabot	2026-05-31T14:52:33.9642978Z {
update-pip-graph	Run Dependabot	2026-05-31T14:52:33.9643414Z   "version": 1,
update-pip-graph	Run Dependabot	2026-05-31T14:52:33.9643851Z   "sha": "ac8e9e2ed8c88bc95396790f480da71981d0f5b5",
update-pip-graph	Run Dependabot	2026-05-31T14:52:33.9644406Z   "ref": "refs/heads/main",
update-pip-graph	Run Dependabot	2026-05-31T14:52:33.9644643Z   "job": {
update-pip-graph	Run Dependabot	2026-05-31T14:52:33.9645373Z     "correlator": "dependabot-pip-df5c2527fb2a3b3a0a46bf3763d434ede509082d4cfd56cd6fc93d4ac3c331a4",
update-pip-graph	Run Dependabot	2026-05-31T14:52:33.9645903Z     "id": "1391636582"
update-pip-graph	Run Dependabot	2026-05-31T14:52:33.9646122Z   },
update-pip-graph	Run Dependabot	2026-05-31T14:52:33.9646312Z   "detector": {
update-pip-graph	Run Dependabot	2026-05-31T14:52:33.9646555Z     "name": "dependabot",
update-pip-graph	Run Dependabot	2026-05-31T14:52:33.9647414Z     "version": "0.379.0-be763ff33d24ae49d44c6a4fa725ae4dec24cfb5",
update-pip-graph	Run Dependabot	2026-05-31T14:52:33.9648045Z     "url": "https://github.com/dependabot/dependabot-core"
update-pip-graph	Run Dependabot	2026-05-31T14:52:33.9648512Z   },
update-pip-graph	Run Dependabot	2026-05-31T14:52:33.9648827Z   "manifests": {
update-pip-graph	Run Dependabot	2026-05-31T14:52:33.9649282Z     "/ai_engineering/rlvr/regularized_operator_zoo/requirements.txt": {
update-pip-graph	Run Dependabot	2026-05-31T14:52:33.9649818Z       "name": "/ai_engineering/rlvr/regularized_operator_zoo/requirements.txt",
update-pip-graph	Run Dependabot	2026-05-31T14:52:33.9650225Z       "file": {
update-pip-graph	Run Dependabot	2026-05-31T14:52:33.9650592Z         "source_location": "ai_engineering/rlvr/regularized_operator_zoo/requirements.txt"
update-pip-graph	Run Dependabot	2026-05-31T14:52:33.9651019Z       },
update-pip-graph	Run Dependabot	2026-05-31T14:52:33.9651207Z       "metadata": {
update-pip-graph	Run Dependabot	2026-05-31T14:52:33.9651438Z         "ecosystem": "pypi",
update-pip-graph	Run Dependabot	2026-05-31T14:52:33.9651740Z         "blob_oid": "5f11f5308fea3c54d876976bdf9a23fb04fde1b4"
update-pip-graph	Run Dependabot	2026-05-31T14:52:33.9652048Z       },
update-pip-graph	Run Dependabot	2026-05-31T14:52:33.9652236Z       "resolved": {
update-pip-graph	Run Dependabot	2026-05-31T14:52:33.9652450Z         "pkg:pypi/numpy": {
update-pip-graph	Run Dependabot	2026-05-31T14:52:33.9652707Z           "package_url": "pkg:pypi/numpy",
update-pip-graph	Run Dependabot	2026-05-31T14:52:33.9652994Z           "relationship": "direct",
update-pip-graph	Run Dependabot	2026-05-31T14:52:33.9653264Z           "scope": "runtime",
update-pip-graph	Run Dependabot	2026-05-31T14:52:33.9653507Z           "dependencies": []
update-pip-graph	Run Dependabot	2026-05-31T14:52:33.9653732Z         },
update-pip-graph	Run Dependabot	2026-05-31T14:52:33.9653936Z         "pkg:pypi/matplotlib": {
update-pip-graph	Run Dependabot	2026-05-31T14:52:33.9654221Z           "package_url": "pkg:pypi/matplotlib",
update-pip-graph	Run Dependabot	2026-05-31T14:52:33.9654518Z           "relationship": "direct",
update-pip-graph	Run Dependabot	2026-05-31T14:52:33.9654772Z           "scope": "runtime",
update-pip-graph	Run Dependabot	2026-05-31T14:52:33.9655017Z           "dependencies": []
update-pip-graph	Run Dependabot	2026-05-31T14:52:33.9655490Z         }
update-pip-graph	Run Dependabot	2026-05-31T14:52:33.9655673Z       }
update-pip-graph	Run Dependabot	2026-05-31T14:52:33.9655857Z     }
update-pip-graph	Run Dependabot	2026-05-31T14:52:33.9656040Z   },
update-pip-graph	Run Dependabot	2026-05-31T14:52:33.9656222Z   "metadata": {
update-pip-graph	Run Dependabot	2026-05-31T14:52:33.9656425Z     "status": "ok",
update-pip-graph	Run Dependabot	2026-05-31T14:52:33.9657085Z     "scanned_manifest_path": "pypi::/ai_engineering/rlvr/regularized_operator_zoo"
update-pip-graph	Run Dependabot	2026-05-31T14:52:33.9657499Z   }
update-pip-graph	Run Dependabot	2026-05-31T14:52:33.9657710Z }
update-pip-graph	Run Dependabot	2026-05-31T14:52:34.0532909Z   proxy | 2026/05/31 14:52:34 [046] POST /update_jobs/1391636582/create_dependency_submission
update-pip-graph	Run Dependabot	2026-05-31T14:52:34.2713906Z   proxy | 2026/05/31 14:52:34 [046] 204 /update_jobs/1391636582/create_dependency_submission
update-pip-graph	Run Dependabot	2026-05-31T14:52:34.2759262Z updater | 2026/05/31 14:52:34 INFO <job_1391636582> Dependency submission payload:
update-pip-graph	Run Dependabot	2026-05-31T14:52:34.2760276Z {
update-pip-graph	Run Dependabot	2026-05-31T14:52:34.2760912Z   "version": 1,
update-pip-graph	Run Dependabot	2026-05-31T14:52:34.2761231Z   "sha": "ac8e9e2ed8c88bc95396790f480da71981d0f5b5",
update-pip-graph	Run Dependabot	2026-05-31T14:52:34.2761558Z   "ref": "refs/heads/main",
update-pip-graph	Run Dependabot	2026-05-31T14:52:34.2761790Z   "job": {
update-pip-graph	Run Dependabot	2026-05-31T14:52:34.2762278Z     "correlator": "dependabot-pip-8f6c3695e521d78d3e2eb8aaf07efb944533e0a8d5e60fe12e32be8f9a470fc2",
update-pip-graph	Run Dependabot	2026-05-31T14:52:34.2762822Z     "id": "1391636582"
update-pip-graph	Run Dependabot	2026-05-31T14:52:34.2763036Z   },
update-pip-graph	Run Dependabot	2026-05-31T14:52:34.2763226Z   "detector": {
update-pip-graph	Run Dependabot	2026-05-31T14:52:34.2763438Z     "name": "dependabot",
update-pip-graph	Run Dependabot	2026-05-31T14:52:34.2763867Z     "version": "0.379.0-be763ff33d24ae49d44c6a4fa725ae4dec24cfb5",
update-pip-graph	Run Dependabot	2026-05-31T14:52:34.2764526Z     "url": "https://github.com/dependabot/dependabot-core"
update-pip-graph	Run Dependabot	2026-05-31T14:52:34.2764998Z   },
update-pip-graph	Run Dependabot	2026-05-31T14:52:34.2765237Z   "manifests": {},
update-pip-graph	Run Dependabot	2026-05-31T14:52:34.2765448Z   "metadata": {
update-pip-graph	Run Dependabot	2026-05-31T14:52:34.2765665Z     "status": "skipped",
update-pip-graph	Run Dependabot	2026-05-31T14:52:34.2765928Z     "reason": "missing manifest files",
update-pip-graph	Run Dependabot	2026-05-31T14:52:34.2766395Z     "scanned_manifest_path": "pypi::/api_projects/nlp_text_summarization_api"
update-pip-graph	Run Dependabot	2026-05-31T14:52:34.2767059Z   }
update-pip-graph	Run Dependabot	2026-05-31T14:52:34.2767250Z }
update-pip-graph	Run Dependabot	2026-05-31T14:52:34.3622823Z   proxy | 2026/05/31 14:52:34 [048] POST /update_jobs/1391636582/create_dependency_submission
update-pip-graph	Run Dependabot	2026-05-31T14:52:34.5768427Z   proxy | 2026/05/31 14:52:34 [048] 204 /update_jobs/1391636582/create_dependency_submission
update-pip-graph	Run Dependabot	2026-05-31T14:52:34.5831200Z updater | 2026/05/31 14:52:34 INFO <job_1391636582> Started process PID: 7115 with command: pyenv exec python3 /opt/python/run.py
update-pip-graph	Run Dependabot	2026-05-31T14:52:35.5186512Z updater | 2026/05/31 14:52:35 INFO <job_1391636582> Process PID: 7115 completed with status: pid 7115 exit 1
update-pip-graph	Run Dependabot	2026-05-31T14:52:35.5189040Z updater | 2026/05/31 14:52:35 INFO <job_1391636582> Total execution time: 0.94 seconds
update-pip-graph	Run Dependabot	2026-05-31T14:52:35.6093714Z   proxy | 2026/05/31 14:52:35 [050] POST /update_jobs/1391636582/record_update_job_error
update-pip-graph	Run Dependabot	2026-05-31T14:52:35.7395534Z   proxy | 2026/05/31 14:52:35 [050] 204 /update_jobs/1391636582/record_update_job_error
update-pip-graph	Run Dependabot	2026-05-31T14:52:35.7424584Z updater | 2026/05/31 14:52:35 INFO <job_1391636582> Handled error whilst processing job: dependency_file_not_evaluatable {message: "InstallationError(\"Invalid requirement: 't\\\\x00e\\\\x00n\\\\x00s\\\\x00o\\\\x00r\\\\x00f\\\\x00l\\\\x00o\\\\x00w\\\\x00>\\\\x00=\\\\x002\\\\x00.\\\\x001\\\\x005\\\\x00,\\\\x00<\\\\x002\\\\x00.\\\\x001\\\\x008\\\\x00': Expected semicolon (after name with no version specifier) or end\\n    t\\x00e\\x00n\\x00s\\x00o\\x00r\\x00f\\x00l\\x00o\\x00w\\x00>\\x00=\\x002\\x00.\\x001\\x005\\x00,\\x00<\\x002\\x00.\\x001\\x008\\x00\\n     ^ (from line 1 of dependabot_tmp_dir/requirements.txt)\")"}
update-pip-graph	Run Dependabot	2026-05-31T14:52:35.8282738Z   proxy | 2026/05/31 14:52:35 [052] POST /update_jobs/1391636582/create_dependency_submission
update-pip-graph	Run Dependabot	2026-05-31T14:52:36.0950296Z   proxy | 2026/05/31 14:52:36 [052] 204 /update_jobs/1391636582/create_dependency_submission
update-pip-graph	Run Dependabot	2026-05-31T14:52:36.0998900Z updater | 2026/05/31 14:52:36 INFO <job_1391636582> Started process PID: 7247 with command: pyenv exec python3 /opt/python/run.py
update-pip-graph	Run Dependabot	2026-05-31T14:52:37.0354982Z updater | 2026/05/31 14:52:37 INFO <job_1391636582> Process PID: 7247 completed with status: pid 7247 exit 0
update-pip-graph	Run Dependabot	2026-05-31T14:52:37.0355660Z 2026/05/31 14:52:37 INFO <job_1391636582> Total execution time: 0.94 seconds
update-pip-graph	Run Dependabot	2026-05-31T14:52:37.0405662Z updater | 2026/05/31 14:52:37 INFO <job_1391636582> Started process PID: 7379 with command: {} pyenv versions {}
update-pip-graph	Run Dependabot	2026-05-31T14:52:37.1087685Z updater | 2026/05/31 14:52:37 INFO <job_1391636582> Process PID: 7379 completed with status: pid 7379 exit 0
update-pip-graph	Run Dependabot	2026-05-31T14:52:37.1088995Z updater | 2026/05/31 14:52:37 INFO <job_1391636582> Total execution time: 0.07 seconds
update-pip-graph	Run Dependabot	2026-05-31T14:52:37.1105207Z updater | 2026/05/31 14:52:37 INFO <job_1391636582> Started process PID: 7454 with command: {} pyenv local 3.14 {}
update-pip-graph	Run Dependabot	2026-05-31T14:52:37.1470281Z updater | 2026/05/31 14:52:37 INFO <job_1391636582> Process PID: 7454 completed with status: pid 7454 exit 0
update-pip-graph	Run Dependabot	2026-05-31T14:52:37.1471516Z updater | 2026/05/31 14:52:37 INFO <job_1391636582> Total execution time: 0.04 seconds
update-pip-graph	Run Dependabot	2026-05-31T14:52:37.1490713Z updater | 2026/05/31 14:52:37 INFO <job_1391636582> Started process PID: 7498 with command: {} pyenv exec pip --version {}
update-pip-graph	Run Dependabot	2026-05-31T14:52:37.4805816Z updater | 2026/05/31 14:52:37 INFO <job_1391636582> Process PID: 7498 completed with status: pid 7498 exit 0
update-pip-graph	Run Dependabot	2026-05-31T14:52:37.4806553Z updater | 2026/05/31 14:52:37 INFO <job_1391636582> Total execution time: 0.33 seconds
update-pip-graph	Run Dependabot	2026-05-31T14:52:37.4808033Z updater | 2026/05/31 14:52:37 INFO <job_1391636582> Package manager pip, Info : pip 26.1.1 from /usr/local/.pyenv/versions/3.14.5/lib/python3.14/site-packages/pip (python 3.14)
update-pip-graph	Run Dependabot	2026-05-31T14:52:37.4808761Z 
update-pip-graph	Run Dependabot	2026-05-31T14:52:37.4816059Z updater | 2026/05/31 14:52:37 INFO <job_1391636582> Started process PID: 7628 with command: {} pyenv exec python --version {}
update-pip-graph	Run Dependabot	2026-05-31T14:52:37.5838180Z updater | 2026/05/31 14:52:37 INFO <job_1391636582> Process PID: 7628 completed with status: pid 7628 exit 0
update-pip-graph	Run Dependabot	2026-05-31T14:52:37.5839220Z 2026/05/31 14:52:37 INFO <job_1391636582> Total execution time: 0.1 seconds
update-pip-graph	Run Dependabot	2026-05-31T14:52:37.5848356Z updater | 2026/05/31 14:52:37 INFO <job_1391636582> Dependency submission payload:
update-pip-graph	Run Dependabot	2026-05-31T14:52:37.5849187Z {
update-pip-graph	Run Dependabot	2026-05-31T14:52:37.5849521Z   "version": 1,
update-pip-graph	Run Dependabot	2026-05-31T14:52:37.5849964Z   "sha": "ac8e9e2ed8c88bc95396790f480da71981d0f5b5",
update-pip-graph	Run Dependabot	2026-05-31T14:52:37.5851032Z   "ref": "refs/heads/main",
update-pip-graph	Run Dependabot	2026-05-31T14:52:37.5851413Z   "job": {
update-pip-graph	Run Dependabot	2026-05-31T14:52:37.5852135Z     "correlator": "dependabot-pip-c429f2da41e1d121890ddf4ea0186361bd0832de1a3cf958b5567266cdccdbf8",
update-pip-graph	Run Dependabot	2026-05-31T14:52:37.5853105Z     "id": "1391636582"
update-pip-graph	Run Dependabot	2026-05-31T14:52:37.5853445Z   },
update-pip-graph	Run Dependabot	2026-05-31T14:52:37.5853728Z   "detector": {
update-pip-graph	Run Dependabot	2026-05-31T14:52:37.5854052Z     "name": "dependabot",
update-pip-graph	Run Dependabot	2026-05-31T14:52:37.5854572Z     "version": "0.379.0-be763ff33d24ae49d44c6a4fa725ae4dec24cfb5",
update-pip-graph	Run Dependabot	2026-05-31T14:52:37.5855284Z     "url": "https://github.com/dependabot/dependabot-core"
update-pip-graph	Run Dependabot	2026-05-31T14:52:37.5855784Z   },
update-pip-graph	Run Dependabot	2026-05-31T14:52:37.5856080Z   "manifests": {
update-pip-graph	Run Dependabot	2026-05-31T14:52:37.5856516Z     "/machine_learning/image_classification/requirements.txt": {
update-pip-graph	Run Dependabot	2026-05-31T14:52:37.5857484Z       "name": "/machine_learning/image_classification/requirements.txt",
update-pip-graph	Run Dependabot	2026-05-31T14:52:37.5858069Z       "file": {
update-pip-graph	Run Dependabot	2026-05-31T14:52:37.5858620Z         "source_location": "machine_learning/image_classification/requirements.txt"
update-pip-graph	Run Dependabot	2026-05-31T14:52:37.5859269Z       },
update-pip-graph	Run Dependabot	2026-05-31T14:52:37.5859575Z       "metadata": {
update-pip-graph	Run Dependabot	2026-05-31T14:52:37.5859932Z         "ecosystem": "pypi",
update-pip-graph	Run Dependabot	2026-05-31T14:52:37.5860425Z         "blob_oid": "893e9dfeb65afa5e072ef28ba0e25747bf72784b"
update-pip-graph	Run Dependabot	2026-05-31T14:52:37.5860938Z       },
update-pip-graph	Run Dependabot	2026-05-31T14:52:37.5861232Z       "resolved": {
update-pip-graph	Run Dependabot	2026-05-31T14:52:37.5861564Z         "pkg:pypi/tensorflow": {
update-pip-graph	Run Dependabot	2026-05-31T14:52:37.5861949Z           "package_url": "pkg:pypi/tensorflow",
update-pip-graph	Run Dependabot	2026-05-31T14:52:37.5862401Z           "relationship": "direct",
update-pip-graph	Run Dependabot	2026-05-31T14:52:37.5862830Z           "scope": "runtime",
update-pip-graph	Run Dependabot	2026-05-31T14:52:37.5863209Z           "dependencies": []
update-pip-graph	Run Dependabot	2026-05-31T14:52:37.5863569Z         },
update-pip-graph	Run Dependabot	2026-05-31T14:52:37.5863868Z         "pkg:pypi/keras": {
update-pip-graph	Run Dependabot	2026-05-31T14:52:37.5864263Z           "package_url": "pkg:pypi/keras",
update-pip-graph	Run Dependabot	2026-05-31T14:52:37.5864703Z           "relationship": "direct",
update-pip-graph	Run Dependabot	2026-05-31T14:52:37.5865095Z           "scope": "runtime",
update-pip-graph	Run Dependabot	2026-05-31T14:52:37.5865772Z           "dependencies": []
update-pip-graph	Run Dependabot	2026-05-31T14:52:37.5866159Z         },
update-pip-graph	Run Dependabot	2026-05-31T14:52:37.5866473Z         "pkg:pypi/numpy": {
update-pip-graph	Run Dependabot	2026-05-31T14:52:37.5867141Z           "package_url": "pkg:pypi/numpy",
update-pip-graph	Run Dependabot	2026-05-31T14:52:37.5867592Z           "relationship": "direct",
update-pip-graph	Run Dependabot	2026-05-31T14:52:37.5867996Z           "scope": "runtime",
update-pip-graph	Run Dependabot	2026-05-31T14:52:37.5868368Z           "dependencies": []
update-pip-graph	Run Dependabot	2026-05-31T14:52:37.5868717Z         },
update-pip-graph	Run Dependabot	2026-05-31T14:52:37.5869035Z         "pkg:pypi/pandas": {
update-pip-graph	Run Dependabot	2026-05-31T14:52:37.5869421Z           "package_url": "pkg:pypi/pandas",
update-pip-graph	Run Dependabot	2026-05-31T14:52:37.5869895Z           "relationship": "direct",
update-pip-graph	Run Dependabot	2026-05-31T14:52:37.5870315Z           "scope": "runtime",
update-pip-graph	Run Dependabot	2026-05-31T14:52:37.5870712Z           "dependencies": []
update-pip-graph	Run Dependabot	2026-05-31T14:52:37.5871077Z         },
update-pip-graph	Run Dependabot	2026-05-31T14:52:37.5871383Z         "pkg:pypi/pillow": {
update-pip-graph	Run Dependabot	2026-05-31T14:52:37.5871790Z           "package_url": "pkg:pypi/pillow",
update-pip-graph	Run Dependabot	2026-05-31T14:52:37.5872243Z           "relationship": "direct",
update-pip-graph	Run Dependabot	2026-05-31T14:52:37.5872662Z           "scope": "runtime",
update-pip-graph	Run Dependabot	2026-05-31T14:52:37.5873052Z           "dependencies": []
update-pip-graph	Run Dependabot	2026-05-31T14:52:37.5873426Z         },
update-pip-graph	Run Dependabot	2026-05-31T14:52:37.5873773Z         "pkg:pypi/scikit-learn": {
update-pip-graph	Run Dependabot	2026-05-31T14:52:37.5874254Z           "package_url": "pkg:pypi/scikit-learn",
update-pip-graph	Run Dependabot	2026-05-31T14:52:37.5874752Z           "relationship": "direct",
update-pip-graph	Run Dependabot	2026-05-31T14:52:37.5875167Z           "scope": "runtime",
update-pip-graph	Run Dependabot	2026-05-31T14:52:37.5875541Z           "dependencies": []
update-pip-graph	Run Dependabot	2026-05-31T14:52:37.5875897Z         },
update-pip-graph	Run Dependabot	2026-05-31T14:52:37.5876213Z         "pkg:pypi/matplotlib": {
update-pip-graph	Run Dependabot	2026-05-31T14:52:37.5876952Z           "package_url": "pkg:pypi/matplotlib",
update-pip-graph	Run Dependabot	2026-05-31T14:52:37.5877463Z           "relationship": "direct",
update-pip-graph	Run Dependabot	2026-05-31T14:52:37.5877919Z           "scope": "runtime",
update-pip-graph	Run Dependabot	2026-05-31T14:52:37.5878304Z           "dependencies": []
update-pip-graph	Run Dependabot	2026-05-31T14:52:37.5878683Z         },
update-pip-graph	Run Dependabot	2026-05-31T14:52:37.5879006Z         "pkg:pypi/flask": {
update-pip-graph	Run Dependabot	2026-05-31T14:52:37.5879429Z           "package_url": "pkg:pypi/flask",
update-pip-graph	Run Dependabot	2026-05-31T14:52:37.5879910Z           "relationship": "direct",
update-pip-graph	Run Dependabot	2026-05-31T14:52:37.5880393Z           "scope": "runtime",
update-pip-graph	Run Dependabot	2026-05-31T14:52:37.5881048Z           "dependencies": []
update-pip-graph	Run Dependabot	2026-05-31T14:52:37.5881427Z         },
update-pip-graph	Run Dependabot	2026-05-31T14:52:37.5881758Z         "pkg:pypi/gunicorn": {
update-pip-graph	Run Dependabot	2026-05-31T14:52:37.5882209Z           "package_url": "pkg:pypi/gunicorn",
update-pip-graph	Run Dependabot	2026-05-31T14:52:37.5882710Z           "relationship": "direct",
update-pip-graph	Run Dependabot	2026-05-31T14:52:37.5883146Z           "scope": "runtime",
update-pip-graph	Run Dependabot	2026-05-31T14:52:37.5883540Z           "dependencies": []
update-pip-graph	Run Dependabot	2026-05-31T14:52:37.5883925Z         }
update-pip-graph	Run Dependabot	2026-05-31T14:52:37.5884219Z       }
update-pip-graph	Run Dependabot	2026-05-31T14:52:37.5884513Z     }
update-pip-graph	Run Dependabot	2026-05-31T14:52:37.5884804Z   },
update-pip-graph	Run Dependabot	2026-05-31T14:52:37.5885105Z   "metadata": {
update-pip-graph	Run Dependabot	2026-05-31T14:52:37.5885456Z     "status": "ok",
update-pip-graph	Run Dependabot	2026-05-31T14:52:37.5886080Z     "scanned_manifest_path": "pypi::/machine_learning/image_classification"
update-pip-graph	Run Dependabot	2026-05-31T14:52:37.5887005Z   }
update-pip-graph	Run Dependabot	2026-05-31T14:52:37.5887312Z }
update-pip-graph	Run Dependabot	2026-05-31T14:52:37.6352807Z   proxy | 2026/05/31 14:52:37 [054] POST /update_jobs/1391636582/create_dependency_submission
update-pip-graph	Run Dependabot	2026-05-31T14:52:37.8416372Z   proxy | 2026/05/31 14:52:37 [054] 204 /update_jobs/1391636582/create_dependency_submission
update-pip-graph	Run Dependabot	2026-05-31T14:52:37.8479441Z updater | 2026/05/31 14:52:37 INFO <job_1391636582> Started process PID: 7737 with command: pyenv exec python3 /opt/python/run.py
update-pip-graph	Run Dependabot	2026-05-31T14:52:38.8010760Z updater | 2026/05/31 14:52:38 INFO <job_1391636582> Process PID: 7737 completed with status: pid 7737 exit 0
update-pip-graph	Run Dependabot	2026-05-31T14:52:38.8012201Z 2026/05/31 14:52:38 INFO <job_1391636582> Total execution time: 0.95 seconds
update-pip-graph	Run Dependabot	2026-05-31T14:52:38.8036384Z updater | 2026/05/31 14:52:38 INFO <job_1391636582> Started process PID: 7869 with command: {} pyenv versions {}
update-pip-graph	Run Dependabot	2026-05-31T14:52:38.8711916Z updater | 2026/05/31 14:52:38 INFO <job_1391636582> Process PID: 7869 completed with status: pid 7869 exit 0
update-pip-graph	Run Dependabot	2026-05-31T14:52:38.8713035Z updater | 2026/05/31 14:52:38 INFO <job_1391636582> Total execution time: 0.07 seconds
update-pip-graph	Run Dependabot	2026-05-31T14:52:38.8729929Z updater | 2026/05/31 14:52:38 INFO <job_1391636582> Started process PID: 7944 with command: {} pyenv local 3.14 {}
update-pip-graph	Run Dependabot	2026-05-31T14:52:38.9087238Z updater | 2026/05/31 14:52:38 INFO <job_1391636582> Process PID: 7944 completed with status: pid 7944 exit 0
update-pip-graph	Run Dependabot	2026-05-31T14:52:38.9088204Z 2026/05/31 14:52:38 INFO <job_1391636582> Total execution time: 0.04 seconds
update-pip-graph	Run Dependabot	2026-05-31T14:52:38.9094137Z updater | 2026/05/31 14:52:38 INFO <job_1391636582> Started process PID: 7988 with command: {} pyenv exec pip --version {}
update-pip-graph	Run Dependabot	2026-05-31T14:52:39.2341739Z updater | 2026/05/31 14:52:39 INFO <job_1391636582> Process PID: 7988 completed with status: pid 7988 exit 0
update-pip-graph	Run Dependabot	2026-05-31T14:52:39.2342415Z 2026/05/31 14:52:39 INFO <job_1391636582> Total execution time: 0.33 seconds
update-pip-graph	Run Dependabot	2026-05-31T14:52:39.2343210Z updater | 2026/05/31 14:52:39 INFO <job_1391636582> Package manager pip, Info : pip 26.1.1 from /usr/local/.pyenv/versions/3.14.5/lib/python3.14/site-packages/pip (python 3.14)
update-pip-graph	Run Dependabot	2026-05-31T14:52:39.2343814Z 
update-pip-graph	Run Dependabot	2026-05-31T14:52:39.2350510Z updater | 2026/05/31 14:52:39 INFO <job_1391636582> Started process PID: 8118 with command: {} pyenv exec python --version {}
update-pip-graph	Run Dependabot	2026-05-31T14:52:39.3361836Z updater | 2026/05/31 14:52:39 INFO <job_1391636582> Process PID: 8118 completed with status: pid 8118 exit 0
update-pip-graph	Run Dependabot	2026-05-31T14:52:39.3363142Z updater | 2026/05/31 14:52:39 INFO <job_1391636582> Total execution time: 0.1 seconds
update-pip-graph	Run Dependabot	2026-05-31T14:52:39.3378169Z updater | 2026/05/31 14:52:39 INFO <job_1391636582> Dependency submission payload:
update-pip-graph	Run Dependabot	2026-05-31T14:52:39.3378887Z {
update-pip-graph	Run Dependabot	2026-05-31T14:52:39.3379243Z   "version": 1,
update-pip-graph	Run Dependabot	2026-05-31T14:52:39.3379643Z   "sha": "ac8e9e2ed8c88bc95396790f480da71981d0f5b5",
update-pip-graph	Run Dependabot	2026-05-31T14:52:39.3380141Z   "ref": "refs/heads/main",
update-pip-graph	Run Dependabot	2026-05-31T14:52:39.3380521Z   "job": {
update-pip-graph	Run Dependabot	2026-05-31T14:52:39.3381286Z     "correlator": "dependabot-pip-2521cf3bdccc3b05d687212a106a03684613afc60f2a11c57d883e93afb93674",
update-pip-graph	Run Dependabot	2026-05-31T14:52:39.3382176Z     "id": "1391636582"
update-pip-graph	Run Dependabot	2026-05-31T14:52:39.3382538Z   },
update-pip-graph	Run Dependabot	2026-05-31T14:52:39.3382843Z   "detector": {
update-pip-graph	Run Dependabot	2026-05-31T14:52:39.3383201Z     "name": "dependabot",
update-pip-graph	Run Dependabot	2026-05-31T14:52:39.3383757Z     "version": "0.379.0-be763ff33d24ae49d44c6a4fa725ae4dec24cfb5",
update-pip-graph	Run Dependabot	2026-05-31T14:52:39.3384662Z     "url": "https://github.com/dependabot/dependabot-core"
update-pip-graph	Run Dependabot	2026-05-31T14:52:39.3385002Z   },
update-pip-graph	Run Dependabot	2026-05-31T14:52:39.3385193Z   "manifests": {
update-pip-graph	Run Dependabot	2026-05-31T14:52:39.3385537Z     "/machine_learning/image_classification/deployment/requirements.txt": {
update-pip-graph	Run Dependabot	2026-05-31T14:52:39.3386069Z       "name": "/machine_learning/image_classification/deployment/requirements.txt",
update-pip-graph	Run Dependabot	2026-05-31T14:52:39.3386470Z       "file": {
update-pip-graph	Run Dependabot	2026-05-31T14:52:39.3387121Z         "source_location": "machine_learning/image_classification/deployment/requirements.txt"
update-pip-graph	Run Dependabot	2026-05-31T14:52:39.3387574Z       },
update-pip-graph	Run Dependabot	2026-05-31T14:52:39.3387765Z       "metadata": {
update-pip-graph	Run Dependabot	2026-05-31T14:52:39.3387984Z         "ecosystem": "pypi",
update-pip-graph	Run Dependabot	2026-05-31T14:52:39.3388293Z         "blob_oid": "9936b0d8dbbddc836f69cbb414dceb959182f769"
update-pip-graph	Run Dependabot	2026-05-31T14:52:39.3388607Z       },
update-pip-graph	Run Dependabot	2026-05-31T14:52:39.3388794Z       "resolved": {
update-pip-graph	Run Dependabot	2026-05-31T14:52:39.3389015Z         "pkg:pypi/tensorflow": {
update-pip-graph	Run Dependabot	2026-05-31T14:52:39.3389316Z           "package_url": "pkg:pypi/tensorflow",
update-pip-graph	Run Dependabot	2026-05-31T14:52:39.3389621Z           "relationship": "direct",
update-pip-graph	Run Dependabot	2026-05-31T14:52:39.3389888Z           "scope": "runtime",
update-pip-graph	Run Dependabot	2026-05-31T14:52:39.3390144Z           "dependencies": []
update-pip-graph	Run Dependabot	2026-05-31T14:52:39.3390371Z         },
update-pip-graph	Run Dependabot	2026-05-31T14:52:39.3390570Z         "pkg:pypi/numpy": {
update-pip-graph	Run Dependabot	2026-05-31T14:52:39.3390840Z           "package_url": "pkg:pypi/numpy",
update-pip-graph	Run Dependabot	2026-05-31T14:52:39.3391130Z           "relationship": "direct",
update-pip-graph	Run Dependabot	2026-05-31T14:52:39.3391408Z           "scope": "runtime",
update-pip-graph	Run Dependabot	2026-05-31T14:52:39.3391646Z           "dependencies": []
update-pip-graph	Run Dependabot	2026-05-31T14:52:39.3391869Z         },
update-pip-graph	Run Dependabot	2026-05-31T14:52:39.3392062Z         "pkg:pypi/pillow": {
update-pip-graph	Run Dependabot	2026-05-31T14:52:39.3392317Z           "package_url": "pkg:pypi/pillow",
update-pip-graph	Run Dependabot	2026-05-31T14:52:39.3392597Z           "relationship": "direct",
update-pip-graph	Run Dependabot	2026-05-31T14:52:39.3392854Z           "scope": "runtime",
update-pip-graph	Run Dependabot	2026-05-31T14:52:39.3393099Z           "dependencies": []
update-pip-graph	Run Dependabot	2026-05-31T14:52:39.3393328Z         },
update-pip-graph	Run Dependabot	2026-05-31T14:52:39.3393735Z         "pkg:pypi/flask": {
update-pip-graph	Run Dependabot	2026-05-31T14:52:39.3393982Z           "package_url": "pkg:pypi/flask",
update-pip-graph	Run Dependabot	2026-05-31T14:52:39.3394283Z           "relationship": "direct",
update-pip-graph	Run Dependabot	2026-05-31T14:52:39.3394539Z           "scope": "runtime",
update-pip-graph	Run Dependabot	2026-05-31T14:52:39.3394770Z           "dependencies": []
update-pip-graph	Run Dependabot	2026-05-31T14:52:39.3394993Z         },
update-pip-graph	Run Dependabot	2026-05-31T14:52:39.3395184Z         "pkg:pypi/gunicorn": {
update-pip-graph	Run Dependabot	2026-05-31T14:52:39.3395448Z           "package_url": "pkg:pypi/gunicorn",
update-pip-graph	Run Dependabot	2026-05-31T14:52:39.3395733Z           "relationship": "direct",
update-pip-graph	Run Dependabot	2026-05-31T14:52:39.3395990Z           "scope": "runtime",
update-pip-graph	Run Dependabot	2026-05-31T14:52:39.3396223Z           "dependencies": []
update-pip-graph	Run Dependabot	2026-05-31T14:52:39.3396443Z         }
update-pip-graph	Run Dependabot	2026-05-31T14:52:39.3396621Z       }
update-pip-graph	Run Dependabot	2026-05-31T14:52:39.3397129Z     }
update-pip-graph	Run Dependabot	2026-05-31T14:52:39.3397312Z   },
update-pip-graph	Run Dependabot	2026-05-31T14:52:39.3397492Z   "metadata": {
update-pip-graph	Run Dependabot	2026-05-31T14:52:39.3397693Z     "status": "ok",
update-pip-graph	Run Dependabot	2026-05-31T14:52:39.3398128Z     "scanned_manifest_path": "pypi::/machine_learning/image_classification/deployment"
update-pip-graph	Run Dependabot	2026-05-31T14:52:39.3398541Z   }
update-pip-graph	Run Dependabot	2026-05-31T14:52:39.3398712Z }
update-pip-graph	Run Dependabot	2026-05-31T14:52:39.3867845Z   proxy | 2026/05/31 14:52:39 [056] POST /update_jobs/1391636582/create_dependency_submission
update-pip-graph	Run Dependabot	2026-05-31T14:52:39.6201849Z   proxy | 2026/05/31 14:52:39 [056] 204 /update_jobs/1391636582/create_dependency_submission
update-pip-graph	Run Dependabot	2026-05-31T14:52:39.6247444Z updater | 2026/05/31 14:52:39 INFO <job_1391636582> Started process PID: 8227 with command: pyenv exec python3 /opt/python/run.py
update-pip-graph	Run Dependabot	2026-05-31T14:52:40.5721351Z updater | 2026/05/31 14:52:40 INFO <job_1391636582> Process PID: 8227 completed with status: pid 8227 exit 1
update-pip-graph	Run Dependabot	2026-05-31T14:52:40.5722576Z updater | 2026/05/31 14:52:40 INFO <job_1391636582> Total execution time: 0.95 seconds
update-pip-graph	Run Dependabot	2026-05-31T14:52:40.6612350Z   proxy | 2026/05/31 14:52:40 [058] POST /update_jobs/1391636582/record_update_job_error
update-pip-graph	Run Dependabot	2026-05-31T14:52:40.7498625Z   proxy | 2026/05/31 14:52:40 [058] 204 /update_jobs/1391636582/record_update_job_error
update-pip-graph	Run Dependabot	2026-05-31T14:52:40.7535977Z updater | 2026/05/31 14:52:40 INFO <job_1391636582> Handled error whilst processing job: dependency_file_not_evaluatable {message: "InstallationError(\"Invalid requirement: 'p\\\\x00a\\\\x00n\\\\x00d\\\\x00a\\\\x00s\\\\x00>\\\\x00=\\\\x002\\\\x00.\\\\x002\\\\x00': Expected semicolon (after name with no version specifier) or end\\n    p\\x00a\\x00n\\x00d\\x00a\\x00s\\x00>\\x00=\\x002\\x00.\\x002\\x00\\n     ^ (from line 1 of dependabot_tmp_dir/requirements.txt)\")"}
update-pip-graph	Run Dependabot	2026-05-31T14:52:40.8401402Z   proxy | 2026/05/31 14:52:40 [060] POST /update_jobs/1391636582/create_dependency_submission
update-pip-graph	Run Dependabot	2026-05-31T14:52:41.0410240Z   proxy | 2026/05/31 14:52:41 [060] 204 /update_jobs/1391636582/create_dependency_submission
update-pip-graph	Run Dependabot	2026-05-31T14:52:41.0474764Z updater | 2026/05/31 14:52:41 INFO <job_1391636582> Started process PID: 8359 with command: pyenv exec python3 /opt/python/run.py
update-pip-graph	Run Dependabot	2026-05-31T14:52:42.0014815Z updater | 2026/05/31 14:52:42 INFO <job_1391636582> Process PID: 8359 completed with status: pid 8359 exit 0
update-pip-graph	Run Dependabot	2026-05-31T14:52:42.0015922Z 2026/05/31 14:52:42 INFO <job_1391636582> Total execution time: 0.95 seconds
update-pip-graph	Run Dependabot	2026-05-31T14:52:42.0073912Z updater | 2026/05/31 14:52:42 INFO <job_1391636582> Started process PID: 8491 with command: {} pyenv versions {}
update-pip-graph	Run Dependabot	2026-05-31T14:52:42.0759568Z updater | 2026/05/31 14:52:42 INFO <job_1391636582> Process PID: 8491 completed with status: pid 8491 exit 0
update-pip-graph	Run Dependabot	2026-05-31T14:52:42.0769318Z updater | 2026/05/31 14:52:42 INFO <job_1391636582> Total execution time: 0.07 seconds
update-pip-graph	Run Dependabot	2026-05-31T14:52:42.0776383Z updater | 2026/05/31 14:52:42 INFO <job_1391636582> Started process PID: 8566 with command: {} pyenv local 3.14 {}
update-pip-graph	Run Dependabot	2026-05-31T14:52:42.1133336Z updater | 2026/05/31 14:52:42 INFO <job_1391636582> Process PID: 8566 completed with status: pid 8566 exit 0
update-pip-graph	Run Dependabot	2026-05-31T14:52:42.1134784Z updater | 2026/05/31 14:52:42 INFO <job_1391636582> Total execution time: 0.04 seconds
update-pip-graph	Run Dependabot	2026-05-31T14:52:42.1140413Z updater | 2026/05/31 14:52:42 INFO <job_1391636582> Started process PID: 8610 with command: {} pyenv exec pip --version {}
update-pip-graph	Run Dependabot	2026-05-31T14:52:42.4409586Z updater | 2026/05/31 14:52:42 INFO <job_1391636582> Process PID: 8610 completed with status: pid 8610 exit 0
update-pip-graph	Run Dependabot	2026-05-31T14:52:42.4410773Z updater | 2026/05/31 14:52:42 INFO <job_1391636582> Total execution time: 0.33 seconds
update-pip-graph	Run Dependabot	2026-05-31T14:52:42.4411611Z updater | 2026/05/31 14:52:42 INFO <job_1391636582> Package manager pip, Info : pip 26.1.1 from /usr/local/.pyenv/versions/3.14.5/lib/python3.14/site-packages/pip (python 3.14)
update-pip-graph	Run Dependabot	2026-05-31T14:52:42.4412615Z 
update-pip-graph	Run Dependabot	2026-05-31T14:52:42.4419134Z updater | 2026/05/31 14:52:42 INFO <job_1391636582> Started process PID: 8740 with command: {} pyenv exec python --version {}
update-pip-graph	Run Dependabot	2026-05-31T14:52:42.5435963Z updater | 2026/05/31 14:52:42 INFO <job_1391636582> Process PID: 8740 completed with status: pid 8740 exit 0
update-pip-graph	Run Dependabot	2026-05-31T14:52:42.5437049Z 2026/05/31 14:52:42 INFO <job_1391636582> Total execution time: 0.1 seconds
update-pip-graph	Run Dependabot	2026-05-31T14:52:42.5445683Z updater | 2026/05/31 14:52:42 INFO <job_1391636582> Dependency submission payload:
update-pip-graph	Run Dependabot	2026-05-31T14:52:42.5446628Z {
update-pip-graph	Run Dependabot	2026-05-31T14:52:42.5447470Z   "version": 1,
update-pip-graph	Run Dependabot	2026-05-31T14:52:42.5447970Z   "sha": "ac8e9e2ed8c88bc95396790f480da71981d0f5b5",
update-pip-graph	Run Dependabot	2026-05-31T14:52:42.5448533Z   "ref": "refs/heads/main",
update-pip-graph	Run Dependabot	2026-05-31T14:52:42.5448918Z   "job": {
update-pip-graph	Run Dependabot	2026-05-31T14:52:42.5449682Z     "correlator": "dependabot-pip-246d04afaccde15f55b54ce4b7918e593d87ef798ec16a2651b1b38f56476dc2",
update-pip-graph	Run Dependabot	2026-05-31T14:52:42.5450584Z     "id": "1391636582"
update-pip-graph	Run Dependabot	2026-05-31T14:52:42.5450933Z   },
update-pip-graph	Run Dependabot	2026-05-31T14:52:42.5451205Z   "detector": {
update-pip-graph	Run Dependabot	2026-05-31T14:52:42.5451432Z     "name": "dependabot",
update-pip-graph	Run Dependabot	2026-05-31T14:52:42.5451769Z     "version": "0.379.0-be763ff33d24ae49d44c6a4fa725ae4dec24cfb5",
update-pip-graph	Run Dependabot	2026-05-31T14:52:42.5452356Z     "url": "https://github.com/dependabot/dependabot-core"
update-pip-graph	Run Dependabot	2026-05-31T14:52:42.5452882Z   },
update-pip-graph	Run Dependabot	2026-05-31T14:52:42.5453188Z   "manifests": {
update-pip-graph	Run Dependabot	2026-05-31T14:52:42.5453657Z     "/machine_learning/sentiment_analysis_transfer_learning/requirements.txt": {
update-pip-graph	Run Dependabot	2026-05-31T14:52:42.5454231Z       "name": "/machine_learning/sentiment_analysis_transfer_learning/requirements.txt",
update-pip-graph	Run Dependabot	2026-05-31T14:52:42.5454672Z       "file": {
update-pip-graph	Run Dependabot	2026-05-31T14:52:42.5455071Z         "source_location": "machine_learning/sentiment_analysis_transfer_learning/requirements.txt"
update-pip-graph	Run Dependabot	2026-05-31T14:52:42.5455848Z       },
update-pip-graph	Run Dependabot	2026-05-31T14:52:42.5456036Z       "metadata": {
update-pip-graph	Run Dependabot	2026-05-31T14:52:42.5456265Z         "ecosystem": "pypi",
update-pip-graph	Run Dependabot	2026-05-31T14:52:42.5456581Z         "blob_oid": "4cc4f3da8094df5d12abcbbda93070b46a10701a"
update-pip-graph	Run Dependabot	2026-05-31T14:52:42.5457163Z       },
update-pip-graph	Run Dependabot	2026-05-31T14:52:42.5457357Z       "resolved": {
update-pip-graph	Run Dependabot	2026-05-31T14:52:42.5457593Z         "pkg:pypi/tensorflow": {
update-pip-graph	Run Dependabot	2026-05-31T14:52:42.5457877Z           "package_url": "pkg:pypi/tensorflow",
update-pip-graph	Run Dependabot	2026-05-31T14:52:42.5458184Z           "relationship": "direct",
update-pip-graph	Run Dependabot	2026-05-31T14:52:42.5458460Z           "scope": "runtime",
update-pip-graph	Run Dependabot	2026-05-31T14:52:42.5458710Z           "dependencies": []
update-pip-graph	Run Dependabot	2026-05-31T14:52:42.5458938Z         },
update-pip-graph	Run Dependabot	2026-05-31T14:52:42.5459137Z         "pkg:pypi/keras": {
update-pip-graph	Run Dependabot	2026-05-31T14:52:42.5459397Z           "package_url": "pkg:pypi/keras",
update-pip-graph	Run Dependabot	2026-05-31T14:52:42.5459678Z           "relationship": "direct",
update-pip-graph	Run Dependabot	2026-05-31T14:52:42.5459941Z           "scope": "runtime",
update-pip-graph	Run Dependabot	2026-05-31T14:52:42.5460190Z           "dependencies": []
update-pip-graph	Run Dependabot	2026-05-31T14:52:42.5460415Z         },
update-pip-graph	Run Dependabot	2026-05-31T14:52:42.5460618Z         "pkg:pypi/transformers": {
update-pip-graph	Run Dependabot	2026-05-31T14:52:42.5460905Z           "package_url": "pkg:pypi/transformers",
update-pip-graph	Run Dependabot	2026-05-31T14:52:42.5461217Z           "relationship": "direct",
update-pip-graph	Run Dependabot	2026-05-31T14:52:42.5461472Z           "scope": "runtime",
update-pip-graph	Run Dependabot	2026-05-31T14:52:42.5461710Z           "dependencies": []
update-pip-graph	Run Dependabot	2026-05-31T14:52:42.5461935Z         },
update-pip-graph	Run Dependabot	2026-05-31T14:52:42.5462144Z         "pkg:pypi/datasets": {
update-pip-graph	Run Dependabot	2026-05-31T14:52:42.5462411Z           "package_url": "pkg:pypi/datasets",
update-pip-graph	Run Dependabot	2026-05-31T14:52:42.5462698Z           "relationship": "direct",
update-pip-graph	Run Dependabot	2026-05-31T14:52:42.5462954Z           "scope": "runtime",
update-pip-graph	Run Dependabot	2026-05-31T14:52:42.5463195Z           "dependencies": []
update-pip-graph	Run Dependabot	2026-05-31T14:52:42.5463438Z         },
update-pip-graph	Run Dependabot	2026-05-31T14:52:42.5463656Z         "pkg:pypi/tensorflow-datasets": {
update-pip-graph	Run Dependabot	2026-05-31T14:52:42.5463992Z           "package_url": "pkg:pypi/tensorflow-datasets",
update-pip-graph	Run Dependabot	2026-05-31T14:52:42.5464482Z           "relationship": "direct",
update-pip-graph	Run Dependabot	2026-05-31T14:52:42.5464754Z           "scope": "runtime",
update-pip-graph	Run Dependabot	2026-05-31T14:52:42.5465010Z           "dependencies": []
update-pip-graph	Run Dependabot	2026-05-31T14:52:42.5465241Z         },
update-pip-graph	Run Dependabot	2026-05-31T14:52:42.5465445Z         "pkg:pypi/numpy": {
update-pip-graph	Run Dependabot	2026-05-31T14:52:42.5465701Z           "package_url": "pkg:pypi/numpy",
update-pip-graph	Run Dependabot	2026-05-31T14:52:42.5465983Z           "relationship": "direct",
update-pip-graph	Run Dependabot	2026-05-31T14:52:42.5466241Z           "scope": "runtime",
update-pip-graph	Run Dependabot	2026-05-31T14:52:42.5466479Z           "dependencies": []
update-pip-graph	Run Dependabot	2026-05-31T14:52:42.5466943Z         },
update-pip-graph	Run Dependabot	2026-05-31T14:52:42.5467292Z         "pkg:pypi/pandas": {
update-pip-graph	Run Dependabot	2026-05-31T14:52:42.5467562Z           "package_url": "pkg:pypi/pandas",
update-pip-graph	Run Dependabot	2026-05-31T14:52:42.5467849Z           "relationship": "direct",
update-pip-graph	Run Dependabot	2026-05-31T14:52:42.5468106Z           "scope": "runtime",
update-pip-graph	Run Dependabot	2026-05-31T14:52:42.5468343Z           "dependencies": []
update-pip-graph	Run Dependabot	2026-05-31T14:52:42.5468566Z         },
update-pip-graph	Run Dependabot	2026-05-31T14:52:42.5468775Z         "pkg:pypi/scikit-learn": {
update-pip-graph	Run Dependabot	2026-05-31T14:52:42.5469071Z           "package_url": "pkg:pypi/scikit-learn",
update-pip-graph	Run Dependabot	2026-05-31T14:52:42.5469373Z           "relationship": "direct",
update-pip-graph	Run Dependabot	2026-05-31T14:52:42.5469629Z           "scope": "runtime",
update-pip-graph	Run Dependabot	2026-05-31T14:52:42.5469875Z           "dependencies": []
update-pip-graph	Run Dependabot	2026-05-31T14:52:42.5470100Z         },
update-pip-graph	Run Dependabot	2026-05-31T14:52:42.5470301Z         "pkg:pypi/matplotlib": {
update-pip-graph	Run Dependabot	2026-05-31T14:52:42.5470586Z           "package_url": "pkg:pypi/matplotlib",
update-pip-graph	Run Dependabot	2026-05-31T14:52:42.5470881Z           "relationship": "direct",
update-pip-graph	Run Dependabot	2026-05-31T14:52:42.5471134Z           "scope": "runtime",
update-pip-graph	Run Dependabot	2026-05-31T14:52:42.5471383Z           "dependencies": []
update-pip-graph	Run Dependabot	2026-05-31T14:52:42.5471613Z         },
update-pip-graph	Run Dependabot	2026-05-31T14:52:42.5471809Z         "pkg:pypi/seaborn": {
update-pip-graph	Run Dependabot	2026-05-31T14:52:42.5472063Z           "package_url": "pkg:pypi/seaborn",
update-pip-graph	Run Dependabot	2026-05-31T14:52:42.5472350Z           "relationship": "direct",
update-pip-graph	Run Dependabot	2026-05-31T14:52:42.5472607Z           "scope": "runtime",
update-pip-graph	Run Dependabot	2026-05-31T14:52:42.5472845Z           "dependencies": []
update-pip-graph	Run Dependabot	2026-05-31T14:52:42.5473067Z         },
update-pip-graph	Run Dependabot	2026-05-31T14:52:42.5473273Z         "pkg:pypi/flask": {
update-pip-graph	Run Dependabot	2026-05-31T14:52:42.5473519Z           "package_url": "pkg:pypi/flask",
update-pip-graph	Run Dependabot	2026-05-31T14:52:42.5473944Z           "relationship": "direct",
update-pip-graph	Run Dependabot	2026-05-31T14:52:42.5474193Z           "scope": "runtime",
update-pip-graph	Run Dependabot	2026-05-31T14:52:42.5474434Z           "dependencies": []
update-pip-graph	Run Dependabot	2026-05-31T14:52:42.5474651Z         },
update-pip-graph	Run Dependabot	2026-05-31T14:52:42.5474848Z         "pkg:pypi/gunicorn": {
update-pip-graph	Run Dependabot	2026-05-31T14:52:42.5491714Z           "package_url": "pkg:pypi/gunicorn",
update-pip-graph	Run Dependabot	2026-05-31T14:52:42.5492190Z           "relationship": "direct",
update-pip-graph	Run Dependabot	2026-05-31T14:52:42.5492488Z           "scope": "runtime",
update-pip-graph	Run Dependabot	2026-05-31T14:52:42.5492752Z           "dependencies": []
update-pip-graph	Run Dependabot	2026-05-31T14:52:42.5492989Z         }
update-pip-graph	Run Dependabot	2026-05-31T14:52:42.5493177Z       }
update-pip-graph	Run Dependabot	2026-05-31T14:52:42.5493361Z     }
update-pip-graph	Run Dependabot	2026-05-31T14:52:42.5493552Z   },
update-pip-graph	Run Dependabot	2026-05-31T14:52:42.5493738Z   "metadata": {
update-pip-graph	Run Dependabot	2026-05-31T14:52:42.5493951Z     "status": "ok",
update-pip-graph	Run Dependabot	2026-05-31T14:52:42.5494410Z     "scanned_manifest_path": "pypi::/machine_learning/sentiment_analysis_transfer_learning"
update-pip-graph	Run Dependabot	2026-05-31T14:52:42.5494861Z   }
update-pip-graph	Run Dependabot	2026-05-31T14:52:42.5495041Z }
update-pip-graph	Run Dependabot	2026-05-31T14:52:42.5944937Z   proxy | 2026/05/31 14:52:42 [062] POST /update_jobs/1391636582/create_dependency_submission
update-pip-graph	Run Dependabot	2026-05-31T14:52:42.8103064Z   proxy | 2026/05/31 14:52:42 [062] 204 /update_jobs/1391636582/create_dependency_submission
update-pip-graph	Run Dependabot	2026-05-31T14:52:42.8148644Z updater | 2026/05/31 14:52:42 INFO <job_1391636582> Started process PID: 8849 with command: pyenv exec python3 /opt/python/run.py
update-pip-graph	Run Dependabot	2026-05-31T14:52:43.7588816Z updater | 2026/05/31 14:52:43 INFO <job_1391636582> Process PID: 8849 completed with status: pid 8849 exit 0
update-pip-graph	Run Dependabot	2026-05-31T14:52:43.7605908Z updater | 2026/05/31 14:52:43 INFO <job_1391636582> Total execution time: 0.95 seconds
update-pip-graph	Run Dependabot	2026-05-31T14:52:43.7616226Z updater | 2026/05/31 14:52:43 INFO <job_1391636582> Started process PID: 8981 with command: {} pyenv versions {}
update-pip-graph	Run Dependabot	2026-05-31T14:52:43.8297411Z updater | 2026/05/31 14:52:43 INFO <job_1391636582> Process PID: 8981 completed with status: pid 8981 exit 0
update-pip-graph	Run Dependabot	2026-05-31T14:52:43.8298288Z updater | 2026/05/31 14:52:43 INFO <job_1391636582> Total execution time: 0.07 seconds
update-pip-graph	Run Dependabot	2026-05-31T14:52:43.8313805Z updater | 2026/05/31 14:52:43 INFO <job_1391636582> Started process PID: 9056 with command: {} pyenv local 3.14 {}
update-pip-graph	Run Dependabot	2026-05-31T14:52:43.8678571Z updater | 2026/05/31 14:52:43 INFO <job_1391636582> Process PID: 9056 completed with status: pid 9056 exit 0
update-pip-graph	Run Dependabot	2026-05-31T14:52:43.8679417Z updater | 2026/05/31 14:52:43 INFO <job_1391636582> Total execution time: 0.04 seconds
update-pip-graph	Run Dependabot	2026-05-31T14:52:43.8685139Z updater | 2026/05/31 14:52:43 INFO <job_1391636582> Started process PID: 9100 with command: {} pyenv exec pip --version {}
update-pip-graph	Run Dependabot	2026-05-31T14:52:44.1998303Z updater | 2026/05/31 14:52:44 INFO <job_1391636582> Process PID: 9100 completed with status: pid 9100 exit 0
update-pip-graph	Run Dependabot	2026-05-31T14:52:44.1999246Z 2026/05/31 14:52:44 INFO <job_1391636582> Total execution time: 0.33 seconds
update-pip-graph	Run Dependabot	2026-05-31T14:52:44.2000358Z updater | 2026/05/31 14:52:44 INFO <job_1391636582> Package manager pip, Info : pip 26.1.1 from /usr/local/.pyenv/versions/3.14.5/lib/python3.14/site-packages/pip (python 3.14)
update-pip-graph	Run Dependabot	2026-05-31T14:52:44.2001104Z 
update-pip-graph	Run Dependabot	2026-05-31T14:52:44.2007749Z updater | 2026/05/31 14:52:44 INFO <job_1391636582> Started process PID: 9230 with command: {} pyenv exec python --version {}
update-pip-graph	Run Dependabot	2026-05-31T14:52:44.3022413Z updater | 2026/05/31 14:52:44 INFO <job_1391636582> Process PID: 9230 completed with status: pid 9230 exit 0
update-pip-graph	Run Dependabot	2026-05-31T14:52:44.3023107Z 2026/05/31 14:52:44 INFO <job_1391636582> Total execution time: 0.1 seconds
update-pip-graph	Run Dependabot	2026-05-31T14:52:44.3032360Z updater | 2026/05/31 14:52:44 INFO <job_1391636582> Dependency submission payload:
update-pip-graph	Run Dependabot	2026-05-31T14:52:44.3033018Z {
update-pip-graph	Run Dependabot	2026-05-31T14:52:44.3033318Z   "version": 1,
update-pip-graph	Run Dependabot	2026-05-31T14:52:44.3033740Z   "sha": "ac8e9e2ed8c88bc95396790f480da71981d0f5b5",
update-pip-graph	Run Dependabot	2026-05-31T14:52:44.3034291Z   "ref": "refs/heads/main",
update-pip-graph	Run Dependabot	2026-05-31T14:52:44.3034716Z   "job": {
update-pip-graph	Run Dependabot	2026-05-31T14:52:44.3035457Z     "correlator": "dependabot-pip-be4863e42e1b4c66d0cf4152a0360e0ab2aeef797248b938eab7c08285784bfa",
update-pip-graph	Run Dependabot	2026-05-31T14:52:44.3036349Z     "id": "1391636582"
update-pip-graph	Run Dependabot	2026-05-31T14:52:44.3037011Z   },
update-pip-graph	Run Dependabot	2026-05-31T14:52:44.3037353Z   "detector": {
update-pip-graph	Run Dependabot	2026-05-31T14:52:44.3038096Z     "name": "dependabot",
update-pip-graph	Run Dependabot	2026-05-31T14:52:44.3038602Z     "version": "0.379.0-be763ff33d24ae49d44c6a4fa725ae4dec24cfb5",
update-pip-graph	Run Dependabot	2026-05-31T14:52:44.3039333Z     "url": "https://github.com/dependabot/dependabot-core"
update-pip-graph	Run Dependabot	2026-05-31T14:52:44.3039822Z   },
update-pip-graph	Run Dependabot	2026-05-31T14:52:44.3040108Z   "manifests": {
update-pip-graph	Run Dependabot	2026-05-31T14:52:44.3040696Z     "/machine_learning/sentiment_analysis_transfer_learning/deployment/requirements.txt": {
update-pip-graph	Run Dependabot	2026-05-31T14:52:44.3041738Z       "name": "/machine_learning/sentiment_analysis_transfer_learning/deployment/requirements.txt",
update-pip-graph	Run Dependabot	2026-05-31T14:52:44.3042480Z       "file": {
update-pip-graph	Run Dependabot	2026-05-31T14:52:44.3043175Z         "source_location": "machine_learning/sentiment_analysis_transfer_learning/deployment/requirements.txt"
update-pip-graph	Run Dependabot	2026-05-31T14:52:44.3044008Z       },
update-pip-graph	Run Dependabot	2026-05-31T14:52:44.3044344Z       "metadata": {
update-pip-graph	Run Dependabot	2026-05-31T14:52:44.3044716Z         "ecosystem": "pypi",
update-pip-graph	Run Dependabot	2026-05-31T14:52:44.3045193Z         "blob_oid": "fde656c4aed6e90fd2f5328eb5bf22f94602195d"
update-pip-graph	Run Dependabot	2026-05-31T14:52:44.3045669Z       },
update-pip-graph	Run Dependabot	2026-05-31T14:52:44.3045932Z       "resolved": {
update-pip-graph	Run Dependabot	2026-05-31T14:52:44.3046260Z         "pkg:pypi/tensorflow": {
update-pip-graph	Run Dependabot	2026-05-31T14:52:44.3046981Z           "package_url": "pkg:pypi/tensorflow",
update-pip-graph	Run Dependabot	2026-05-31T14:52:44.3047469Z           "relationship": "direct",
update-pip-graph	Run Dependabot	2026-05-31T14:52:44.3047877Z           "scope": "runtime",
update-pip-graph	Run Dependabot	2026-05-31T14:52:44.3048265Z           "dependencies": []
update-pip-graph	Run Dependabot	2026-05-31T14:52:44.3048619Z         },
update-pip-graph	Run Dependabot	2026-05-31T14:52:44.3048931Z         "pkg:pypi/transformers": {
update-pip-graph	Run Dependabot	2026-05-31T14:52:44.3049379Z           "package_url": "pkg:pypi/transformers",
update-pip-graph	Run Dependabot	2026-05-31T14:52:44.3049854Z           "relationship": "direct",
update-pip-graph	Run Dependabot	2026-05-31T14:52:44.3050289Z           "scope": "runtime",
update-pip-graph	Run Dependabot	2026-05-31T14:52:44.3050688Z           "dependencies": []
update-pip-graph	Run Dependabot	2026-05-31T14:52:44.3051056Z         },
update-pip-graph	Run Dependabot	2026-05-31T14:52:44.3051361Z         "pkg:pypi/numpy": {
update-pip-graph	Run Dependabot	2026-05-31T14:52:44.3051755Z           "package_url": "pkg:pypi/numpy",
update-pip-graph	Run Dependabot	2026-05-31T14:52:44.3052197Z           "relationship": "direct",
update-pip-graph	Run Dependabot	2026-05-31T14:52:44.3052914Z           "scope": "runtime",
update-pip-graph	Run Dependabot	2026-05-31T14:52:44.3053300Z           "dependencies": []
update-pip-graph	Run Dependabot	2026-05-31T14:52:44.3053650Z         },
update-pip-graph	Run Dependabot	2026-05-31T14:52:44.3053975Z         "pkg:pypi/flask": {
update-pip-graph	Run Dependabot	2026-05-31T14:52:44.3054387Z           "package_url": "pkg:pypi/flask",
update-pip-graph	Run Dependabot	2026-05-31T14:52:44.3054833Z           "relationship": "direct",
update-pip-graph	Run Dependabot	2026-05-31T14:52:44.3055245Z           "scope": "runtime",
update-pip-graph	Run Dependabot	2026-05-31T14:52:44.3055633Z           "dependencies": []
update-pip-graph	Run Dependabot	2026-05-31T14:52:44.3055986Z         },
update-pip-graph	Run Dependabot	2026-05-31T14:52:44.3056300Z         "pkg:pypi/gunicorn": {
update-pip-graph	Run Dependabot	2026-05-31T14:52:44.3057030Z           "package_url": "pkg:pypi/gunicorn",
update-pip-graph	Run Dependabot	2026-05-31T14:52:44.3057525Z           "relationship": "direct",
update-pip-graph	Run Dependabot	2026-05-31T14:52:44.3057919Z           "scope": "runtime",
update-pip-graph	Run Dependabot	2026-05-31T14:52:44.3058319Z           "dependencies": []
update-pip-graph	Run Dependabot	2026-05-31T14:52:44.3058701Z         }
update-pip-graph	Run Dependabot	2026-05-31T14:52:44.3058988Z       }
update-pip-graph	Run Dependabot	2026-05-31T14:52:44.3059268Z     }
update-pip-graph	Run Dependabot	2026-05-31T14:52:44.3059543Z   },
update-pip-graph	Run Dependabot	2026-05-31T14:52:44.3059844Z   "metadata": {
update-pip-graph	Run Dependabot	2026-05-31T14:52:44.3060157Z     "status": "ok",
update-pip-graph	Run Dependabot	2026-05-31T14:52:44.3060935Z     "scanned_manifest_path": "pypi::/machine_learning/sentiment_analysis_transfer_learning/deployment"
update-pip-graph	Run Dependabot	2026-05-31T14:52:44.3061717Z   }
update-pip-graph	Run Dependabot	2026-05-31T14:52:44.3062024Z }
update-pip-graph	Run Dependabot	2026-05-31T14:52:44.3540725Z   proxy | 2026/05/31 14:52:44 [064] POST /update_jobs/1391636582/create_dependency_submission
update-pip-graph	Run Dependabot	2026-05-31T14:52:44.5683301Z   proxy | 2026/05/31 14:52:44 [064] 204 /update_jobs/1391636582/create_dependency_submission
update-pip-graph	Run Dependabot	2026-05-31T14:52:44.5719088Z updater | 2026/05/31 14:52:44 INFO <job_1391636582> Dependency submission payload:
update-pip-graph	Run Dependabot	2026-05-31T14:52:44.5719825Z {
update-pip-graph	Run Dependabot	2026-05-31T14:52:44.5720145Z   "version": 1,
update-pip-graph	Run Dependabot	2026-05-31T14:52:44.5720558Z   "sha": "ac8e9e2ed8c88bc95396790f480da71981d0f5b5",
update-pip-graph	Run Dependabot	2026-05-31T14:52:44.5721089Z   "ref": "refs/heads/main",
update-pip-graph	Run Dependabot	2026-05-31T14:52:44.5721497Z   "job": {
update-pip-graph	Run Dependabot	2026-05-31T14:52:44.5722210Z     "correlator": "dependabot-pip-63abf7e26562b3634355bd9a5e2e759cdd62b9089a0209c4c93827789550d14c",
update-pip-graph	Run Dependabot	2026-05-31T14:52:44.5723130Z     "id": "1391636582"
update-pip-graph	Run Dependabot	2026-05-31T14:52:44.5723493Z   },
update-pip-graph	Run Dependabot	2026-05-31T14:52:44.5724144Z   "detector": {
update-pip-graph	Run Dependabot	2026-05-31T14:52:44.5724488Z     "name": "dependabot",
update-pip-graph	Run Dependabot	2026-05-31T14:52:44.5725002Z     "version": "0.379.0-be763ff33d24ae49d44c6a4fa725ae4dec24cfb5",
update-pip-graph	Run Dependabot	2026-05-31T14:52:44.5725928Z     "url": "https://github.com/dependabot/dependabot-core"
update-pip-graph	Run Dependabot	2026-05-31T14:52:44.5726524Z   },
update-pip-graph	Run Dependabot	2026-05-31T14:52:44.5727053Z   "manifests": {},
update-pip-graph	Run Dependabot	2026-05-31T14:52:44.5727408Z   "metadata": {
update-pip-graph	Run Dependabot	2026-05-31T14:52:44.5727750Z     "status": "skipped",
update-pip-graph	Run Dependabot	2026-05-31T14:52:44.5728160Z     "reason": "missing manifest files",
update-pip-graph	Run Dependabot	2026-05-31T14:52:44.5728938Z     "scanned_manifest_path": "pypi::/ml_expert_portfolio/image_captioning_cnn_rnn_tpu"
update-pip-graph	Run Dependabot	2026-05-31T14:52:44.5729568Z   }
update-pip-graph	Run Dependabot	2026-05-31T14:52:44.5729819Z }
update-pip-graph	Run Dependabot	2026-05-31T14:52:44.6592704Z   proxy | 2026/05/31 14:52:44 [066] POST /update_jobs/1391636582/create_dependency_submission
update-pip-graph	Run Dependabot	2026-05-31T14:52:44.8699325Z   proxy | 2026/05/31 14:52:44 [066] 204 /update_jobs/1391636582/create_dependency_submission
update-pip-graph	Run Dependabot	2026-05-31T14:52:44.8759279Z updater | 2026/05/31 14:52:44 INFO <job_1391636582> Dependency submission payload:
update-pip-graph	Run Dependabot	2026-05-31T14:52:44.8759820Z {
update-pip-graph	Run Dependabot	2026-05-31T14:52:44.8760053Z   "version": 1,
update-pip-graph	Run Dependabot	2026-05-31T14:52:44.8760314Z   "sha": "ac8e9e2ed8c88bc95396790f480da71981d0f5b5",
update-pip-graph	Run Dependabot	2026-05-31T14:52:44.8760630Z   "ref": "refs/heads/main",
update-pip-graph	Run Dependabot	2026-05-31T14:52:44.8760869Z   "job": {
update-pip-graph	Run Dependabot	2026-05-31T14:52:44.8761326Z     "correlator": "dependabot-pip-5a7ee8bc00f254630b6843b367a772b1c91e436fe2aa587a1cf9c0bea07008db",
update-pip-graph	Run Dependabot	2026-05-31T14:52:44.8761853Z     "id": "1391636582"
update-pip-graph	Run Dependabot	2026-05-31T14:52:44.8762068Z   },
update-pip-graph	Run Dependabot	2026-05-31T14:52:44.8762255Z   "detector": {
update-pip-graph	Run Dependabot	2026-05-31T14:52:44.8762467Z     "name": "dependabot",
update-pip-graph	Run Dependabot	2026-05-31T14:52:44.8762795Z     "version": "0.379.0-be763ff33d24ae49d44c6a4fa725ae4dec24cfb5",
update-pip-graph	Run Dependabot	2026-05-31T14:52:44.8763224Z     "url": "https://github.com/dependabot/dependabot-core"
update-pip-graph	Run Dependabot	2026-05-31T14:52:44.8763796Z   },
update-pip-graph	Run Dependabot	2026-05-31T14:52:44.8764118Z   "manifests": {},
update-pip-graph	Run Dependabot	2026-05-31T14:52:44.8764475Z   "metadata": {
update-pip-graph	Run Dependabot	2026-05-31T14:52:44.8764957Z     "status": "skipped",
update-pip-graph	Run Dependabot	2026-05-31T14:52:44.8765217Z     "reason": "missing manifest files",
update-pip-graph	Run Dependabot	2026-05-31T14:52:44.8765877Z     "scanned_manifest_path": "pypi::/ml_expert_portfolio/image_captioning_cnn_rnn_tpu/venv/Lib/site-packages/numpy/_typing"
update-pip-graph	Run Dependabot	2026-05-31T14:52:44.8766428Z   }
update-pip-graph	Run Dependabot	2026-05-31T14:52:44.8766612Z }
update-pip-graph	Run Dependabot	2026-05-31T14:52:44.9643176Z   proxy | 2026/05/31 14:52:44 [068] POST /update_jobs/1391636582/create_dependency_submission
update-pip-graph	Run Dependabot	2026-05-31T14:52:45.1734789Z   proxy | 2026/05/31 14:52:45 [068] 204 /update_jobs/1391636582/create_dependency_submission
update-pip-graph	Run Dependabot	2026-05-31T14:52:45.1780834Z updater | 2026/05/31 14:52:45 INFO <job_1391636582> Dependency submission payload:
update-pip-graph	Run Dependabot	2026-05-31T14:52:45.1781593Z {
update-pip-graph	Run Dependabot	2026-05-31T14:52:45.1781903Z   "version": 1,
update-pip-graph	Run Dependabot	2026-05-31T14:52:45.1782310Z   "sha": "ac8e9e2ed8c88bc95396790f480da71981d0f5b5",
update-pip-graph	Run Dependabot	2026-05-31T14:52:45.1782836Z   "ref": "refs/heads/main",
update-pip-graph	Run Dependabot	2026-05-31T14:52:45.1783238Z   "job": {
update-pip-graph	Run Dependabot	2026-05-31T14:52:45.1783961Z     "correlator": "dependabot-pip-bc1a0475b0af5128311bc2c343b4419e14fa1935acbab2e2c3d660c87c977ea3",
update-pip-graph	Run Dependabot	2026-05-31T14:52:45.1784910Z     "id": "1391636582"
update-pip-graph	Run Dependabot	2026-05-31T14:52:45.1785280Z   },
update-pip-graph	Run Dependabot	2026-05-31T14:52:45.1785567Z   "detector": {
update-pip-graph	Run Dependabot	2026-05-31T14:52:45.1785893Z     "name": "dependabot",
update-pip-graph	Run Dependabot	2026-05-31T14:52:45.1786376Z     "version": "0.379.0-be763ff33d24ae49d44c6a4fa725ae4dec24cfb5",
update-pip-graph	Run Dependabot	2026-05-31T14:52:45.1787352Z     "url": "https://github.com/dependabot/dependabot-core"
update-pip-graph	Run Dependabot	2026-05-31T14:52:45.1787893Z   },
update-pip-graph	Run Dependabot	2026-05-31T14:52:45.1788193Z   "manifests": {},
update-pip-graph	Run Dependabot	2026-05-31T14:52:45.1788532Z   "metadata": {
update-pip-graph	Run Dependabot	2026-05-31T14:52:45.1788861Z     "status": "skipped",
update-pip-graph	Run Dependabot	2026-05-31T14:52:45.1789259Z     "reason": "missing manifest files",
update-pip-graph	Run Dependabot	2026-05-31T14:52:45.1790267Z     "scanned_manifest_path": "pypi::/ml_expert_portfolio/image_captioning_cnn_rnn_tpu/venv/Lib/site-packages/numpy/array_api"
update-pip-graph	Run Dependabot	2026-05-31T14:52:45.1791158Z   }
update-pip-graph	Run Dependabot	2026-05-31T14:52:45.1791425Z }
update-pip-graph	Run Dependabot	2026-05-31T14:52:45.2663748Z   proxy | 2026/05/31 14:52:45 [070] POST /update_jobs/1391636582/create_dependency_submission
update-pip-graph	Run Dependabot	2026-05-31T14:52:45.4707998Z   proxy | 2026/05/31 14:52:45 [070] 204 /update_jobs/1391636582/create_dependency_submission
update-pip-graph	Run Dependabot	2026-05-31T14:52:45.4774167Z updater | 2026/05/31 14:52:45 INFO <job_1391636582> Dependency submission payload:
update-pip-graph	Run Dependabot	2026-05-31T14:52:45.4774874Z {
update-pip-graph	Run Dependabot	2026-05-31T14:52:45.4775179Z   "version": 1,
update-pip-graph	Run Dependabot	2026-05-31T14:52:45.4775606Z   "sha": "ac8e9e2ed8c88bc95396790f480da71981d0f5b5",
update-pip-graph	Run Dependabot	2026-05-31T14:52:45.4776126Z   "ref": "refs/heads/main",
update-pip-graph	Run Dependabot	2026-05-31T14:52:45.4776509Z   "job": {
update-pip-graph	Run Dependabot	2026-05-31T14:52:45.4777466Z     "correlator": "dependabot-pip-a399a6862404acfc2c58da2585bb5af07d5899e56dda18f5fe1b4b2aa400af36",
update-pip-graph	Run Dependabot	2026-05-31T14:52:45.4778356Z     "id": "1391636582"
update-pip-graph	Run Dependabot	2026-05-31T14:52:45.4778702Z   },
update-pip-graph	Run Dependabot	2026-05-31T14:52:45.4779003Z   "detector": {
update-pip-graph	Run Dependabot	2026-05-31T14:52:45.4779358Z     "name": "dependabot",
update-pip-graph	Run Dependabot	2026-05-31T14:52:45.4779903Z     "version": "0.379.0-be763ff33d24ae49d44c6a4fa725ae4dec24cfb5",
update-pip-graph	Run Dependabot	2026-05-31T14:52:45.4780596Z     "url": "https://github.com/dependabot/dependabot-core"
update-pip-graph	Run Dependabot	2026-05-31T14:52:45.4780938Z   },
update-pip-graph	Run Dependabot	2026-05-31T14:52:45.4781154Z   "manifests": {},
update-pip-graph	Run Dependabot	2026-05-31T14:52:45.4781366Z   "metadata": {
update-pip-graph	Run Dependabot	2026-05-31T14:52:45.4781586Z     "status": "skipped",
update-pip-graph	Run Dependabot	2026-05-31T14:52:45.4781849Z     "reason": "missing manifest files",
update-pip-graph	Run Dependabot	2026-05-31T14:52:45.4782478Z     "scanned_manifest_path": "pypi::/ml_expert_portfolio/image_captioning_cnn_rnn_tpu/venv/Lib/site-packages/numpy/compat"
update-pip-graph	Run Dependabot	2026-05-31T14:52:45.4783018Z   }
update-pip-graph	Run Dependabot	2026-05-31T14:52:45.4783201Z }
update-pip-graph	Run Dependabot	2026-05-31T14:52:45.5653435Z   proxy | 2026/05/31 14:52:45 [072] POST /update_jobs/1391636582/create_dependency_submission
update-pip-graph	Run Dependabot	2026-05-31T14:52:45.7768452Z   proxy | 2026/05/31 14:52:45 [072] 204 /update_jobs/1391636582/create_dependency_submission
update-pip-graph	Run Dependabot	2026-05-31T14:52:45.7816189Z updater | 2026/05/31 14:52:45 INFO <job_1391636582> Dependency submission payload:
update-pip-graph	Run Dependabot	2026-05-31T14:52:45.7817049Z {
update-pip-graph	Run Dependabot	2026-05-31T14:52:45.7817467Z   "version": 1,
update-pip-graph	Run Dependabot	2026-05-31T14:52:45.7818025Z   "sha": "ac8e9e2ed8c88bc95396790f480da71981d0f5b5",
update-pip-graph	Run Dependabot	2026-05-31T14:52:45.7818627Z   "ref": "refs/heads/main",
update-pip-graph	Run Dependabot	2026-05-31T14:52:45.7819167Z   "job": {
update-pip-graph	Run Dependabot	2026-05-31T14:52:45.7820406Z     "correlator": "dependabot-pip-da765d7a278e3a29a37c63c3fc5aafcc709016d08a7109bbeb81f2393f13bdc3",
update-pip-graph	Run Dependabot	2026-05-31T14:52:45.7821452Z     "id": "1391636582"
update-pip-graph	Run Dependabot	2026-05-31T14:52:45.7821960Z   },
update-pip-graph	Run Dependabot	2026-05-31T14:52:45.7822389Z   "detector": {
update-pip-graph	Run Dependabot	2026-05-31T14:52:45.7822846Z     "name": "dependabot",
update-pip-graph	Run Dependabot	2026-05-31T14:52:45.7823468Z     "version": "0.379.0-be763ff33d24ae49d44c6a4fa725ae4dec24cfb5",
update-pip-graph	Run Dependabot	2026-05-31T14:52:45.7824211Z     "url": "https://github.com/dependabot/dependabot-core"
update-pip-graph	Run Dependabot	2026-05-31T14:52:45.7824738Z   },
update-pip-graph	Run Dependabot	2026-05-31T14:52:45.7825022Z   "manifests": {},
update-pip-graph	Run Dependabot	2026-05-31T14:52:45.7825236Z   "metadata": {
update-pip-graph	Run Dependabot	2026-05-31T14:52:45.7825447Z     "status": "skipped",
update-pip-graph	Run Dependabot	2026-05-31T14:52:45.7825686Z     "reason": "missing manifest files",
update-pip-graph	Run Dependabot	2026-05-31T14:52:45.7826381Z     "scanned_manifest_path": "pypi::/ml_expert_portfolio/image_captioning_cnn_rnn_tpu/venv/Lib/site-packages/numpy/core/tests/examples/cython"
update-pip-graph	Run Dependabot	2026-05-31T14:52:45.7827264Z   }
update-pip-graph	Run Dependabot	2026-05-31T14:52:45.7827446Z }
update-pip-graph	Run Dependabot	2026-05-31T14:52:45.8681774Z   proxy | 2026/05/31 14:52:45 [074] POST /update_jobs/1391636582/create_dependency_submission
update-pip-graph	Run Dependabot	2026-05-31T14:52:46.1193632Z   proxy | 2026/05/31 14:52:46 [074] 204 /update_jobs/1391636582/create_dependency_submission
update-pip-graph	Run Dependabot	2026-05-31T14:52:46.1260975Z updater | 2026/05/31 14:52:46 INFO <job_1391636582> Dependency submission payload:
update-pip-graph	Run Dependabot	2026-05-31T14:52:46.1261729Z {
update-pip-graph	Run Dependabot	2026-05-31T14:52:46.1262054Z   "version": 1,
update-pip-graph	Run Dependabot	2026-05-31T14:52:46.1262487Z   "sha": "ac8e9e2ed8c88bc95396790f480da71981d0f5b5",
update-pip-graph	Run Dependabot	2026-05-31T14:52:46.1263004Z   "ref": "refs/heads/main",
update-pip-graph	Run Dependabot	2026-05-31T14:52:46.1263388Z   "job": {
update-pip-graph	Run Dependabot	2026-05-31T14:52:46.1264161Z     "correlator": "dependabot-pip-a3c5f7fa7bb8e037c1570c6185011a6c6e3f4e2d5d525def807c3fd4b21d22d1",
update-pip-graph	Run Dependabot	2026-05-31T14:52:46.1265014Z     "id": "1391636582"
update-pip-graph	Run Dependabot	2026-05-31T14:52:46.1265386Z   },
update-pip-graph	Run Dependabot	2026-05-31T14:52:46.1265712Z   "detector": {
update-pip-graph	Run Dependabot	2026-05-31T14:52:46.1266056Z     "name": "dependabot",
update-pip-graph	Run Dependabot	2026-05-31T14:52:46.1266565Z     "version": "0.379.0-be763ff33d24ae49d44c6a4fa725ae4dec24cfb5",
update-pip-graph	Run Dependabot	2026-05-31T14:52:46.1267495Z     "url": "https://github.com/dependabot/dependabot-core"
update-pip-graph	Run Dependabot	2026-05-31T14:52:46.1268053Z   },
update-pip-graph	Run Dependabot	2026-05-31T14:52:46.1268706Z   "manifests": {},
update-pip-graph	Run Dependabot	2026-05-31T14:52:46.1269045Z   "metadata": {
update-pip-graph	Run Dependabot	2026-05-31T14:52:46.1269392Z     "status": "skipped",
update-pip-graph	Run Dependabot	2026-05-31T14:52:46.1269791Z     "reason": "missing manifest files",
update-pip-graph	Run Dependabot	2026-05-31T14:52:46.1270929Z     "scanned_manifest_path": "pypi::/ml_expert_portfolio/image_captioning_cnn_rnn_tpu/venv/Lib/site-packages/numpy/core/tests/examples/limited_api"
update-pip-graph	Run Dependabot	2026-05-31T14:52:46.1271902Z   }
update-pip-graph	Run Dependabot	2026-05-31T14:52:46.1272156Z }
update-pip-graph	Run Dependabot	2026-05-31T14:52:46.2152612Z   proxy | 2026/05/31 14:52:46 [076] POST /update_jobs/1391636582/create_dependency_submission
update-pip-graph	Run Dependabot	2026-05-31T14:52:46.4622113Z   proxy | 2026/05/31 14:52:46 [076] 204 /update_jobs/1391636582/create_dependency_submission
update-pip-graph	Run Dependabot	2026-05-31T14:52:46.4671519Z updater | 2026/05/31 14:52:46 INFO <job_1391636582> Dependency submission payload:
update-pip-graph	Run Dependabot	2026-05-31T14:52:46.4672283Z {
update-pip-graph	Run Dependabot	2026-05-31T14:52:46.4672587Z   "version": 1,
update-pip-graph	Run Dependabot	2026-05-31T14:52:46.4672994Z   "sha": "ac8e9e2ed8c88bc95396790f480da71981d0f5b5",
update-pip-graph	Run Dependabot	2026-05-31T14:52:46.4673570Z   "ref": "refs/heads/main",
update-pip-graph	Run Dependabot	2026-05-31T14:52:46.4673987Z   "job": {
update-pip-graph	Run Dependabot	2026-05-31T14:52:46.4674718Z     "correlator": "dependabot-pip-fbc1ae3f35062be84c5a1ef3df5d5cfec23e04708dfe9c80b81dd2d295959c7e",
update-pip-graph	Run Dependabot	2026-05-31T14:52:46.4675650Z     "id": "1391636582"
update-pip-graph	Run Dependabot	2026-05-31T14:52:46.4675984Z   },
update-pip-graph	Run Dependabot	2026-05-31T14:52:46.4676263Z   "detector": {
update-pip-graph	Run Dependabot	2026-05-31T14:52:46.4676592Z     "name": "dependabot",
update-pip-graph	Run Dependabot	2026-05-31T14:52:46.4677339Z     "version": "0.379.0-be763ff33d24ae49d44c6a4fa725ae4dec24cfb5",
update-pip-graph	Run Dependabot	2026-05-31T14:52:46.4678017Z     "url": "https://github.com/dependabot/dependabot-core"
update-pip-graph	Run Dependabot	2026-05-31T14:52:46.4678547Z   },
update-pip-graph	Run Dependabot	2026-05-31T14:52:46.4678846Z   "manifests": {},
update-pip-graph	Run Dependabot	2026-05-31T14:52:46.4679186Z   "metadata": {
update-pip-graph	Run Dependabot	2026-05-31T14:52:46.4679519Z     "status": "skipped",
update-pip-graph	Run Dependabot	2026-05-31T14:52:46.4679913Z     "reason": "missing manifest files",
update-pip-graph	Run Dependabot	2026-05-31T14:52:46.4680921Z     "scanned_manifest_path": "pypi::/ml_expert_portfolio/image_captioning_cnn_rnn_tpu/venv/Lib/site-packages/numpy/distutils"
update-pip-graph	Run Dependabot	2026-05-31T14:52:46.4682094Z   }
update-pip-graph	Run Dependabot	2026-05-31T14:52:46.4682380Z }
update-pip-graph	Run Dependabot	2026-05-31T14:52:46.5542545Z   proxy | 2026/05/31 14:52:46 [078] POST /update_jobs/1391636582/create_dependency_submission
update-pip-graph	Run Dependabot	2026-05-31T14:52:46.7588742Z   proxy | 2026/05/31 14:52:46 [078] 204 /update_jobs/1391636582/create_dependency_submission
update-pip-graph	Run Dependabot	2026-05-31T14:52:46.7654807Z updater | 2026/05/31 14:52:46 INFO <job_1391636582> Dependency submission payload:
update-pip-graph	Run Dependabot	2026-05-31T14:52:46.7655507Z {
update-pip-graph	Run Dependabot	2026-05-31T14:52:46.7655719Z   "version": 1,
update-pip-graph	Run Dependabot	2026-05-31T14:52:46.7655987Z   "sha": "ac8e9e2ed8c88bc95396790f480da71981d0f5b5",
update-pip-graph	Run Dependabot	2026-05-31T14:52:46.7656306Z   "ref": "refs/heads/main",
update-pip-graph	Run Dependabot	2026-05-31T14:52:46.7656542Z   "job": {
update-pip-graph	Run Dependabot	2026-05-31T14:52:46.7657232Z     "correlator": "dependabot-pip-692f19c8fd83e88cf6dc15cd9f39762e4f50f159725a1cc1f4455449bf3480c4",
update-pip-graph	Run Dependabot	2026-05-31T14:52:46.7657779Z     "id": "1391636582"
update-pip-graph	Run Dependabot	2026-05-31T14:52:46.7657998Z   },
update-pip-graph	Run Dependabot	2026-05-31T14:52:46.7658184Z   "detector": {
update-pip-graph	Run Dependabot	2026-05-31T14:52:46.7658495Z     "name": "dependabot",
update-pip-graph	Run Dependabot	2026-05-31T14:52:46.7659036Z     "version": "0.379.0-be763ff33d24ae49d44c6a4fa725ae4dec24cfb5",
update-pip-graph	Run Dependabot	2026-05-31T14:52:46.7659705Z     "url": "https://github.com/dependabot/dependabot-core"
update-pip-graph	Run Dependabot	2026-05-31T14:52:46.7660050Z   },
update-pip-graph	Run Dependabot	2026-05-31T14:52:46.7660251Z   "manifests": {},
update-pip-graph	Run Dependabot	2026-05-31T14:52:46.7660464Z   "metadata": {
update-pip-graph	Run Dependabot	2026-05-31T14:52:46.7660676Z     "status": "skipped",
update-pip-graph	Run Dependabot	2026-05-31T14:52:46.7660925Z     "reason": "missing manifest files",
update-pip-graph	Run Dependabot	2026-05-31T14:52:46.7661534Z     "scanned_manifest_path": "pypi::/ml_expert_portfolio/image_captioning_cnn_rnn_tpu/venv/Lib/site-packages/numpy/f2py"
update-pip-graph	Run Dependabot	2026-05-31T14:52:46.7662062Z   }
update-pip-graph	Run Dependabot	2026-05-31T14:52:46.7662241Z }
update-pip-graph	Run Dependabot	2026-05-31T14:52:46.8532480Z   proxy | 2026/05/31 14:52:46 [080] POST /update_jobs/1391636582/create_dependency_submission
update-pip-graph	Run Dependabot	2026-05-31T14:52:47.0937345Z   proxy | 2026/05/31 14:52:47 [080] 204 /update_jobs/1391636582/create_dependency_submission
update-pip-graph	Run Dependabot	2026-05-31T14:52:47.0983071Z updater | 2026/05/31 14:52:47 INFO <job_1391636582> Dependency submission payload:
update-pip-graph	Run Dependabot	2026-05-31T14:52:47.0983762Z {
update-pip-graph	Run Dependabot	2026-05-31T14:52:47.0984122Z   "version": 1,
update-pip-graph	Run Dependabot	2026-05-31T14:52:47.0984559Z   "sha": "ac8e9e2ed8c88bc95396790f480da71981d0f5b5",
update-pip-graph	Run Dependabot	2026-05-31T14:52:47.0985451Z   "ref": "refs/heads/main",
update-pip-graph	Run Dependabot	2026-05-31T14:52:47.0985826Z   "job": {
update-pip-graph	Run Dependabot	2026-05-31T14:52:47.0986597Z     "correlator": "dependabot-pip-61f11cb5108dec84f0c38d190e970bf54c11c420a0eb6a0be9277114c6ab0c2f",
update-pip-graph	Run Dependabot	2026-05-31T14:52:47.0987691Z     "id": "1391636582"
update-pip-graph	Run Dependabot	2026-05-31T14:52:47.0988045Z   },
update-pip-graph	Run Dependabot	2026-05-31T14:52:47.0988373Z   "detector": {
update-pip-graph	Run Dependabot	2026-05-31T14:52:47.0988751Z     "name": "dependabot",
update-pip-graph	Run Dependabot	2026-05-31T14:52:47.0989273Z     "version": "0.379.0-be763ff33d24ae49d44c6a4fa725ae4dec24cfb5",
update-pip-graph	Run Dependabot	2026-05-31T14:52:47.0989933Z     "url": "https://github.com/dependabot/dependabot-core"
update-pip-graph	Run Dependabot	2026-05-31T14:52:47.0990430Z   },
update-pip-graph	Run Dependabot	2026-05-31T14:52:47.0990732Z   "manifests": {},
update-pip-graph	Run Dependabot	2026-05-31T14:52:47.0991071Z   "metadata": {
update-pip-graph	Run Dependabot	2026-05-31T14:52:47.0991415Z     "status": "skipped",
update-pip-graph	Run Dependabot	2026-05-31T14:52:47.0991817Z     "reason": "missing manifest files",
update-pip-graph	Run Dependabot	2026-05-31T14:52:47.0992782Z     "scanned_manifest_path": "pypi::/ml_expert_portfolio/image_captioning_cnn_rnn_tpu/venv/Lib/site-packages/numpy/lib"
update-pip-graph	Run Dependabot	2026-05-31T14:52:47.0993684Z   }
update-pip-graph	Run Dependabot	2026-05-31T14:52:47.0993979Z }
update-pip-graph	Run Dependabot	2026-05-31T14:52:47.1852377Z   proxy | 2026/05/31 14:52:47 [082] POST /update_jobs/1391636582/create_dependency_submission
update-pip-graph	Run Dependabot	2026-05-31T14:52:47.4369180Z   proxy | 2026/05/31 14:52:47 [082] 204 /update_jobs/1391636582/create_dependency_submission
update-pip-graph	Run Dependabot	2026-05-31T14:52:47.4444846Z updater | 2026/05/31 14:52:47 INFO <job_1391636582> Dependency submission payload:
update-pip-graph	Run Dependabot	2026-05-31T14:52:47.4445608Z {
update-pip-graph	Run Dependabot	2026-05-31T14:52:47.4445927Z   "version": 1,
update-pip-graph	Run Dependabot	2026-05-31T14:52:47.4446351Z   "sha": "ac8e9e2ed8c88bc95396790f480da71981d0f5b5",
update-pip-graph	Run Dependabot	2026-05-31T14:52:47.4447130Z   "ref": "refs/heads/main",
update-pip-graph	Run Dependabot	2026-05-31T14:52:47.4447532Z   "job": {
update-pip-graph	Run Dependabot	2026-05-31T14:52:47.4448290Z     "correlator": "dependabot-pip-309ba0f2c84802f3db245fdfc4fbc6cd4468de53ce06c738fa5bb738098b1e6f",
update-pip-graph	Run Dependabot	2026-05-31T14:52:47.4449177Z     "id": "1391636582"
update-pip-graph	Run Dependabot	2026-05-31T14:52:47.4449554Z   },
update-pip-graph	Run Dependabot	2026-05-31T14:52:47.4449864Z   "detector": {
update-pip-graph	Run Dependabot	2026-05-31T14:52:47.4450731Z     "name": "dependabot",
update-pip-graph	Run Dependabot	2026-05-31T14:52:47.4451210Z     "version": "0.379.0-be763ff33d24ae49d44c6a4fa725ae4dec24cfb5",
update-pip-graph	Run Dependabot	2026-05-31T14:52:47.4451927Z     "url": "https://github.com/dependabot/dependabot-core"
update-pip-graph	Run Dependabot	2026-05-31T14:52:47.4452468Z   },
update-pip-graph	Run Dependabot	2026-05-31T14:52:47.4452761Z   "manifests": {},
update-pip-graph	Run Dependabot	2026-05-31T14:52:47.4453093Z   "metadata": {
update-pip-graph	Run Dependabot	2026-05-31T14:52:47.4453437Z     "status": "skipped",
update-pip-graph	Run Dependabot	2026-05-31T14:52:47.4453839Z     "reason": "missing manifest files",
update-pip-graph	Run Dependabot	2026-05-31T14:52:47.4454806Z     "scanned_manifest_path": "pypi::/ml_expert_portfolio/image_captioning_cnn_rnn_tpu/venv/Lib/site-packages/numpy/ma"
update-pip-graph	Run Dependabot	2026-05-31T14:52:47.4455630Z   }
update-pip-graph	Run Dependabot	2026-05-31T14:52:47.4455879Z }
update-pip-graph	Run Dependabot	2026-05-31T14:52:47.5353222Z   proxy | 2026/05/31 14:52:47 [084] POST /update_jobs/1391636582/create_dependency_submission
update-pip-graph	Run Dependabot	2026-05-31T14:52:47.7709805Z   proxy | 2026/05/31 14:52:47 [084] 204 /update_jobs/1391636582/create_dependency_submission
update-pip-graph	Run Dependabot	2026-05-31T14:52:47.7756259Z updater | 2026/05/31 14:52:47 INFO <job_1391636582> Dependency submission payload:
update-pip-graph	Run Dependabot	2026-05-31T14:52:47.7757224Z {
update-pip-graph	Run Dependabot	2026-05-31T14:52:47.7757516Z   "version": 1,
update-pip-graph	Run Dependabot	2026-05-31T14:52:47.7757922Z   "sha": "ac8e9e2ed8c88bc95396790f480da71981d0f5b5",
update-pip-graph	Run Dependabot	2026-05-31T14:52:47.7758436Z   "ref": "refs/heads/main",
update-pip-graph	Run Dependabot	2026-05-31T14:52:47.7758785Z   "job": {
update-pip-graph	Run Dependabot	2026-05-31T14:52:47.7759481Z     "correlator": "dependabot-pip-df081cc992595472884333b4d8a40796a36ed4d0d95584d47dd60fc5b4753cc1",
update-pip-graph	Run Dependabot	2026-05-31T14:52:47.7760300Z     "id": "1391636582"
update-pip-graph	Run Dependabot	2026-05-31T14:52:47.7760624Z   },
update-pip-graph	Run Dependabot	2026-05-31T14:52:47.7760928Z   "detector": {
update-pip-graph	Run Dependabot	2026-05-31T14:52:47.7761243Z     "name": "dependabot",
update-pip-graph	Run Dependabot	2026-05-31T14:52:47.7761742Z     "version": "0.379.0-be763ff33d24ae49d44c6a4fa725ae4dec24cfb5",
update-pip-graph	Run Dependabot	2026-05-31T14:52:47.7762411Z     "url": "https://github.com/dependabot/dependabot-core"
update-pip-graph	Run Dependabot	2026-05-31T14:52:47.7762922Z   },
update-pip-graph	Run Dependabot	2026-05-31T14:52:47.7763200Z   "manifests": {},
update-pip-graph	Run Dependabot	2026-05-31T14:52:47.7763528Z   "metadata": {
update-pip-graph	Run Dependabot	2026-05-31T14:52:47.7763857Z     "status": "skipped",
update-pip-graph	Run Dependabot	2026-05-31T14:52:47.7764255Z     "reason": "missing manifest files",
update-pip-graph	Run Dependabot	2026-05-31T14:52:47.7765285Z     "scanned_manifest_path": "pypi::/ml_expert_portfolio/image_captioning_cnn_rnn_tpu/venv/Lib/site-packages/numpy/matrixlib"
update-pip-graph	Run Dependabot	2026-05-31T14:52:47.7766582Z   }
update-pip-graph	Run Dependabot	2026-05-31T14:52:47.7767064Z }
update-pip-graph	Run Dependabot	2026-05-31T14:52:47.8684019Z   proxy | 2026/05/31 14:52:47 [086] POST /update_jobs/1391636582/create_dependency_submission
update-pip-graph	Run Dependabot	2026-05-31T14:52:48.0921089Z   proxy | 2026/05/31 14:52:48 [086] 204 /update_jobs/1391636582/create_dependency_submission
update-pip-graph	Run Dependabot	2026-05-31T14:52:48.0952437Z updater | 2026/05/31 14:52:48 INFO <job_1391636582> Dependency submission payload:
update-pip-graph	Run Dependabot	2026-05-31T14:52:48.0952878Z {
update-pip-graph	Run Dependabot	2026-05-31T14:52:48.0953066Z   "version": 1,
update-pip-graph	Run Dependabot	2026-05-31T14:52:48.0953331Z   "sha": "ac8e9e2ed8c88bc95396790f480da71981d0f5b5",
update-pip-graph	Run Dependabot	2026-05-31T14:52:48.0953653Z   "ref": "refs/heads/main",
update-pip-graph	Run Dependabot	2026-05-31T14:52:48.0953893Z   "job": {
update-pip-graph	Run Dependabot	2026-05-31T14:52:48.0954346Z     "correlator": "dependabot-pip-ee626457d756067b65306bff12be9034b1fac101e9e93e76b8c5ebcc8720a934",
update-pip-graph	Run Dependabot	2026-05-31T14:52:48.0954880Z     "id": "1391636582"
update-pip-graph	Run Dependabot	2026-05-31T14:52:48.0955117Z   },
update-pip-graph	Run Dependabot	2026-05-31T14:52:48.0955304Z   "detector": {
update-pip-graph	Run Dependabot	2026-05-31T14:52:48.0955546Z     "name": "dependabot",
update-pip-graph	Run Dependabot	2026-05-31T14:52:48.0955866Z     "version": "0.379.0-be763ff33d24ae49d44c6a4fa725ae4dec24cfb5",
update-pip-graph	Run Dependabot	2026-05-31T14:52:48.0956359Z     "url": "https://github.com/dependabot/dependabot-core"
update-pip-graph	Run Dependabot	2026-05-31T14:52:48.0957155Z   },
update-pip-graph	Run Dependabot	2026-05-31T14:52:48.0957517Z   "manifests": {},
update-pip-graph	Run Dependabot	2026-05-31T14:52:48.0957850Z   "metadata": {
update-pip-graph	Run Dependabot	2026-05-31T14:52:48.0958072Z     "status": "skipped",
update-pip-graph	Run Dependabot	2026-05-31T14:52:48.0958323Z     "reason": "missing manifest files",
update-pip-graph	Run Dependabot	2026-05-31T14:52:48.0958964Z     "scanned_manifest_path": "pypi::/ml_expert_portfolio/image_captioning_cnn_rnn_tpu/venv/Lib/site-packages/numpy/polynomial"
update-pip-graph	Run Dependabot	2026-05-31T14:52:48.0959531Z   }
update-pip-graph	Run Dependabot	2026-05-31T14:52:48.0959710Z }
update-pip-graph	Run Dependabot	2026-05-31T14:52:48.1823984Z   proxy | 2026/05/31 14:52:48 [088] POST /update_jobs/1391636582/create_dependency_submission
update-pip-graph	Run Dependabot	2026-05-31T14:52:48.3861937Z   proxy | 2026/05/31 14:52:48 [088] 204 /update_jobs/1391636582/create_dependency_submission
update-pip-graph	Run Dependabot	2026-05-31T14:52:48.3926345Z updater | 2026/05/31 14:52:48 INFO <job_1391636582> Dependency submission payload:
update-pip-graph	Run Dependabot	2026-05-31T14:52:48.3927292Z {
update-pip-graph	Run Dependabot	2026-05-31T14:52:48.3927615Z   "version": 1,
update-pip-graph	Run Dependabot	2026-05-31T14:52:48.3928063Z   "sha": "ac8e9e2ed8c88bc95396790f480da71981d0f5b5",
update-pip-graph	Run Dependabot	2026-05-31T14:52:48.3928621Z   "ref": "refs/heads/main",
update-pip-graph	Run Dependabot	2026-05-31T14:52:48.3929005Z   "job": {
update-pip-graph	Run Dependabot	2026-05-31T14:52:48.3929734Z     "correlator": "dependabot-pip-26c78e8b698f04b4c256be74b5df105ca7fcc0145d94274a640b18aa9ecce244",
update-pip-graph	Run Dependabot	2026-05-31T14:52:48.3930631Z     "id": "1391636582"
update-pip-graph	Run Dependabot	2026-05-31T14:52:48.3930967Z   },
update-pip-graph	Run Dependabot	2026-05-31T14:52:48.3931274Z   "detector": {
update-pip-graph	Run Dependabot	2026-05-31T14:52:48.3931640Z     "name": "dependabot",
update-pip-graph	Run Dependabot	2026-05-31T14:52:48.3932190Z     "version": "0.379.0-be763ff33d24ae49d44c6a4fa725ae4dec24cfb5",
update-pip-graph	Run Dependabot	2026-05-31T14:52:48.3932857Z     "url": "https://github.com/dependabot/dependabot-core"
update-pip-graph	Run Dependabot	2026-05-31T14:52:48.3933358Z   },
update-pip-graph	Run Dependabot	2026-05-31T14:52:48.3933649Z   "manifests": {},
update-pip-graph	Run Dependabot	2026-05-31T14:52:48.3933981Z   "metadata": {
update-pip-graph	Run Dependabot	2026-05-31T14:52:48.3934337Z     "status": "skipped",
update-pip-graph	Run Dependabot	2026-05-31T14:52:48.3934739Z     "reason": "missing manifest files",
update-pip-graph	Run Dependabot	2026-05-31T14:52:48.3935734Z     "scanned_manifest_path": "pypi::/ml_expert_portfolio/image_captioning_cnn_rnn_tpu/venv/Lib/site-packages/numpy/testing"
update-pip-graph	Run Dependabot	2026-05-31T14:52:48.3936898Z   }
update-pip-graph	Run Dependabot	2026-05-31T14:52:48.3937208Z }
update-pip-graph	Run Dependabot	2026-05-31T14:52:48.4813108Z   proxy | 2026/05/31 14:52:48 [090] POST /update_jobs/1391636582/create_dependency_submission
update-pip-graph	Run Dependabot	2026-05-31T14:52:48.6954658Z   proxy | 2026/05/31 14:52:48 [090] 204 /update_jobs/1391636582/create_dependency_submission
update-pip-graph	Run Dependabot	2026-05-31T14:52:48.7002328Z updater | 2026/05/31 14:52:48 INFO <job_1391636582> Dependency submission payload:
update-pip-graph	Run Dependabot	2026-05-31T14:52:48.7003091Z {
update-pip-graph	Run Dependabot	2026-05-31T14:52:48.7003402Z   "version": 1,
update-pip-graph	Run Dependabot	2026-05-31T14:52:48.7003822Z   "sha": "ac8e9e2ed8c88bc95396790f480da71981d0f5b5",
update-pip-graph	Run Dependabot	2026-05-31T14:52:48.7004344Z   "ref": "refs/heads/main",
update-pip-graph	Run Dependabot	2026-05-31T14:52:48.7004749Z   "job": {
update-pip-graph	Run Dependabot	2026-05-31T14:52:48.7005480Z     "correlator": "dependabot-pip-ed2f5ce82aca9f52d36583ce5c8e06c88ab6b22346b18e1eef616906fa6a0209",
update-pip-graph	Run Dependabot	2026-05-31T14:52:48.7006449Z     "id": "1391636582"
update-pip-graph	Run Dependabot	2026-05-31T14:52:48.7007436Z   },
update-pip-graph	Run Dependabot	2026-05-31T14:52:48.7007722Z   "detector": {
update-pip-graph	Run Dependabot	2026-05-31T14:52:48.7008057Z     "name": "dependabot",
update-pip-graph	Run Dependabot	2026-05-31T14:52:48.7008614Z     "version": "0.379.0-be763ff33d24ae49d44c6a4fa725ae4dec24cfb5",
update-pip-graph	Run Dependabot	2026-05-31T14:52:48.7009322Z     "url": "https://github.com/dependabot/dependabot-core"
update-pip-graph	Run Dependabot	2026-05-31T14:52:48.7009865Z   },
update-pip-graph	Run Dependabot	2026-05-31T14:52:48.7010166Z   "manifests": {},
update-pip-graph	Run Dependabot	2026-05-31T14:52:48.7010526Z   "metadata": {
update-pip-graph	Run Dependabot	2026-05-31T14:52:48.7010866Z     "status": "skipped",
update-pip-graph	Run Dependabot	2026-05-31T14:52:48.7011265Z     "reason": "missing manifest files",
update-pip-graph	Run Dependabot	2026-05-31T14:52:48.7012265Z     "scanned_manifest_path": "pypi::/ml_expert_portfolio/image_captioning_cnn_rnn_tpu/venv/Lib/site-packages/numpy/typing"
update-pip-graph	Run Dependabot	2026-05-31T14:52:48.7013083Z   }
update-pip-graph	Run Dependabot	2026-05-31T14:52:48.7013348Z }
update-pip-graph	Run Dependabot	2026-05-31T14:52:48.7872086Z   proxy | 2026/05/31 14:52:48 [092] POST /update_jobs/1391636582/create_dependency_submission
update-pip-graph	Run Dependabot	2026-05-31T14:52:49.0090741Z   proxy | 2026/05/31 14:52:49 [092] 204 /update_jobs/1391636582/create_dependency_submission
update-pip-graph	Run Dependabot	2026-05-31T14:52:49.0159711Z updater | 2026/05/31 14:52:49 INFO <job_1391636582> Dependency submission payload:
update-pip-graph	Run Dependabot	2026-05-31T14:52:49.0160580Z {
update-pip-graph	Run Dependabot	2026-05-31T14:52:49.0160884Z   "version": 1,
update-pip-graph	Run Dependabot	2026-05-31T14:52:49.0161218Z   "sha": "ac8e9e2ed8c88bc95396790f480da71981d0f5b5",
update-pip-graph	Run Dependabot	2026-05-31T14:52:49.0161620Z   "ref": "refs/heads/main",
update-pip-graph	Run Dependabot	2026-05-31T14:52:49.0161921Z   "job": {
update-pip-graph	Run Dependabot	2026-05-31T14:52:49.0162472Z     "correlator": "dependabot-pip-06f1ca2ebbf50ae7638022bfdaacd0c656c0e1cf3951258150a55653d0b8a250",
update-pip-graph	Run Dependabot	2026-05-31T14:52:49.0163331Z     "id": "1391636582"
update-pip-graph	Run Dependabot	2026-05-31T14:52:49.0163785Z   },
update-pip-graph	Run Dependabot	2026-05-31T14:52:49.0164178Z   "detector": {
update-pip-graph	Run Dependabot	2026-05-31T14:52:49.0164508Z     "name": "dependabot",
update-pip-graph	Run Dependabot	2026-05-31T14:52:49.0164844Z     "version": "0.379.0-be763ff33d24ae49d44c6a4fa725ae4dec24cfb5",
update-pip-graph	Run Dependabot	2026-05-31T14:52:49.0165270Z     "url": "https://github.com/dependabot/dependabot-core"
update-pip-graph	Run Dependabot	2026-05-31T14:52:49.0165599Z   },
update-pip-graph	Run Dependabot	2026-05-31T14:52:49.0165795Z   "manifests": {},
update-pip-graph	Run Dependabot	2026-05-31T14:52:49.0166306Z   "metadata": {
update-pip-graph	Run Dependabot	2026-05-31T14:52:49.0166516Z     "status": "skipped",
update-pip-graph	Run Dependabot	2026-05-31T14:52:49.0167182Z     "reason": "missing manifest files",
update-pip-graph	Run Dependabot	2026-05-31T14:52:49.0167801Z     "scanned_manifest_path": "pypi::/ml_expert_portfolio/image_captioning_cnn_rnn_tpu/venv/Lib/site-packages/pandas"
update-pip-graph	Run Dependabot	2026-05-31T14:52:49.0168339Z   }
update-pip-graph	Run Dependabot	2026-05-31T14:52:49.0168517Z }
update-pip-graph	Run Dependabot	2026-05-31T14:52:49.1042854Z   proxy | 2026/05/31 14:52:49 [094] POST /update_jobs/1391636582/create_dependency_submission
update-pip-graph	Run Dependabot	2026-05-31T14:52:49.3132679Z   proxy | 2026/05/31 14:52:49 [094] 204 /update_jobs/1391636582/create_dependency_submission
update-pip-graph	Run Dependabot	2026-05-31T14:52:49.3180831Z updater | 2026/05/31 14:52:49 INFO <job_1391636582> Dependency submission payload:
update-pip-graph	Run Dependabot	2026-05-31T14:52:49.3181643Z {
update-pip-graph	Run Dependabot	2026-05-31T14:52:49.3182015Z   "version": 1,
update-pip-graph	Run Dependabot	2026-05-31T14:52:49.3182438Z   "sha": "ac8e9e2ed8c88bc95396790f480da71981d0f5b5",
update-pip-graph	Run Dependabot	2026-05-31T14:52:49.3182954Z   "ref": "refs/heads/main",
update-pip-graph	Run Dependabot	2026-05-31T14:52:49.3183353Z   "job": {
update-pip-graph	Run Dependabot	2026-05-31T14:52:49.3184123Z     "correlator": "dependabot-pip-e84fc20bf05d776c7761f052c5017bc79b7324ae3f99faf41ce85bc014c65006",
update-pip-graph	Run Dependabot	2026-05-31T14:52:49.3184995Z     "id": "1391636582"
update-pip-graph	Run Dependabot	2026-05-31T14:52:49.3185374Z   },
update-pip-graph	Run Dependabot	2026-05-31T14:52:49.3185685Z   "detector": {
update-pip-graph	Run Dependabot	2026-05-31T14:52:49.3186015Z     "name": "dependabot",
update-pip-graph	Run Dependabot	2026-05-31T14:52:49.3186508Z     "version": "0.379.0-be763ff33d24ae49d44c6a4fa725ae4dec24cfb5",
update-pip-graph	Run Dependabot	2026-05-31T14:52:49.3187441Z     "url": "https://github.com/dependabot/dependabot-core"
update-pip-graph	Run Dependabot	2026-05-31T14:52:49.3187962Z   },
update-pip-graph	Run Dependabot	2026-05-31T14:52:49.3188269Z   "manifests": {},
update-pip-graph	Run Dependabot	2026-05-31T14:52:49.3188618Z   "metadata": {
update-pip-graph	Run Dependabot	2026-05-31T14:52:49.3188952Z     "status": "skipped",
update-pip-graph	Run Dependabot	2026-05-31T14:52:49.3189347Z     "reason": "missing manifest files",
update-pip-graph	Run Dependabot	2026-05-31T14:52:49.3190420Z     "scanned_manifest_path": "pypi::/ml_expert_portfolio/image_captioning_cnn_rnn_tpu/venv/Lib/site-packages/tensorflow/tools/pip_package"
update-pip-graph	Run Dependabot	2026-05-31T14:52:49.3191422Z   }
update-pip-graph	Run Dependabot	2026-05-31T14:52:49.3191672Z }
update-pip-graph	Run Dependabot	2026-05-31T14:52:49.4042302Z   proxy | 2026/05/31 14:52:49 [096] POST /update_jobs/1391636582/create_dependency_submission
update-pip-graph	Run Dependabot	2026-05-31T14:52:49.6413399Z   proxy | 2026/05/31 14:52:49 [096] 204 /update_jobs/1391636582/create_dependency_submission
update-pip-graph	Run Dependabot	2026-05-31T14:52:49.6482502Z updater | 2026/05/31 14:52:49 INFO <job_1391636582> Dependency submission payload:
update-pip-graph	Run Dependabot	2026-05-31T14:52:49.6483226Z {
update-pip-graph	Run Dependabot	2026-05-31T14:52:49.6483558Z   "version": 1,
update-pip-graph	Run Dependabot	2026-05-31T14:52:49.6483991Z   "sha": "ac8e9e2ed8c88bc95396790f480da71981d0f5b5",
update-pip-graph	Run Dependabot	2026-05-31T14:52:49.6484527Z   "ref": "refs/heads/main",
update-pip-graph	Run Dependabot	2026-05-31T14:52:49.6484888Z   "job": {
update-pip-graph	Run Dependabot	2026-05-31T14:52:49.6485621Z     "correlator": "dependabot-pip-f6f3fd679c0d468bb418da43d889e88989515872443e4345f035de0395ce03fd",
update-pip-graph	Run Dependabot	2026-05-31T14:52:49.6486509Z     "id": "1391636582"
update-pip-graph	Run Dependabot	2026-05-31T14:52:49.6487149Z   },
update-pip-graph	Run Dependabot	2026-05-31T14:52:49.6487440Z   "detector": {
update-pip-graph	Run Dependabot	2026-05-31T14:52:49.6487775Z     "name": "dependabot",
update-pip-graph	Run Dependabot	2026-05-31T14:52:49.6488287Z     "version": "0.379.0-be763ff33d24ae49d44c6a4fa725ae4dec24cfb5",
update-pip-graph	Run Dependabot	2026-05-31T14:52:49.6488988Z     "url": "https://github.com/dependabot/dependabot-core"
update-pip-graph	Run Dependabot	2026-05-31T14:52:49.6489547Z   },
update-pip-graph	Run Dependabot	2026-05-31T14:52:49.6489847Z   "manifests": {},
update-pip-graph	Run Dependabot	2026-05-31T14:52:49.6490205Z   "metadata": {
update-pip-graph	Run Dependabot	2026-05-31T14:52:49.6490544Z     "status": "skipped",
update-pip-graph	Run Dependabot	2026-05-31T14:52:49.6490939Z     "reason": "missing manifest files",
update-pip-graph	Run Dependabot	2026-05-31T14:52:49.6491734Z     "scanned_manifest_path": "pypi::/ml_expert_portfolio/image_classification/deployment"
update-pip-graph	Run Dependabot	2026-05-31T14:52:49.6492363Z   }
update-pip-graph	Run Dependabot	2026-05-31T14:52:49.6492609Z }
update-pip-graph	Run Dependabot	2026-05-31T14:52:49.7363695Z   proxy | 2026/05/31 14:52:49 [098] POST /update_jobs/1391636582/create_dependency_submission
update-pip-graph	Run Dependabot	2026-05-31T14:52:49.9522803Z   proxy | 2026/05/31 14:52:49 [098] 204 /update_jobs/1391636582/create_dependency_submission
update-pip-graph	Run Dependabot	2026-05-31T14:52:49.9569050Z updater | 2026/05/31 14:52:49 INFO <job_1391636582> Dependency submission payload:
update-pip-graph	Run Dependabot	2026-05-31T14:52:49.9569836Z {
update-pip-graph	Run Dependabot	2026-05-31T14:52:49.9570219Z   "version": 1,
update-pip-graph	Run Dependabot	2026-05-31T14:52:49.9570631Z   "sha": "ac8e9e2ed8c88bc95396790f480da71981d0f5b5",
update-pip-graph	Run Dependabot	2026-05-31T14:52:49.9571148Z   "ref": "refs/heads/main",
update-pip-graph	Run Dependabot	2026-05-31T14:52:49.9571924Z   "job": {
update-pip-graph	Run Dependabot	2026-05-31T14:52:49.9572637Z     "correlator": "dependabot-pip-84ae6bd197115f19e3448d63c59f21c9ef40e9bbc1d7045e3e3abd6260218d4d",
update-pip-graph	Run Dependabot	2026-05-31T14:52:49.9573568Z     "id": "1391636582"
update-pip-graph	Run Dependabot	2026-05-31T14:52:49.9573903Z   },
update-pip-graph	Run Dependabot	2026-05-31T14:52:49.9574192Z   "detector": {
update-pip-graph	Run Dependabot	2026-05-31T14:52:49.9574518Z     "name": "dependabot",
update-pip-graph	Run Dependabot	2026-05-31T14:52:49.9574993Z     "version": "0.379.0-be763ff33d24ae49d44c6a4fa725ae4dec24cfb5",
update-pip-graph	Run Dependabot	2026-05-31T14:52:49.9575671Z     "url": "https://github.com/dependabot/dependabot-core"
update-pip-graph	Run Dependabot	2026-05-31T14:52:49.9576199Z   },
update-pip-graph	Run Dependabot	2026-05-31T14:52:49.9576499Z   "manifests": {},
update-pip-graph	Run Dependabot	2026-05-31T14:52:49.9577121Z   "metadata": {
update-pip-graph	Run Dependabot	2026-05-31T14:52:49.9577466Z     "status": "skipped",
update-pip-graph	Run Dependabot	2026-05-31T14:52:49.9577864Z     "reason": "missing manifest files",
update-pip-graph	Run Dependabot	2026-05-31T14:52:49.9578878Z     "scanned_manifest_path": "pypi::/ml_expert_portfolio/predictive_maintenance"
update-pip-graph	Run Dependabot	2026-05-31T14:52:49.9579525Z   }
update-pip-graph	Run Dependabot	2026-05-31T14:52:49.9579773Z }
update-pip-graph	Run Dependabot	2026-05-31T14:52:50.0432525Z   proxy | 2026/05/31 14:52:50 [100] POST /update_jobs/1391636582/create_dependency_submission
update-pip-graph	Run Dependabot	2026-05-31T14:52:50.2494843Z   proxy | 2026/05/31 14:52:50 [100] 204 /update_jobs/1391636582/create_dependency_submission
update-pip-graph	Run Dependabot	2026-05-31T14:52:50.2561860Z updater | 2026/05/31 14:52:50 INFO <job_1391636582> Dependency submission payload:
update-pip-graph	Run Dependabot	2026-05-31T14:52:50.2562598Z {
update-pip-graph	Run Dependabot	2026-05-31T14:52:50.2562897Z   "version": 1,
update-pip-graph	Run Dependabot	2026-05-31T14:52:50.2563295Z   "sha": "ac8e9e2ed8c88bc95396790f480da71981d0f5b5",
update-pip-graph	Run Dependabot	2026-05-31T14:52:50.2563847Z   "ref": "refs/heads/main",
update-pip-graph	Run Dependabot	2026-05-31T14:52:50.2564215Z   "job": {
update-pip-graph	Run Dependabot	2026-05-31T14:52:50.2564928Z     "correlator": "dependabot-pip-18e8b72eca54037d0f3a73c550736d02ca88befffda1736d907b0d325dbddffc",
update-pip-graph	Run Dependabot	2026-05-31T14:52:50.2565844Z     "id": "1391636582"
update-pip-graph	Run Dependabot	2026-05-31T14:52:50.2566184Z   },
update-pip-graph	Run Dependabot	2026-05-31T14:52:50.2566465Z   "detector": {
update-pip-graph	Run Dependabot	2026-05-31T14:52:50.2567075Z     "name": "dependabot",
update-pip-graph	Run Dependabot	2026-05-31T14:52:50.2567560Z     "version": "0.379.0-be763ff33d24ae49d44c6a4fa725ae4dec24cfb5",
update-pip-graph	Run Dependabot	2026-05-31T14:52:50.2568252Z     "url": "https://github.com/dependabot/dependabot-core"
update-pip-graph	Run Dependabot	2026-05-31T14:52:50.2568808Z   },
update-pip-graph	Run Dependabot	2026-05-31T14:52:50.2569498Z   "manifests": {},
update-pip-graph	Run Dependabot	2026-05-31T14:52:50.2569838Z   "metadata": {
update-pip-graph	Run Dependabot	2026-05-31T14:52:50.2570174Z     "status": "skipped",
update-pip-graph	Run Dependabot	2026-05-31T14:52:50.2570572Z     "reason": "missing manifest files",
update-pip-graph	Run Dependabot	2026-05-31T14:52:50.2571581Z     "scanned_manifest_path": "pypi::/ml_expert_portfolio/sentiment_analysis_transfer_learning/deployment"
update-pip-graph	Run Dependabot	2026-05-31T14:52:50.2572265Z   }
update-pip-graph	Run Dependabot	2026-05-31T14:52:50.2572542Z }
update-pip-graph	Run Dependabot	2026-05-31T14:52:50.3443226Z   proxy | 2026/05/31 14:52:50 [102] POST /update_jobs/1391636582/create_dependency_submission
update-pip-graph	Run Dependabot	2026-05-31T14:52:50.5558091Z   proxy | 2026/05/31 14:52:50 [102] 204 /update_jobs/1391636582/create_dependency_submission
update-pip-graph	Run Dependabot	2026-05-31T14:52:50.5606391Z updater | 2026/05/31 14:52:50 INFO <job_1391636582> Started process PID: 9339 with command: pyenv exec python3 /opt/python/run.py
update-pip-graph	Run Dependabot	2026-05-31T14:52:51.5180943Z updater | 2026/05/31 14:52:51 INFO <job_1391636582> Process PID: 9339 completed with status: pid 9339 exit 0
update-pip-graph	Run Dependabot	2026-05-31T14:52:51.5181634Z 2026/05/31 14:52:51 INFO <job_1391636582> Total execution time: 0.96 seconds
update-pip-graph	Run Dependabot	2026-05-31T14:52:51.5194741Z updater | 2026/05/31 14:52:51 INFO <job_1391636582> Started process PID: 9471 with command: {} pyenv versions {}
update-pip-graph	Run Dependabot	2026-05-31T14:52:51.5891810Z updater | 2026/05/31 14:52:51 INFO <job_1391636582> Process PID: 9471 completed with status: pid 9471 exit 0
update-pip-graph	Run Dependabot	2026-05-31T14:52:51.5892912Z 2026/05/31 14:52:51 INFO <job_1391636582> Total execution time: 0.07 seconds
update-pip-graph	Run Dependabot	2026-05-31T14:52:51.5909927Z updater | 2026/05/31 14:52:51 INFO <job_1391636582> Started process PID: 9546 with command: {} pyenv local 3.14 {}
update-pip-graph	Run Dependabot	2026-05-31T14:52:51.6273765Z updater | 2026/05/31 14:52:51 INFO <job_1391636582> Process PID: 9546 completed with status: pid 9546 exit 0
update-pip-graph	Run Dependabot	2026-05-31T14:52:51.6274459Z updater | 2026/05/31 14:52:51 INFO <job_1391636582> Total execution time: 0.04 seconds
update-pip-graph	Run Dependabot	2026-05-31T14:52:51.6286544Z updater | 2026/05/31 14:52:51 INFO <job_1391636582> Started process PID: 9590 with command: {} pyenv exec pip --version {}
update-pip-graph	Run Dependabot	2026-05-31T14:52:51.9648462Z updater | 2026/05/31 14:52:51 INFO <job_1391636582> Process PID: 9590 completed with status: pid 9590 exit 0
update-pip-graph	Run Dependabot	2026-05-31T14:52:51.9649522Z updater | 2026/05/31 14:52:51 INFO <job_1391636582> Total execution time: 0.34 seconds
update-pip-graph	Run Dependabot	2026-05-31T14:52:51.9650902Z updater | 2026/05/31 14:52:51 INFO <job_1391636582> Package manager pip, Info : pip 26.1.1 from /usr/local/.pyenv/versions/3.14.5/lib/python3.14/site-packages/pip (python 3.14)
update-pip-graph	Run Dependabot	2026-05-31T14:52:51.9651860Z 
update-pip-graph	Run Dependabot	2026-05-31T14:52:51.9659108Z updater | 2026/05/31 14:52:51 INFO <job_1391636582> Started process PID: 9720 with command: {} pyenv exec python --version {}
update-pip-graph	Run Dependabot	2026-05-31T14:52:52.0680580Z updater | 2026/05/31 14:52:52 INFO <job_1391636582> Process PID: 9720 completed with status: pid 9720 exit 0
update-pip-graph	Run Dependabot	2026-05-31T14:52:52.0681466Z updater | 2026/05/31 14:52:52 INFO <job_1391636582> Total execution time: 0.1 seconds
update-pip-graph	Run Dependabot	2026-05-31T14:52:52.0688905Z updater | 2026/05/31 14:52:52 INFO <job_1391636582> Dependency submission payload:
update-pip-graph	Run Dependabot	2026-05-31T14:52:52.0689813Z {
update-pip-graph	Run Dependabot	2026-05-31T14:52:52.0690327Z   "version": 1,
update-pip-graph	Run Dependabot	2026-05-31T14:52:52.0690808Z   "sha": "ac8e9e2ed8c88bc95396790f480da71981d0f5b5",
update-pip-graph	Run Dependabot	2026-05-31T14:52:52.0691352Z   "ref": "refs/heads/main",
update-pip-graph	Run Dependabot	2026-05-31T14:52:52.0691621Z   "job": {
update-pip-graph	Run Dependabot	2026-05-31T14:52:52.0692072Z     "correlator": "dependabot-pip-324fffae20ca03b11e7304c0e352828cd60efce6b131657820d95a6596e4ee15",
update-pip-graph	Run Dependabot	2026-05-31T14:52:52.0692582Z     "id": "1391636582"
update-pip-graph	Run Dependabot	2026-05-31T14:52:52.0692802Z   },
update-pip-graph	Run Dependabot	2026-05-31T14:52:52.0692989Z   "detector": {
update-pip-graph	Run Dependabot	2026-05-31T14:52:52.0693209Z     "name": "dependabot",
update-pip-graph	Run Dependabot	2026-05-31T14:52:52.0693534Z     "version": "0.379.0-be763ff33d24ae49d44c6a4fa725ae4dec24cfb5",
update-pip-graph	Run Dependabot	2026-05-31T14:52:52.0693978Z     "url": "https://github.com/dependabot/dependabot-core"
update-pip-graph	Run Dependabot	2026-05-31T14:52:52.0694314Z   },
update-pip-graph	Run Dependabot	2026-05-31T14:52:52.0694601Z   "manifests": {
update-pip-graph	Run Dependabot	2026-05-31T14:52:52.0695174Z     "/network_security/sse_coexistence_testing/sse_simulation/requirements.txt": {
update-pip-graph	Run Dependabot	2026-05-31T14:52:52.0696090Z       "name": "/network_security/sse_coexistence_testing/sse_simulation/requirements.txt",
update-pip-graph	Run Dependabot	2026-05-31T14:52:52.0696540Z       "file": {
update-pip-graph	Run Dependabot	2026-05-31T14:52:52.0697572Z         "source_location": "network_security/sse_coexistence_testing/sse_simulation/requirements.txt"
update-pip-graph	Run Dependabot	2026-05-31T14:52:52.0698036Z       },
update-pip-graph	Run Dependabot	2026-05-31T14:52:52.0698231Z       "metadata": {
update-pip-graph	Run Dependabot	2026-05-31T14:52:52.0698461Z         "ecosystem": "pypi",
update-pip-graph	Run Dependabot	2026-05-31T14:52:52.0698768Z         "blob_oid": "6ecf62066b006f055be7a3f80862a9a2a6e0b8fe"
update-pip-graph	Run Dependabot	2026-05-31T14:52:52.0699076Z       },
update-pip-graph	Run Dependabot	2026-05-31T14:52:52.0699261Z       "resolved": {
update-pip-graph	Run Dependabot	2026-05-31T14:52:52.0699479Z         "pkg:pypi/httpx": {
update-pip-graph	Run Dependabot	2026-05-31T14:52:52.0699744Z           "package_url": "pkg:pypi/httpx",
update-pip-graph	Run Dependabot	2026-05-31T14:52:52.0700035Z           "relationship": "direct",
update-pip-graph	Run Dependabot	2026-05-31T14:52:52.0700300Z           "scope": "runtime",
update-pip-graph	Run Dependabot	2026-05-31T14:52:52.0700551Z           "dependencies": []
update-pip-graph	Run Dependabot	2026-05-31T14:52:52.0700777Z         }
update-pip-graph	Run Dependabot	2026-05-31T14:52:52.0700962Z       }
update-pip-graph	Run Dependabot	2026-05-31T14:52:52.0701139Z     }
update-pip-graph	Run Dependabot	2026-05-31T14:52:52.0701325Z   },
update-pip-graph	Run Dependabot	2026-05-31T14:52:52.0701517Z   "metadata": {
update-pip-graph	Run Dependabot	2026-05-31T14:52:52.0701722Z     "status": "ok",
update-pip-graph	Run Dependabot	2026-05-31T14:52:52.0702505Z     "scanned_manifest_path": "pypi::/network_security/sse_coexistence_testing/sse_simulation"
update-pip-graph	Run Dependabot	2026-05-31T14:52:52.0710471Z   }
update-pip-graph	Run Dependabot	2026-05-31T14:52:52.0710820Z }
update-pip-graph	Run Dependabot	2026-05-31T14:52:52.1594136Z   proxy | 2026/05/31 14:52:52 [104] POST /update_jobs/1391636582/create_dependency_submission
update-pip-graph	Run Dependabot	2026-05-31T14:52:52.4201913Z   proxy | 2026/05/31 14:52:52 [104] 204 /update_jobs/1391636582/create_dependency_submission
update-pip-graph	Run Dependabot	2026-05-31T14:52:52.5112918Z   proxy | 2026/05/31 14:52:52 [106] PATCH /update_jobs/1391636582/mark_as_processed
update-pip-graph	Run Dependabot	2026-05-31T14:52:52.6264809Z   proxy | 2026/05/31 14:52:52 [106] 204 /update_jobs/1391636582/mark_as_processed
update-pip-graph	Run Dependabot	2026-05-31T14:52:52.6314161Z updater | 2026/05/31 14:52:52 INFO <job_1391636582> Finished job processing
update-pip-graph	Run Dependabot	2026-05-31T14:52:52.6324401Z updater | 2026/05/31 14:52:52 INFO Results:
update-pip-graph	Run Dependabot	2026-05-31T14:52:52.6325050Z Dependabot encountered '2' error(s) during execution, please check the logs for more details.
update-pip-graph	Run Dependabot	2026-05-31T14:52:52.6327250Z +------------------------------------------------------------------------------------------------------------------------------------------------------------------------------------------------------------------------------------------------------------------------------------------------------------------------------------------------------------------------------------------------------------------------------------------------------------------------------------------------------------------------------------------------------------+
update-pip-graph	Run Dependabot	2026-05-31T14:52:52.6329561Z |                                                                                                                                                                                                                                                                           Errors                                                                                                                                                                                                                                                                           |
update-pip-graph	Run Dependabot	2026-05-31T14:52:52.6331683Z +---------------------------------+--------------------------------------------------------------------------------------------------------------------------------------------------------------------------------------------------------------------------------------------------------------------------------------------------------------------------------------------------------------------------------------------------------------------------------------------------------------------------------------------------------------------------+
update-pip-graph	Run Dependabot	2026-05-31T14:52:52.6333810Z | Type                            | Details                                                                                                                                                                                                                                                                                                                                                                                                                                                                                                                  |
update-pip-graph	Run Dependabot	2026-05-31T14:52:52.6336069Z +---------------------------------+--------------------------------------------------------------------------------------------------------------------------------------------------------------------------------------------------------------------------------------------------------------------------------------------------------------------------------------------------------------------------------------------------------------------------------------------------------------------------------------------------------------------------+
update-pip-graph	Run Dependabot	2026-05-31T14:52:52.6338362Z | dependency_file_not_evaluatable | {                                                                                                                                                                                                                                                                                                                                                                                                                                                                                                                        |
update-pip-graph	Run Dependabot	2026-05-31T14:52:52.6340709Z |                                 |   "message": "InstallationError(\"Invalid requirement: 't\\\\x00e\\\\x00n\\\\x00s\\\\x00o\\\\x00r\\\\x00f\\\\x00l\\\\x00o\\\\x00w\\\\x00>\\\\x00=\\\\x002\\\\x00.\\\\x001\\\\x005\\\\x00,\\\\x00<\\\\x002\\\\x00.\\\\x001\\\\x008\\\\x00': Expected semicolon (after name with no version specifier) or end\\n    t\\x00e\\x00n\\x00s\\x00o\\x00r\\x00f\\x00l\\x00o\\x00w\\x00>\\x00=\\x002\\x00.\\x001\\x005\\x00,\\x00<\\x002\\x00.\\x001\\x008\\x00\\n     ^ (from line 1 of dependabot_tmp_dir/requirements.txt)\")" |
update-pip-graph	Run Dependabot	2026-05-31T14:52:52.6343021Z |                                 | }                                                                                                                                                                                                                                                                                                                                                                                                                                                                                                                        |
update-pip-graph	Run Dependabot	2026-05-31T14:52:52.6344949Z | dependency_file_not_evaluatable | {                                                                                                                                                                                                                                                                                                                                                                                                                                                                                                                        |
update-pip-graph	Run Dependabot	2026-05-31T14:52:52.6347494Z |                                 |   "message": "InstallationError(\"Invalid requirement: 'p\\\\x00a\\\\x00n\\\\x00d\\\\x00a\\\\x00s\\\\x00>\\\\x00=\\\\x002\\\\x00.\\\\x002\\\\x00': Expected semicolon (after name with no version specifier) or end\\n    p\\x00a\\x00n\\x00d\\x00a\\x00s\\x00>\\x00=\\x002\\x00.\\x002\\x00\\n     ^ (from line 1 of dependabot_tmp_dir/requirements.txt)\")"                                                                                                                                                           |
update-pip-graph	Run Dependabot	2026-05-31T14:52:52.6349703Z |                                 | }                                                                                                                                                                                                                                                                                                                                                                                                                                                                                                                        |
update-pip-graph	Run Dependabot	2026-05-31T14:52:52.6351945Z +---------------------------------+--------------------------------------------------------------------------------------------------------------------------------------------------------------------------------------------------------------------------------------------------------------------------------------------------------------------------------------------------------------------------------------------------------------------------------------------------------------------------------------------------------------------------+
update-pip-graph	Run Dependabot	2026-05-31T14:52:52.7549716Z Failure running container 55eedba4fc1ff2b735f3d26e967c49c31d5ce83ca0afb1d9fbd60e86632a7ff6: Error: Command failed with exit code 1: /bin/sh -c $DEPENDABOT_HOME/dependabot-updater/bin/run update_graph
update-pip-graph	Run Dependabot	2026-05-31T14:52:52.9152849Z Cleaned up container 55eedba4fc1ff2b735f3d26e967c49c31d5ce83ca0afb1d9fbd60e86632a7ff6
update-pip-graph	Run Dependabot	2026-05-31T14:52:52.9265862Z   proxy | 2026/05/31 14:52:52 12/53 calls cached (22%)
update-pip-graph	Run Dependabot	2026-05-31T14:52:52.9267091Z 2026/05/31 14:52:52 Posting metrics to remote API endpoint
update-pip-graph	Run Dependabot	2026-05-31T14:52:53.5895237Z ##[error]Dependabot encountered an error performing the update
update-pip-graph	Run Dependabot	
update-pip-graph	Run Dependabot	Error: The updater encountered one or more errors.
update-pip-graph	Run Dependabot	
update-pip-graph	Run Dependabot	For more information see: https://github.com/lmdixon23/my_dev_projects/network/updates/1391636582 (write access to the repository is required to view the log)
update-pip-graph	Run Dependabot	2026-05-31T14:52:53.5903894Z ≡ƒñû ~ finished: error reported to Dependabot ~
